       ..;,; .,;,.        chiplux@chiplux-ThinkBook
    .,lool: .ooooo,       -------------------------
   ;oo;:    .coool.       OS: Ubuntu 25.10 x86_64
 ....         ''' ,l;     Host: 21A2 (ThinkBook 14 G3 ACL)
:oooo,            'oo.    Kernel: Linux 6.17.0-14-generic
looooc            :oo'    Uptime: 7 hours, 13 mins
 '::'             ,oo:    Packages: 2060 (dpkg), 6 (flatpak), 20 (snap), 32 (brew)
   ,.,       .... co,     Shell: zsh 5.9
    lo:;.   :oooo; .      Display (CMN14D4): 1920x1080 @ 60 Hz in 14" [Built-in]
     ':ooo; cooooc        DE: GNOME 49.0
        '''  ''''         WM: Mutter (Wayland)
                          WM Theme: Yaru-olive-dark
                          Theme: Yaru-olive-dark [GTK2/3/4]
                          Icons: Yaru-olive-dark [GTK2/3/4]
                          Font: Ubuntu Sans (11pt) [GTK2/3/4]
                          Cursor: Yaru (24px)
                          Terminal: Ptyxis 49.1
                          Terminal Font: Monospace (11pt)
                          CPU: AMD Ryzen 7 5700U (16) @ 4.37 GHz
                          GPU: AMD Lucienne [Integrated]
                          Memory: 5.57 GiB / 18.85 GiB (30%)
                          Swap: 0 B / 8.00 GiB (0%)
                          Disk (/): 403.18 GiB / 465.41 GiB (87%) - ext4
                          Local IP (wlp4s0): 192.168.100.252/24
                          Battery (0x4C 0x31 0x39 0x44 0x33 0x50 0x44 0x41): 100% [AC Connected]
                          Locale: en_US.UTF-8



~/.ssh                                                                                                                                                                                                  01:55:55
❯ ls -lah
total 36K
drwx------  2 chiplux chiplux 4.0K Feb 16 01:55 .
drwxr-x--- 58 chiplux chiplux 4.0K Feb 16 01:55 ..
-rw-------  1 chiplux chiplux    0 Aug 23 15:52 authorized_keys
-rw-rw-r--  1 chiplux chiplux 1.7K Feb 16 01:55 candidate.pem
-rw-------  1 chiplux chiplux  419 Sep 14 17:29 id_ed25519
-rw-r--r--  1 chiplux chiplux  107 Sep 14 17:29 id_ed25519.pub
-rw-------  1 chiplux chiplux 6.7K Dec 13 13:53 known_hosts
-rw-------  1 chiplux chiplux 5.9K Dec 13 13:53 known_hosts.old

~/.ssh                                                                                                                                                                                                  01:55:59
❯ chmod 600 candidate.pem

~/.ssh                                                                                                                                                                                                  01:56:11
❯ ssh ubuntu@98.94.173.118
The authenticity of host '98.94.173.118 (98.94.173.118)' can't be established.
ED25519 key fingerprint is SHA256:c5tXbEW+R0BXP15HYRsCbQXFsZ57ejqOwwhbVOhtW6k.
This key is not known by any other names.
Are you sure you want to continue connecting (yes/no/[fingerprint])? yes
Warning: Permanently added '98.94.173.118' (ED25519) to the list of known hosts.
ubuntu@98.94.173.118: Permission denied (publickey).

~/.ssh                                                                                                                                                                                                  02:00:33
❯ ssh ubuntu@98.94.173.118 -i ~/.ssh/candidate.pem
Welcome to Ubuntu 24.04.3 LTS (GNU/Linux 6.14.0-1018-aws x86_64)

 * Documentation:  https://help.ubuntu.com
 * Management:     https://landscape.canonical.com
 * Support:        https://ubuntu.com/pro

 System information as of Sun Feb 15 19:01:08 UTC 2026

  System load:  0.0               Temperature:           -273.1 C
  Usage of /:   59.3% of 6.71GB   Processes:             116
  Memory usage: 13%               Users logged in:       0
  Swap usage:   0%                IPv4 address for ens5: 10.0.6.115

 * Ubuntu Pro delivers the most comprehensive open source security and
   compliance features.

   https://ubuntu.com/aws/pro

Expanded Security Maintenance for Applications is not enabled.

76 updates can be applied immediately.
38 of these updates are standard security updates.
To see these additional updates run: apt list --upgradable

Enable ESM Apps to receive additional future security updates.
See https://ubuntu.com/esm or run: sudo pro status


The list of available updates is more than a week old.
To check for new updates run: sudo apt update

Last login: Sun Feb  8 16:23:54 2026 from 125.166.0.199
ubuntu@ip-10-0-6-115:~$ ls -lah
total 56K
drwxr-x--- 9 ubuntu ubuntu 4.0K Feb  8 16:24 .
drwxr-xr-x 3 root   root   4.0K Feb  5 07:25 ..
-rw------- 1 ubuntu ubuntu    0 Feb  8 16:24 .bash_history
-rw-r--r-- 1 ubuntu ubuntu  220 Mar 31  2024 .bash_logout
-rw-r--r-- 1 ubuntu ubuntu 4.2K Feb  8 16:22 .bashrc
drwx------ 2 ubuntu ubuntu 4.0K Feb  5 07:25 .cache
drwx------ 3 ubuntu ubuntu 4.0K Feb  5 07:30 .docker
-rw------- 1 ubuntu ubuntu   20 Feb  8 16:07 .lesshst
drwxrwxr-x 3 ubuntu ubuntu 4.0K Feb  5 07:29 .local
drwxrwxr-x 4 ubuntu ubuntu 4.0K Feb  5 07:36 .npm
drwxrwxr-x 8 ubuntu ubuntu 4.0K Feb  5 07:36 .nvm
-rw-r--r-- 1 ubuntu ubuntu  807 Mar 31  2024 .profile
drwx------ 2 ubuntu ubuntu 4.0K Feb  5 07:25 .ssh
-rw-r--r-- 1 ubuntu ubuntu    0 Feb  5 07:25 .sudo_as_admin_successful
drwxrwxr-x 3 ubuntu ubuntu 4.0K Feb  5 07:51 example-nodejs-api
ubuntu@ip-10-0-6-115:~$ pwd
/home/ubuntu
ubuntu@ip-10-0-6-115:~$ docker ps
You tried to call Docker, but unfortunately, he's not there. Check if it's calling the correct docker binary. Your command is: ps
ubuntu@ip-10-0-6-115:~$ docker container ls
You tried to call Docker, but unfortunately, he's not there. Check if it's calling the correct docker binary. Your command is: container ls
ubuntu@ip-10-0-6-115:~$ docker --help
You tried to call Docker, but unfortunately, he's not there. Check if it's calling the correct docker binary. Your command is: --help
ubuntu@ip-10-0-6-115:~$ sudo systemctl status dockerd
Unit dockerd.service could not be found.
ubuntu@ip-10-0-6-115:~$ sudo systemctl status docker.s
docker.service  docker.socket
ubuntu@ip-10-0-6-115:~$ sudo systemctl status docker.service
Warning: The unit file, source configuration file or drop-ins of docker.service changed on disk. Run 'systemctl daemon-reload' to reload units.
× docker.service - Docker Application Container Engine
     Loaded: loaded (/usr/lib/systemd/system/docker.service; enabled; preset: enabled)
     Active: failed (Result: exit-code) since Sun 2026-02-15 17:15:30 UTC; 1h 46min ago
TriggeredBy: × docker.socket
       Docs: https://docs.docker.com
   Main PID: 935 (code=exited, status=1/FAILURE)
        CPU: 78ms

Feb 15 17:15:30 ip-10-0-6-115 systemd[1]: docker.service: Scheduled restart job, restart counter is at 3.
Feb 15 17:15:30 ip-10-0-6-115 systemd[1]: docker.service: Start request repeated too quickly.
Feb 15 17:15:30 ip-10-0-6-115 systemd[1]: docker.service: Failed with result 'exit-code'.
Feb 15 17:15:30 ip-10-0-6-115 systemd[1]: Failed to start docker.service - Docker Application Container Engine.
ubuntu@ip-10-0-6-115:~$ sudo systemctl start docker.service
Warning: The unit file, source configuration file or drop-ins of docker.service changed on disk. Run 'systemctl daemon-reload' to reload units.
Job for docker.service failed because the control process exited with error code.
See "systemctl status docker.service" and "journalctl -xeu docker.service" for details.
ubuntu@ip-10-0-6-115:~$ sudo systemctl daemon-reload
ubuntu@ip-10-0-6-115:~$ sudo systemctl status docker.service
× docker.service - Docker Application Container Engine
     Loaded: loaded (/usr/lib/systemd/system/docker.service; enabled; preset: enabled)
     Active: failed (Result: exit-code) since Sun 2026-02-15 19:02:46 UTC; 26s ago
TriggeredBy: × docker.socket
       Docs: https://docs.docker.com
   Main PID: 1939 (code=exited, status=1/FAILURE)
        CPU: 93ms

Feb 15 19:02:46 ip-10-0-6-115 systemd[1]: docker.service: Scheduled restart job, restart counter is at 3.
Feb 15 19:02:46 ip-10-0-6-115 systemd[1]: docker.service: Start request repeated too quickly.
Feb 15 19:02:46 ip-10-0-6-115 systemd[1]: docker.service: Failed with result 'exit-code'.
Feb 15 19:02:46 ip-10-0-6-115 systemd[1]: Failed to start docker.service - Docker Application Container Engine.
ubuntu@ip-10-0-6-115:~$ sudo systemctl start docker.service
Job for docker.service failed because the control process exited with error code.
See "systemctl status docker.service" and "journalctl -xeu docker.service" for details.
ubuntu@ip-10-0-6-115:~$ sudo journalctl -xeu docker.service
Feb 15 19:02:44 ip-10-0-6-115 systemd[1]: docker.service: Failed with result 'exit-code'.
░░ Subject: Unit failed
░░ Defined-By: systemd
░░ Support: http://www.ubuntu.com/support
░░
░░ The unit docker.service has entered the 'failed' state with result 'exit-code'.
Feb 15 19:02:44 ip-10-0-6-115 systemd[1]: Failed to start docker.service - Docker Application Container Engine.
░░ Subject: A start job for unit docker.service has failed
░░ Defined-By: systemd
░░ Support: http://www.ubuntu.com/support
░░
░░ A start job for unit docker.service has finished with a failure.
░░
░░ The job identifier is 4716 and the job result is failed.
Feb 15 19:02:46 ip-10-0-6-115 systemd[1]: docker.service: Scheduled restart job, restart counter is at 3.
░░ Subject: Automatic restarting of a unit has been scheduled
░░ Defined-By: systemd
░░ Support: http://www.ubuntu.com/support
░░
░░ Automatic restarting of the unit docker.service has been scheduled, as the result for
░░ the configured Restart= setting for the unit.
Feb 15 19:02:46 ip-10-0-6-115 systemd[1]: docker.service: Start request repeated too quickly.
Feb 15 19:02:46 ip-10-0-6-115 systemd[1]: docker.service: Failed with result 'exit-code'.
░░ Subject: Unit failed
░░ Defined-By: systemd
░░ Support: http://www.ubuntu.com/support
░░
░░ The unit docker.service has entered the 'failed' state with result 'exit-code'.
Feb 15 19:02:46 ip-10-0-6-115 systemd[1]: Failed to start docker.service - Docker Application Container Engine.
░░ Subject: A start job for unit docker.service has failed
░░ Defined-By: systemd
░░ Support: http://www.ubuntu.com/support
░░
░░ A start job for unit docker.service has finished with a failure.
░░
░░ The job identifier is 4834 and the job result is failed.
Feb 15 19:03:29 ip-10-0-6-115 systemd[1]: docker.service: Start request repeated too quickly.
Feb 15 19:03:29 ip-10-0-6-115 systemd[1]: docker.service: Failed with result 'exit-code'.
░░ Subject: Unit failed
░░ Defined-By: systemd
░░ Support: http://www.ubuntu.com/support
░░
░░ The unit docker.service has entered the 'failed' state with result 'exit-code'.
Feb 15 19:03:29 ip-10-0-6-115 systemd[1]: Failed to start docker.service - Docker Application Container Engine.
░░ Subject: A start job for unit docker.service has failed
░░ Defined-By: systemd
░░ Support: http://www.ubuntu.com/support
░░
░░ A start job for unit docker.service has finished with a failure.
░░
░░ The job identifier is 5069 and the job result is failed.
ubuntu@ip-10-0-6-115:~$ cat /etc/docker/daemon.json
{   "userns-remap-to": "default" }
ubuntu@ip-10-0-6-115:~$ sudo nano /etc/docker/daemon.json
ubuntu@ip-10-0-6-115:~$ sudo chattr -i /etc/docker/daemon.json
ubuntu@ip-10-0-6-115:~$ sudo nano /etc/docker/daemon.json
ubuntu@ip-10-0-6-115:~$ sudo chattr +i /etc/docker/daemon.json
ubuntu@ip-10-0-6-115:~$ sudo nano /etc/docker/daemon.json
ubuntu@ip-10-0-6-115:~$ sudo systemctl start docker.service
ubuntu@ip-10-0-6-115:~$ sudo adduser -aG docker ubuntu
Unknown option: ag
adduser [--uid id] [--firstuid id] [--lastuid id]
        [--gid id] [--firstgid id] [--lastgid id] [--ingroup group]
        [--add-extra-groups] [--encrypt-home] [--shell shell]
        [--comment comment] [--home dir] [--no-create-home]
        [--allow-all-names] [--allow-bad-names]
        [--disabled-password] [--disabled-login]
        [--conf file] [--extrausers] [--quiet] [--verbose] [--debug]
        user
    Add a normal user

adduser --system
        [--uid id] [--group] [--ingroup group] [--gid id]
        [--shell shell] [--comment comment] [--home dir] [--no-create-home]
        [--conf file] [--extrausers] [--quiet] [--verbose] [--debug]
        user
   Add a system user

adduser --group
        [--gid ID] [--firstgid id] [--lastgid id]
        [--conf file] [--extrausers] [--quiet] [--verbose] [--debug]
        group
addgroup
        [--gid ID] [--firstgid id] [--lastgid id]
        [--conf file] [--extrausers] [--quiet] [--verbose] [--debug]
        group
   Add a user group

addgroup --system
        [--gid id]
        [--conf file] [--extrausers] [--quiet] [--verbose] [--debug]
        group
   Add a system group

adduser [--extrausers] USER GROUP
   Add an existing user to an existing group
ubuntu@ip-10-0-6-115:~$ sudo usermod -aG docker ubuntu
ubuntu@ip-10-0-6-115:~$ exit
logout
Connection to 98.94.173.118 closed.

~/.ssh 7m 3s                                                                                                                                                                                            02:08:08
❯ ssh ubuntu@98.94.173.118 -i ~/.ssh/candidate.pem
Welcome to Ubuntu 24.04.3 LTS (GNU/Linux 6.14.0-1018-aws x86_64)

 * Documentation:  https://help.ubuntu.com
 * Management:     https://landscape.canonical.com
 * Support:        https://ubuntu.com/pro

 System information as of Sun Feb 15 19:08:13 UTC 2026

  System load:  0.0               Temperature:           -273.1 C
  Usage of /:   59.3% of 6.71GB   Processes:             117
  Memory usage: 14%               Users logged in:       0
  Swap usage:   0%                IPv4 address for ens5: 10.0.6.115

 * Ubuntu Pro delivers the most comprehensive open source security and
   compliance features.

   https://ubuntu.com/aws/pro

Expanded Security Maintenance for Applications is not enabled.

76 updates can be applied immediately.
38 of these updates are standard security updates.
To see these additional updates run: apt list --upgradable

Enable ESM Apps to receive additional future security updates.
See https://ubuntu.com/esm or run: sudo pro status


The list of available updates is more than a week old.
To check for new updates run: sudo apt update

Last login: Sun Feb 15 19:01:10 2026 from 182.8.225.60
ubuntu@ip-10-0-6-115:~$ docker ps
You tried to call Docker, but unfortunately, he's not there. Check if it's calling the correct docker binary. Your command is: ps
ubuntu@ip-10-0-6-115:~$ sudo systemctl status docker.service
● docker.service - Docker Application Container Engine
     Loaded: loaded (/usr/lib/systemd/system/docker.service; enabled; preset: enabled)
     Active: active (running) since Sun 2026-02-15 19:07:32 UTC; 1min 1s ago
TriggeredBy: ● docker.socket
       Docs: https://docs.docker.com
   Main PID: 2035 (dockerd)
      Tasks: 9
     Memory: 44.7M (peak: 45.1M)
        CPU: 730ms
     CGroup: /system.slice/docker.service
             └─2035 /usr/bin/dockerd -H fd:// --containerd=/run/containerd/containerd.sock

Feb 15 19:07:31 ip-10-0-6-115 dockerd[2035]: time="2026-02-15T19:07:31.733552770Z" level=info msg="Restoring containers: start."
Feb 15 19:07:31 ip-10-0-6-115 dockerd[2035]: time="2026-02-15T19:07:31.811242167Z" level=info msg="Deleting nftables IPv4 rules" error="exit status 1"
Feb 15 19:07:31 ip-10-0-6-115 dockerd[2035]: time="2026-02-15T19:07:31.818995585Z" level=info msg="Deleting nftables IPv6 rules" error="exit status 1"
Feb 15 19:07:32 ip-10-0-6-115 dockerd[2035]: time="2026-02-15T19:07:32.408626865Z" level=info msg="Loading containers: done."
Feb 15 19:07:32 ip-10-0-6-115 dockerd[2035]: time="2026-02-15T19:07:32.451592006Z" level=info msg="Docker daemon" commit=6bc6209 containerd-snapshotter=false storage-driver=overlay2 version=29.2.1
Feb 15 19:07:32 ip-10-0-6-115 dockerd[2035]: time="2026-02-15T19:07:32.452487945Z" level=info msg="Initializing buildkit"
Feb 15 19:07:32 ip-10-0-6-115 dockerd[2035]: time="2026-02-15T19:07:32.538452607Z" level=info msg="Completed buildkit initialization"
Feb 15 19:07:32 ip-10-0-6-115 dockerd[2035]: time="2026-02-15T19:07:32.551870044Z" level=info msg="Daemon has completed initialization"
Feb 15 19:07:32 ip-10-0-6-115 systemd[1]: Started docker.service - Docker Application Container Engine.
Feb 15 19:07:32 ip-10-0-6-115 dockerd[2035]: time="2026-02-15T19:07:32.552257697Z" level=info msg="API listen on /run/docker.sock"
ubuntu@ip-10-0-6-115:~$ sudo docker ps
CONTAINER ID   IMAGE     COMMAND   CREATED   STATUS    PORTS     NAMES
ubuntu@ip-10-0-6-115:~$ sudo docker images
                                                                                                                                                                                             i Info →   U  In Use
IMAGE                           ID             DISK USAGE   CONTENT SIZE   EXTRA
example-nodejs-api-api:latest   1d075ceebe51        176MB             0B    U
postgres:18.1-alpine3.23        04468c397044        281MB             0B    U
ubuntu@ip-10-0-6-115:~$ sudo docker container ls -a
CONTAINER ID   IMAGE                      COMMAND                  CREATED       STATUS                   PORTS     NAMES
3e26b72d1a9a   example-nodejs-api-api     "docker-entrypoint.s…"   10 days ago   Exited (1) 10 days ago             example-nodejs-api-api-1
85582dd5ef8b   postgres:18.1-alpine3.23   "docker-entrypoint.s…"   10 days ago   Exited (0) 10 days ago             example-nodejs-api-db-1
ubuntu@ip-10-0-6-115:~$ sudo docker logs 3e2

> example-nodejs-api@1.0.0 start
> node app.js

Server running on port 3000
Error fetching data from /api/cities: AggregateError [ECONNREFUSED]:
    at /app/node_modules/pg-pool/index.js:45:11
    at process.processTicksAndRejections (node:internal/process/task_queues:104:5)
    at async /app/app.js:59:20 {
  code: 'ECONNREFUSED',
  [errors]: [
    Error: connect ECONNREFUSED ::1:5432
        at createConnectionError (node:net:1746:14)
        at afterConnectMultiple (node:net:1776:16) {
      errno: -111,
      code: 'ECONNREFUSED',
      syscall: 'connect',
      address: '::1',
      port: 5432
    },
    Error: connect ECONNREFUSED 127.0.0.1:5432
        at createConnectionError (node:net:1746:14)
        at afterConnectMultiple (node:net:1776:16) {
      errno: -111,
      code: 'ECONNREFUSED',
      syscall: 'connect',
      address: '127.0.0.1',
      port: 5432
    }
  ]
}
{"timestamp":"2026-02-05T07:49:53.876Z","method":"GET","url":"/api/cities","clientIp":"::ffff:172.19.0.1","host":"localhost:3000","status":500,"durationMs":26.647,"userAgent":"curl/8.5.0"}
npm error path /app
npm error command failed
npm error signal SIGTERM
npm error command sh -c node app.js
npm error A complete log of this run can be found in: /root/.npm/_logs/2026-02-05T07_49_50_910Z-debug-0.log
ubuntu@ip-10-0-6-115:~$ grop
Command 'grop' not found, but can be installed with:
sudo apt install grop
ubuntu@ip-10-0-6-115:~$ group
Command 'group' not found, did you mean:
  command 'grop' from deb grop (2:0.10-1.2)
  command 'groups' from deb coreutils (9.4-3ubuntu6.1)
Try: sudo apt install <deb name>
ubuntu@ip-10-0-6-115:~$ groups
ubuntu adm cdrom sudo dip lxd docker
ubuntu@ip-10-0-6-115:~$ docker container ls -a
You tried to call Docker, but unfortunately, he's not there. Check if it's calling the correct docker binary. Your command is: container ls -a
ubuntu@ip-10-0-6-115:~$ which docker
/usr/bin/docker
ubuntu@ip-10-0-6-115:~$ sudo docker ps
CONTAINER ID   IMAGE     COMMAND   CREATED   STATUS    PORTS     NAMES
ubuntu@ip-10-0-6-115:~$ sudo docker container ls -la
CONTAINER ID   IMAGE                    COMMAND                  CREATED       STATUS                   PORTS     NAMES
3e26b72d1a9a   example-nodejs-api-api   "docker-entrypoint.s…"   10 days ago   Exited (1) 10 days ago             example-nodejs-api-api-1
ubuntu@ip-10-0-6-115:~$ sudo docker container ls -a
CONTAINER ID   IMAGE                      COMMAND                  CREATED       STATUS                   PORTS     NAMES
3e26b72d1a9a   example-nodejs-api-api     "docker-entrypoint.s…"   10 days ago   Exited (1) 10 days ago             example-nodejs-api-api-1
85582dd5ef8b   postgres:18.1-alpine3.23   "docker-entrypoint.s…"   10 days ago   Exited (0) 10 days ago             example-nodejs-api-db-1
ubuntu@ip-10-0-6-115:~$ cat .bashrc
# ~/.bashrc: executed by bash(1) for non-login shells.
# see /usr/share/doc/bash/examples/startup-files (in the package bash-doc)
# for examples

# If not running interactively, don't do anything
case $- in
    *i*) ;;
      *) return;;
esac

# don't put duplicate lines or lines starting with space in the history.
# See bash(1) for more options
HISTCONTROL=ignoreboth

# append to the history file, don't overwrite it
shopt -s histappend

# for setting history length see HISTSIZE and HISTFILESIZE in bash(1)
HISTSIZE=1000
HISTFILESIZE=2000

# check the window size after each command and, if necessary,
# update the values of LINES and COLUMNS.
shopt -s checkwinsize

# If set, the pattern "**" used in a pathname expansion context will
# match all files and zero or more directories and subdirectories.
#shopt -s globstar

# make less more friendly for non-text input files, see lesspipe(1)
[ -x /usr/bin/lesspipe ] && eval "$(SHELL=/bin/sh lesspipe)"

# set variable identifying the chroot you work in (used in the prompt below)
if [ -z "${debian_chroot:-}" ] && [ -r /etc/debian_chroot ]; then
    debian_chroot=$(cat /etc/debian_chroot)
fi

# set a fancy prompt (non-color, unless we know we "want" color)
case "$TERM" in
    xterm-color|*-256color) color_prompt=yes;;
esac

# uncomment for a colored prompt, if the terminal has the capability; turned
# off by default to not distract the user: the focus in a terminal window
# should be on the output of commands, not on the prompt
#force_color_prompt=yes

if [ -n "$force_color_prompt" ]; then
    if [ -x /usr/bin/tput ] && tput setaf 1 >&/dev/null; then
	# We have color support; assume it's compliant with Ecma-48
	# (ISO/IEC-6429). (Lack of such support is extremely rare, and such
	# a case would tend to support setf rather than setaf.)
	color_prompt=yes
    else
	color_prompt=
    fi
fi

if [ "$color_prompt" = yes ]; then
    PS1='${debian_chroot:+($debian_chroot)}\[\033[01;32m\]\u@\h\[\033[00m\]:\[\033[01;34m\]\w\[\033[00m\]\$ '
else
    PS1='${debian_chroot:+($debian_chroot)}\u@\h:\w\$ '
fi
unset color_prompt force_color_prompt

# If this is an xterm set the title to user@host:dir
case "$TERM" in
xterm*|rxvt*)
    PS1="\[\e]0;${debian_chroot:+($debian_chroot)}\u@\h: \w\a\]$PS1"
    ;;
*)
    ;;
esac

# enable color support of ls and also add handy aliases
if [ -x /usr/bin/dircolors ]; then
    test -r ~/.dircolors && eval "$(dircolors -b ~/.dircolors)" || eval "$(dircolors -b)"
    alias ls='ls --color=auto'
    #alias dir='dir --color=auto'
    #alias vdir='vdir --color=auto'

    alias grep='grep --color=auto'
    alias fgrep='fgrep --color=auto'
    alias egrep='egrep --color=auto'
fi

# colored GCC warnings and errors
#export GCC_COLORS='error=01;31:warning=01;35:note=01;36:caret=01;32:locus=01:quote=01'

# some more ls aliases
alias ll='ls -alF'
alias la='ls -A'
alias l='ls -CF'

# Add an "alert" alias for long running commands.  Use like so:
#   sleep 10; alert
alias alert='notify-send --urgency=low -i "$([ $? = 0 ] && echo terminal || echo error)" "$(history|tail -n1|sed -e '\''s/^\s*[0-9]\+\s*//;s/[;&|]\s*alert$//'\'')"'

# Alias definitions.
# You may want to put all your additions into a separate file like
# ~/.bash_aliases, instead of adding them here directly.
# See /usr/share/doc/bash-doc/examples in the bash-doc package.

if [ -f ~/.bash_aliases ]; then
    . ~/.bash_aliases
fi

# enable programmable completion features (you don't need to enable
# this, if it's already enabled in /etc/bash.bashrc and /etc/profile
# sources /etc/bash.bashrc).
if ! shopt -oq posix; then
  if [ -f /usr/share/bash-completion/bash_completion ]; then
    . /usr/share/bash-completion/bash_completion
  elif [ -f /etc/bash_completion ]; then
    . /etc/bash_completion
  fi
fi

export NVM_DIR="$HOME/.nvm"
[ -s "$NVM_DIR/nvm.sh" ] && \. "$NVM_DIR/nvm.sh"  # This loads nvm
[ -s "$NVM_DIR/bash_completion" ] && \. "$NVM_DIR/bash_completion"  # This loads nvm bash_completion

alias "docker"="echo You tried to call Docker, but unfortunately, he\'s not there. Check if it\'s calling the correct docker binary. Your command is: "
alias "docker-compose"="echo You tried to call Docker, but unfortunately, he\'s not there. Check if it\'s calling the correct docker binary. Your command is: "
ubuntu@ip-10-0-6-115:~$ sudo nano .bashrc
ubuntu@ip-10-0-6-115:~$ ls -lah
total 60K
drwxr-x--- 9 ubuntu ubuntu 4.0K Feb 15 19:15 .
drwxr-xr-x 3 root   root   4.0K Feb  5 07:25 ..
-rw------- 1 ubuntu ubuntu  608 Feb 15 19:08 .bash_history
-rw-r--r-- 1 ubuntu ubuntu  220 Mar 31  2024 .bash_logout
-rw-r--r-- 1 ubuntu ubuntu 4.2K Feb 15 19:15 .bashrc
drwx------ 2 ubuntu ubuntu 4.0K Feb  5 07:25 .cache
drwx------ 3 ubuntu ubuntu 4.0K Feb  5 07:30 .docker
-rw------- 1 ubuntu ubuntu   20 Feb  8 16:07 .lesshst
drwxrwxr-x 3 ubuntu ubuntu 4.0K Feb  5 07:29 .local
drwxrwxr-x 4 ubuntu ubuntu 4.0K Feb  5 07:36 .npm
drwxrwxr-x 8 ubuntu ubuntu 4.0K Feb  5 07:36 .nvm
-rw-r--r-- 1 ubuntu ubuntu  807 Mar 31  2024 .profile
drwx------ 2 ubuntu ubuntu 4.0K Feb  5 07:25 .ssh
-rw-r--r-- 1 ubuntu ubuntu    0 Feb  5 07:25 .sudo_as_admin_successful
drwxrwxr-x 3 ubuntu ubuntu 4.0K Feb  5 07:51 example-nodejs-api
ubuntu@ip-10-0-6-115:~$ cat /etc/docker/daemon.json
{   "userns-remap": "default" }
ubuntu@ip-10-0-6-115:~$ source .bashrc
ubuntu@ip-10-0-6-115:~$ ls -lah
total 60K
drwxr-x--- 9 ubuntu ubuntu 4.0K Feb 15 19:15 .
drwxr-xr-x 3 root   root   4.0K Feb  5 07:25 ..
-rw------- 1 ubuntu ubuntu  608 Feb 15 19:08 .bash_history
-rw-r--r-- 1 ubuntu ubuntu  220 Mar 31  2024 .bash_logout
-rw-r--r-- 1 ubuntu ubuntu 4.2K Feb 15 19:15 .bashrc
drwx------ 2 ubuntu ubuntu 4.0K Feb  5 07:25 .cache
drwx------ 3 ubuntu ubuntu 4.0K Feb  5 07:30 .docker
-rw------- 1 ubuntu ubuntu   20 Feb  8 16:07 .lesshst
drwxrwxr-x 3 ubuntu ubuntu 4.0K Feb  5 07:29 .local
drwxrwxr-x 4 ubuntu ubuntu 4.0K Feb  5 07:36 .npm
drwxrwxr-x 8 ubuntu ubuntu 4.0K Feb  5 07:36 .nvm
-rw-r--r-- 1 ubuntu ubuntu  807 Mar 31  2024 .profile
drwx------ 2 ubuntu ubuntu 4.0K Feb  5 07:25 .ssh
-rw-r--r-- 1 ubuntu ubuntu    0 Feb  5 07:25 .sudo_as_admin_successful
drwxrwxr-x 3 ubuntu ubuntu 4.0K Feb  5 07:51 example-nodejs-api
ubuntu@ip-10-0-6-115:~$ docker ps
You tried to call Docker, but unfortunately, he's not there. Check if it's calling the correct docker binary. Your command is: ps
ubuntu@ip-10-0-6-115:~$ nano .bashrc
ubuntu@ip-10-0-6-115:~$ exit
logout
Connection to 98.94.173.118 closed.

~/.ssh 8m 49s                                                                                                                                                                                           02:16:58
❯ ssh ubuntu@98.94.173.118 -i ~/.ssh/candidate.pem
Welcome to Ubuntu 24.04.3 LTS (GNU/Linux 6.14.0-1018-aws x86_64)

 * Documentation:  https://help.ubuntu.com
 * Management:     https://landscape.canonical.com
 * Support:        https://ubuntu.com/pro

 System information as of Sun Feb 15 19:17:03 UTC 2026

  System load:  0.0               Temperature:           -273.1 C
  Usage of /:   59.3% of 6.71GB   Processes:             115
  Memory usage: 14%               Users logged in:       0
  Swap usage:   0%                IPv4 address for ens5: 10.0.6.115

 * Ubuntu Pro delivers the most comprehensive open source security and
   compliance features.

   https://ubuntu.com/aws/pro

Expanded Security Maintenance for Applications is not enabled.

76 updates can be applied immediately.
38 of these updates are standard security updates.
To see these additional updates run: apt list --upgradable

Enable ESM Apps to receive additional future security updates.
See https://ubuntu.com/esm or run: sudo pro status


The list of available updates is more than a week old.
To check for new updates run: sudo apt update

Last login: Sun Feb 15 19:08:14 2026 from 182.8.225.60
ubuntu@ip-10-0-6-115:~$ docker ps
CONTAINER ID   IMAGE     COMMAND   CREATED   STATUS    PORTS     NAMES
ubuntu@ip-10-0-6-115:~$ docker container ls -a
CONTAINER ID   IMAGE                      COMMAND                  CREATED       STATUS                   PORTS     NAMES
3e26b72d1a9a   example-nodejs-api-api     "docker-entrypoint.s…"   10 days ago   Exited (1) 10 days ago             example-nodejs-api-api-1
85582dd5ef8b   postgres:18.1-alpine3.23   "docker-entrypoint.s…"   10 days ago   Exited (0) 10 days ago             example-nodejs-api-db-1
ubuntu@ip-10-0-6-115:~$ docker compose list
Usage:  docker compose [OPTIONS] COMMAND

Define and run multi-container applications with Docker

Options:
      --all-resources              Include all resources, even those not used by services
      --ansi string                Control when to print ANSI control characters ("never"|"always"|"auto") (default "auto")
      --compatibility              Run compose in backward compatibility mode
      --dry-run                    Execute command in dry run mode
      --env-file stringArray       Specify an alternate environment file
  -f, --file stringArray           Compose configuration files
      --parallel int               Control max parallelism, -1 for unlimited (default -1)
      --profile stringArray        Specify a profile to enable
      --progress string            Set type of progress output (auto, tty, plain, json, quiet)
      --project-directory string   Specify an alternate working directory
                                   (default: the path of the, first specified, Compose file)
  -p, --project-name string        Project name

Management Commands:
  bridge      Convert compose files into another model

Commands:
  attach      Attach local standard input, output, and error streams to a service's running container
  build       Build or rebuild services
  commit      Create a new image from a service container's changes
  config      Parse, resolve and render compose file in canonical format
  cp          Copy files/folders between a service container and the local filesystem
  create      Creates containers for a service
  down        Stop and remove containers, networks
  events      Receive real time events from containers
  exec        Execute a command in a running container
  export      Export a service container's filesystem as a tar archive
  images      List images used by the created containers
  kill        Force stop service containers
  logs        View output from containers
  ls          List running compose projects
  pause       Pause services
  port        Print the public port for a port binding
  ps          List containers
  publish     Publish compose application
  pull        Pull service images
  push        Push service images
  restart     Restart service containers
  rm          Removes stopped service containers
  run         Run a one-off command on a service
  scale       Scale services
  start       Start services
  stats       Display a live stream of container(s) resource usage statistics
  stop        Stop services
  top         Display the running processes
  unpause     Unpause services
  up          Create and start containers
  version     Show the Docker Compose version information
  volumes     List volumes
  wait        Block until containers of all (or specified) services stop.
  watch       Watch build context for service and rebuild/refresh containers when files are updated

Run 'docker compose COMMAND --help' for more information on a command.
unknown docker command: "compose list"
ubuntu@ip-10-0-6-115:~$ docker compose version
Docker Compose version v5.0.2
ubuntu@ip-10-0-6-115:~$ docker compose ls
NAME                STATUS              CONFIG FILES
ubuntu@ip-10-0-6-115:~$ docker compose ls -a
NAME                 STATUS              CONFIG FILES
example-nodejs-api   exited(2)           /home/ubuntu/example-nodejs-api/docker-compose.yml
ubuntu@ip-10-0-6-115:~$ cd example-nodejs-api/
ubuntu@ip-10-0-6-115:~/example-nodejs-api$ ls -lah
total 88K
drwxrwxr-x 3 ubuntu ubuntu 4.0K Feb  5 07:51 .
drwxr-x--- 9 ubuntu ubuntu 4.0K Feb 15 19:16 ..
drwxrwxr-x 8 ubuntu ubuntu 4.0K Feb  5 07:28 .git
-rw-rw-r-- 1 ubuntu ubuntu   19 Feb  5 07:28 .gitignore
-rw-rw-r-- 1 ubuntu ubuntu  116 Feb  5 07:28 Dockerfile
-rw-rw-r-- 1 ubuntu ubuntu 3.9K Feb  5 07:28 README.md
-rw-rw-r-- 1 ubuntu ubuntu 2.2K Feb  5 07:28 app.js
-rw-rw-r-- 1 ubuntu ubuntu  759 Feb  5 07:49 docker-compose.yml
-rw-rw-r-- 1 ubuntu ubuntu  567 Feb  5 07:28 init_db.sql
-rw-rw-r-- 1 ubuntu ubuntu  47K Feb  5 07:28 package-lock.json
-rw-rw-r-- 1 ubuntu ubuntu  435 Feb  5 07:28 package.json
ubuntu@ip-10-0-6-115:~/example-nodejs-api$ cat docker-compose.yml
# Don't use this docker-compose.yml as is in production. Modify it according to your security and deployment needs.
# Only for development and testing purposes.
services:
  api:
    build: .
    ports:
      - 3000:3000
    environment:
      - NODE_ENV=production
      - PORT=3000
      - DB_HOST=localhost
      - DB_PORT=5432
      - DB_USER=abc
      - DB_PASSWORD=secret
      - DB_NAME=mydatabase
    depends_on:
      - db
  db:
    image: postgres:18.1-alpine3.23
    ports:
      - 5432:5432
    command: ["postgres", "-c", "fsync=off", "-c", "max_connections=5"]
    environment:
      - POSTGRES_USER=abc
      - POSTGRES_PASSWORD=secret
      - POSTGRES_DB=mydatabase
    volumes:
      - ./init_db.sql:/docker-entrypoint-initdb.d/init_db.sql:ro
ubuntu@ip-10-0-6-115:~/example-nodejs-api$ docker compose ls -a
NAME                 STATUS              CONFIG FILES
example-nodejs-api   exited(2)           /home/ubuntu/example-nodejs-api/docker-compose.yml
ubuntu@ip-10-0-6-115:~/example-nodejs-api$ docker compose os
Usage:  docker compose [OPTIONS] COMMAND

Define and run multi-container applications with Docker

Options:
      --all-resources              Include all resources, even those not used by services
      --ansi string                Control when to print ANSI control characters ("never"|"always"|"auto") (default "auto")
      --compatibility              Run compose in backward compatibility mode
      --dry-run                    Execute command in dry run mode
      --env-file stringArray       Specify an alternate environment file
  -f, --file stringArray           Compose configuration files
      --parallel int               Control max parallelism, -1 for unlimited (default -1)
      --profile stringArray        Specify a profile to enable
      --progress string            Set type of progress output (auto, tty, plain, json, quiet)
      --project-directory string   Specify an alternate working directory
                                   (default: the path of the, first specified, Compose file)
  -p, --project-name string        Project name

Management Commands:
  bridge      Convert compose files into another model

Commands:
  attach      Attach local standard input, output, and error streams to a service's running container
  build       Build or rebuild services
  commit      Create a new image from a service container's changes
  config      Parse, resolve and render compose file in canonical format
  cp          Copy files/folders between a service container and the local filesystem
  create      Creates containers for a service
  down        Stop and remove containers, networks
  events      Receive real time events from containers
  exec        Execute a command in a running container
  export      Export a service container's filesystem as a tar archive
  images      List images used by the created containers
  kill        Force stop service containers
  logs        View output from containers
  ls          List running compose projects
  pause       Pause services
  port        Print the public port for a port binding
  ps          List containers
  publish     Publish compose application
  pull        Pull service images
  push        Push service images
  restart     Restart service containers
  rm          Removes stopped service containers
  run         Run a one-off command on a service
  scale       Scale services
  start       Start services
  stats       Display a live stream of container(s) resource usage statistics
  stop        Stop services
  top         Display the running processes
  unpause     Unpause services
  up          Create and start containers
  version     Show the Docker Compose version information
  volumes     List volumes
  wait        Block until containers of all (or specified) services stop.
  watch       Watch build context for service and rebuild/refresh containers when files are updated

Run 'docker compose COMMAND --help' for more information on a command.
unknown docker command: "compose os"
ubuntu@ip-10-0-6-115:~/example-nodejs-api$ docker compose ps -a
NAME                       IMAGE                      COMMAND                  SERVICE   CREATED       STATUS                   PORTS
example-nodejs-api-api-1   example-nodejs-api-api     "docker-entrypoint.s…"   api       10 days ago   Exited (1) 10 days ago
example-nodejs-api-db-1    postgres:18.1-alpine3.23   "docker-entrypoint.s…"   db        10 days ago   Exited (0) 10 days ago
ubuntu@ip-10-0-6-115:~/example-nodejs-api$ docker compose logs db
db-1  | The files belonging to this database system will be owned by user "postgres".
db-1  | This user must also own the server process.
db-1  |
db-1  | The database cluster will be initialized with locale "en_US.utf8".
db-1  | The default database encoding has accordingly been set to "UTF8".
db-1  | The default text search configuration will be set to "english".
db-1  |
db-1  | Data page checksums are enabled.
db-1  |
db-1  | fixing permissions on existing directory /var/lib/postgresql/18/docker ... ok
db-1  | creating subdirectories ... ok
db-1  | selecting dynamic shared memory implementation ... posix
db-1  | selecting default "max_connections" ... 100
db-1  | selecting default "shared_buffers" ... 128MB
db-1  | selecting default time zone ... UTC
db-1  | creating configuration files ... ok
db-1  | running bootstrap script ... ok
db-1  | sh: locale: not found
db-1  | 2026-02-05 07:48:38.919 UTC [38] WARNING:  no usable system locales were found
db-1  | performing post-bootstrap initialization ... ok
db-1  | syncing data to disk ... ok
db-1  |
db-1  |
db-1  | Success. You can now start the database server using:
db-1  |
db-1  |     pg_ctl -D /var/lib/postgresql/18/docker -l logfile start
db-1  |
db-1  | initdb: warning: enabling "trust" authentication for local connections
db-1  | initdb: hint: You can change this by editing pg_hba.conf or using the option -A, or --auth-local and --auth-host, the next time you run initdb.
db-1  | waiting for server to start....2026-02-05 07:48:39.939 UTC [44] LOG:  starting PostgreSQL 18.1 on x86_64-pc-linux-musl, compiled by gcc (Alpine 15.2.0) 15.2.0, 64-bit
db-1  | 2026-02-05 07:48:39.939 UTC [44] LOG:  listening on Unix socket "/var/run/postgresql/.s.PGSQL.5432"
db-1  | 2026-02-05 07:48:39.945 UTC [50] LOG:  database system was shut down at 2026-02-05 07:48:39 UTC
db-1  | 2026-02-05 07:48:39.950 UTC [44] LOG:  database system is ready to accept connections
db-1  |  done
db-1  | server started
db-1  | CREATE DATABASE
db-1  |
db-1  |
db-1  | /usr/local/bin/docker-entrypoint.sh: running /docker-entrypoint-initdb.d/init_db.sql
db-1  | CREATE TABLE
db-1  | INSERT 0 10
db-1  |
db-1  |
db-1  | waiting for server to shut down....2026-02-05 07:48:40.206 UTC [44] LOG:  received fast shutdown request
db-1  | 2026-02-05 07:48:40.206 UTC [44] LOG:  aborting any active transactions
db-1  | 2026-02-05 07:48:40.212 UTC [44] LOG:  background worker "logical replication launcher" (PID 53) exited with exit code 1
db-1  | 2026-02-05 07:48:40.216 UTC [48] LOG:  shutting down
db-1  | 2026-02-05 07:48:40.216 UTC [48] LOG:  checkpoint starting: shutdown immediate
db-1  | 2026-02-05 07:48:40.233 UTC [48] LOG:  checkpoint complete: wrote 953 buffers (5.8%), wrote 3 SLRU buffers; 0 WAL file(s) added, 0 removed, 0 recycled; write=0.017 s, sync=0.001 s, total=0.018 s; sync files=0, longest=0.000 s, average=0.000 s; distance=4377 kB, estimate=4377 kB; lsn=0/1BA57A0, redo lsn=0/1BA57A0
db-1  | 2026-02-05 07:48:40.254 UTC [44] LOG:  database system is shut down
db-1  |  done
db-1  | server stopped
db-1  |
db-1  | PostgreSQL init process complete; ready for start up.
db-1  |
db-1  | 2026-02-05 07:48:40.337 UTC [1] LOG:  starting PostgreSQL 18.1 on x86_64-pc-linux-musl, compiled by gcc (Alpine 15.2.0) 15.2.0, 64-bit
db-1  | 2026-02-05 07:48:40.337 UTC [1] LOG:  listening on IPv4 address "0.0.0.0", port 5432
db-1  | 2026-02-05 07:48:40.337 UTC [1] LOG:  listening on IPv6 address "::", port 5432
db-1  | 2026-02-05 07:48:40.338 UTC [1] LOG:  listening on Unix socket "/var/run/postgresql/.s.PGSQL.5432"
db-1  | 2026-02-05 07:48:40.343 UTC [68] LOG:  database system was shut down at 2026-02-05 07:48:40 UTC
db-1  | 2026-02-05 07:48:40.350 UTC [1] LOG:  database system is ready to accept connections
db-1  | 2026-02-05 07:49:22.165 UTC [79] FATAL:  sorry, too many clients already
db-1  | 2026-02-05 07:49:22.169 UTC [82] FATAL:  sorry, too many clients already
db-1  | 2026-02-05 07:49:22.175 UTC [83] FATAL:  sorry, too many clients already
db-1  | 2026-02-05 07:49:22.176 UTC [84] FATAL:  sorry, too many clients already
db-1  | 2026-02-05 07:49:22.201 UTC [80] FATAL:  sorry, too many clients already
db-1  | 2026-02-05 07:49:22.203 UTC [86] FATAL:  sorry, too many clients already
db-1  | 2026-02-05 07:49:22.207 UTC [81] FATAL:  sorry, too many clients already
db-1  | 2026-02-05 07:49:22.207 UTC [85] FATAL:  sorry, too many clients already
db-1  | 2026-02-05 07:49:22.215 UTC [87] FATAL:  sorry, too many clients already
db-1  | 2026-02-05 07:49:22.226 UTC [88] FATAL:  sorry, too many clients already
db-1  | 2026-02-05 07:49:22.227 UTC [89] FATAL:  sorry, too many clients already
db-1  | 2026-02-05 07:49:22.242 UTC [90] FATAL:  sorry, too many clients already
db-1  | 2026-02-05 07:49:22.244 UTC [91] FATAL:  sorry, too many clients already
db-1  | 2026-02-05 07:49:22.246 UTC [92] FATAL:  sorry, too many clients already
db-1  | 2026-02-05 07:49:22.269 UTC [93] FATAL:  sorry, too many clients already
db-1  | 2026-02-05 07:49:22.269 UTC [94] FATAL:  sorry, too many clients already
db-1  | 2026-02-05 07:49:22.280 UTC [95] FATAL:  sorry, too many clients already
db-1  | 2026-02-05 07:49:22.282 UTC [96] FATAL:  sorry, too many clients already
db-1  | 2026-02-05 07:49:22.286 UTC [97] FATAL:  sorry, too many clients already
db-1  | 2026-02-05 07:49:22.302 UTC [98] FATAL:  sorry, too many clients already
db-1  | 2026-02-05 07:49:22.308 UTC [99] FATAL:  sorry, too many clients already
db-1  | 2026-02-05 07:49:22.309 UTC [100] FATAL:  sorry, too many clients already
db-1  | 2026-02-05 07:49:22.318 UTC [101] FATAL:  sorry, too many clients already
db-1  | 2026-02-05 07:49:22.324 UTC [102] FATAL:  sorry, too many clients already
db-1  | 2026-02-05 07:49:22.328 UTC [103] FATAL:  sorry, too many clients already
db-1  | 2026-02-05 07:49:22.336 UTC [104] FATAL:  sorry, too many clients already
db-1  | 2026-02-05 07:49:22.345 UTC [106] FATAL:  sorry, too many clients already
db-1  | 2026-02-05 07:49:22.347 UTC [105] FATAL:  sorry, too many clients already
db-1  | 2026-02-05 07:49:22.350 UTC [107] FATAL:  sorry, too many clients already
db-1  | 2026-02-05 07:49:22.351 UTC [108] FATAL:  sorry, too many clients already
db-1  | 2026-02-05 07:49:22.355 UTC [109] FATAL:  sorry, too many clients already
db-1  | 2026-02-05 07:49:22.360 UTC [110] FATAL:  sorry, too many clients already
db-1  | 2026-02-05 07:49:22.361 UTC [112] FATAL:  sorry, too many clients already
db-1  | 2026-02-05 07:49:22.366 UTC [111] FATAL:  sorry, too many clients already
db-1  | 2026-02-05 07:49:22.374 UTC [113] FATAL:  sorry, too many clients already
db-1  | 2026-02-05 07:49:22.378 UTC [114] FATAL:  sorry, too many clients already
db-1  | 2026-02-05 07:49:22.397 UTC [115] FATAL:  sorry, too many clients already
db-1  | 2026-02-05 07:49:22.398 UTC [116] FATAL:  sorry, too many clients already
db-1  | 2026-02-05 07:49:22.405 UTC [117] FATAL:  sorry, too many clients already
db-1  | 2026-02-05 07:49:22.406 UTC [118] FATAL:  sorry, too many clients already
db-1  | 2026-02-05 07:49:22.407 UTC [119] FATAL:  sorry, too many clients already
db-1  | 2026-02-05 07:49:22.410 UTC [121] FATAL:  sorry, too many clients already
db-1  | 2026-02-05 07:49:22.420 UTC [125] FATAL:  sorry, too many clients already
db-1  | 2026-02-05 07:49:22.422 UTC [122] FATAL:  sorry, too many clients already
db-1  | 2026-02-05 07:49:22.425 UTC [123] FATAL:  sorry, too many clients already
db-1  | 2026-02-05 07:49:22.426 UTC [124] FATAL:  sorry, too many clients already
db-1  | 2026-02-05 07:49:22.429 UTC [120] FATAL:  sorry, too many clients already
db-1  | 2026-02-05 07:49:22.447 UTC [126] FATAL:  sorry, too many clients already
db-1  | 2026-02-05 07:49:22.449 UTC [127] FATAL:  sorry, too many clients already
db-1  | 2026-02-05 07:49:22.455 UTC [128] FATAL:  sorry, too many clients already
db-1  | 2026-02-05 07:49:22.464 UTC [131] FATAL:  sorry, too many clients already
db-1  | 2026-02-05 07:49:22.465 UTC [132] FATAL:  sorry, too many clients already
db-1  | 2026-02-05 07:49:22.465 UTC [130] FATAL:  sorry, too many clients already
db-1  | 2026-02-05 07:49:22.475 UTC [129] FATAL:  sorry, too many clients already
db-1  | 2026-02-05 07:49:22.476 UTC [133] FATAL:  sorry, too many clients already
db-1  | 2026-02-05 07:49:22.485 UTC [134] FATAL:  sorry, too many clients already
db-1  | 2026-02-05 07:49:22.489 UTC [135] FATAL:  sorry, too many clients already
db-1  | 2026-02-05 07:49:22.497 UTC [136] FATAL:  sorry, too many clients already
db-1  | 2026-02-05 07:49:22.498 UTC [138] FATAL:  sorry, too many clients already
db-1  | 2026-02-05 07:49:22.510 UTC [137] FATAL:  sorry, too many clients already
db-1  | 2026-02-05 07:49:22.514 UTC [139] FATAL:  sorry, too many clients already
db-1  | 2026-02-05 07:49:22.524 UTC [140] FATAL:  sorry, too many clients already
db-1  | 2026-02-05 07:49:22.526 UTC [141] FATAL:  sorry, too many clients already
db-1  | 2026-02-05 07:49:22.535 UTC [142] FATAL:  sorry, too many clients already
db-1  | 2026-02-05 07:49:22.541 UTC [143] FATAL:  sorry, too many clients already
db-1  | 2026-02-05 07:49:22.549 UTC [145] FATAL:  sorry, too many clients already
db-1  | 2026-02-05 07:49:22.550 UTC [144] FATAL:  sorry, too many clients already
db-1  | 2026-02-05 07:49:22.550 UTC [146] FATAL:  sorry, too many clients already
db-1  | 2026-02-05 07:49:22.559 UTC [147] FATAL:  sorry, too many clients already
db-1  | 2026-02-05 07:49:22.564 UTC [148] FATAL:  sorry, too many clients already
db-1  | 2026-02-05 07:49:22.565 UTC [149] FATAL:  sorry, too many clients already
db-1  | 2026-02-05 07:49:22.573 UTC [150] FATAL:  sorry, too many clients already
db-1  | 2026-02-05 07:49:22.575 UTC [154] FATAL:  sorry, too many clients already
db-1  | 2026-02-05 07:49:22.578 UTC [151] FATAL:  sorry, too many clients already
db-1  | 2026-02-05 07:49:22.582 UTC [152] FATAL:  sorry, too many clients already
db-1  | 2026-02-05 07:49:22.584 UTC [153] FATAL:  sorry, too many clients already
db-1  | 2026-02-05 07:49:22.607 UTC [155] FATAL:  sorry, too many clients already
db-1  | 2026-02-05 07:49:22.608 UTC [156] FATAL:  sorry, too many clients already
db-1  | 2026-02-05 07:49:22.609 UTC [157] FATAL:  sorry, too many clients already
db-1  | 2026-02-05 07:49:22.617 UTC [158] FATAL:  sorry, too many clients already
db-1  | 2026-02-05 07:49:22.620 UTC [159] FATAL:  sorry, too many clients already
db-1  | 2026-02-05 07:49:22.623 UTC [160] FATAL:  sorry, too many clients already
db-1  | 2026-02-05 07:49:22.630 UTC [161] FATAL:  sorry, too many clients already
db-1  | 2026-02-05 07:49:22.631 UTC [162] FATAL:  sorry, too many clients already
db-1  | 2026-02-05 07:49:22.638 UTC [163] FATAL:  sorry, too many clients already
db-1  | 2026-02-05 07:49:22.639 UTC [164] FATAL:  sorry, too many clients already
db-1  | 2026-02-05 07:49:22.648 UTC [165] FATAL:  sorry, too many clients already
db-1  | 2026-02-05 07:49:22.651 UTC [167] FATAL:  sorry, too many clients already
db-1  | 2026-02-05 07:49:22.655 UTC [166] FATAL:  sorry, too many clients already
db-1  | 2026-02-05 07:49:22.676 UTC [168] FATAL:  sorry, too many clients already
db-1  | 2026-02-05 07:49:22.677 UTC [169] FATAL:  sorry, too many clients already
db-1  | 2026-02-05 07:49:22.683 UTC [170] FATAL:  sorry, too many clients already
db-1  | 2026-02-05 07:49:22.684 UTC [172] FATAL:  sorry, too many clients already
db-1  | 2026-02-05 07:49:22.685 UTC [173] FATAL:  sorry, too many clients already
db-1  | 2026-02-05 07:49:22.696 UTC [174] FATAL:  sorry, too many clients already
db-1  | 2026-02-05 07:49:22.702 UTC [171] FATAL:  sorry, too many clients already
db-1  | 2026-02-05 07:49:22.704 UTC [177] FATAL:  sorry, too many clients already
db-1  | 2026-02-05 07:49:22.715 UTC [176] FATAL:  sorry, too many clients already
db-1  | 2026-02-05 07:49:22.715 UTC [175] FATAL:  sorry, too many clients already
db-1  | 2026-02-05 07:49:22.719 UTC [178] FATAL:  sorry, too many clients already
db-1  | 2026-02-05 07:49:22.729 UTC [179] FATAL:  sorry, too many clients already
db-1  | 2026-02-05 07:49:22.732 UTC [180] FATAL:  sorry, too many clients already
db-1  | 2026-02-05 07:49:22.749 UTC [182] FATAL:  sorry, too many clients already
db-1  | 2026-02-05 07:49:22.750 UTC [183] FATAL:  sorry, too many clients already
db-1  | 2026-02-05 07:49:22.751 UTC [181] FATAL:  sorry, too many clients already
db-1  | 2026-02-05 07:49:22.759 UTC [184] FATAL:  sorry, too many clients already
db-1  | 2026-02-05 07:49:22.765 UTC [185] FATAL:  sorry, too many clients already
db-1  | 2026-02-05 07:49:22.768 UTC [186] FATAL:  sorry, too many clients already
db-1  | 2026-02-05 07:49:22.774 UTC [187] FATAL:  sorry, too many clients already
db-1  | 2026-02-05 07:49:22.780 UTC [188] FATAL:  sorry, too many clients already
db-1  | 2026-02-05 07:49:22.783 UTC [189] FATAL:  sorry, too many clients already
db-1  | 2026-02-05 07:49:22.790 UTC [190] FATAL:  sorry, too many clients already
db-1  | 2026-02-05 07:49:22.791 UTC [191] FATAL:  sorry, too many clients already
db-1  | 2026-02-05 07:49:22.791 UTC [192] FATAL:  sorry, too many clients already
db-1  | 2026-02-05 07:49:22.797 UTC [193] FATAL:  sorry, too many clients already
db-1  | 2026-02-05 07:49:22.798 UTC [194] FATAL:  sorry, too many clients already
db-1  | 2026-02-05 07:49:22.804 UTC [195] FATAL:  sorry, too many clients already
db-1  | 2026-02-05 07:49:22.812 UTC [196] FATAL:  sorry, too many clients already
db-1  | 2026-02-05 07:49:22.814 UTC [197] FATAL:  sorry, too many clients already
db-1  | 2026-02-05 07:49:22.823 UTC [198] FATAL:  sorry, too many clients already
db-1  | 2026-02-05 07:49:22.824 UTC [199] FATAL:  sorry, too many clients already
db-1  | 2026-02-05 07:49:22.843 UTC [200] FATAL:  sorry, too many clients already
db-1  | 2026-02-05 07:49:22.845 UTC [201] FATAL:  sorry, too many clients already
db-1  | 2026-02-05 07:49:22.847 UTC [202] FATAL:  sorry, too many clients already
db-1  | 2026-02-05 07:49:22.848 UTC [203] FATAL:  sorry, too many clients already
db-1  | 2026-02-05 07:49:22.866 UTC [204] FATAL:  sorry, too many clients already
db-1  | 2026-02-05 07:49:22.869 UTC [205] FATAL:  sorry, too many clients already
db-1  | 2026-02-05 07:49:22.870 UTC [206] FATAL:  sorry, too many clients already
db-1  | 2026-02-05 07:49:22.873 UTC [207] FATAL:  sorry, too many clients already
db-1  | 2026-02-05 07:49:22.874 UTC [208] FATAL:  sorry, too many clients already
db-1  | 2026-02-05 07:49:22.881 UTC [209] FATAL:  sorry, too many clients already
db-1  | 2026-02-05 07:49:22.898 UTC [210] FATAL:  sorry, too many clients already
db-1  | 2026-02-05 07:49:22.899 UTC [211] FATAL:  sorry, too many clients already
db-1  | 2026-02-05 07:49:22.905 UTC [212] FATAL:  sorry, too many clients already
db-1  | 2026-02-05 07:49:22.911 UTC [213] FATAL:  sorry, too many clients already
db-1  | 2026-02-05 07:49:22.916 UTC [214] FATAL:  sorry, too many clients already
db-1  | 2026-02-05 07:49:22.917 UTC [215] FATAL:  sorry, too many clients already
db-1  | 2026-02-05 07:49:22.920 UTC [216] FATAL:  sorry, too many clients already
db-1  | 2026-02-05 07:49:22.925 UTC [217] FATAL:  sorry, too many clients already
db-1  | 2026-02-05 07:49:22.929 UTC [218] FATAL:  sorry, too many clients already
db-1  | 2026-02-05 07:49:22.938 UTC [219] FATAL:  sorry, too many clients already
db-1  | 2026-02-05 07:49:22.940 UTC [220] FATAL:  sorry, too many clients already
db-1  | 2026-02-05 07:49:22.944 UTC [221] FATAL:  sorry, too many clients already
db-1  | 2026-02-05 07:49:22.951 UTC [222] FATAL:  sorry, too many clients already
db-1  | 2026-02-05 07:49:22.956 UTC [223] FATAL:  sorry, too many clients already
db-1  | 2026-02-05 07:49:22.957 UTC [224] FATAL:  sorry, too many clients already
db-1  | 2026-02-05 07:49:22.959 UTC [225] FATAL:  sorry, too many clients already
db-1  | 2026-02-05 07:49:22.971 UTC [226] FATAL:  sorry, too many clients already
db-1  | 2026-02-05 07:49:22.976 UTC [227] FATAL:  sorry, too many clients already
db-1  | 2026-02-05 07:49:22.980 UTC [228] FATAL:  sorry, too many clients already
db-1  | 2026-02-05 07:49:22.985 UTC [229] FATAL:  sorry, too many clients already
db-1  | 2026-02-05 07:49:22.990 UTC [233] FATAL:  sorry, too many clients already
db-1  | 2026-02-05 07:49:22.995 UTC [230] FATAL:  sorry, too many clients already
db-1  | 2026-02-05 07:49:22.995 UTC [231] FATAL:  sorry, too many clients already
db-1  | 2026-02-05 07:49:22.996 UTC [232] FATAL:  sorry, too many clients already
db-1  | 2026-02-05 07:49:23.007 UTC [235] FATAL:  sorry, too many clients already
db-1  | 2026-02-05 07:49:23.013 UTC [237] FATAL:  sorry, too many clients already
db-1  | 2026-02-05 07:49:23.014 UTC [236] FATAL:  sorry, too many clients already
db-1  | 2026-02-05 07:49:23.021 UTC [238] FATAL:  sorry, too many clients already
db-1  | 2026-02-05 07:49:23.021 UTC [239] FATAL:  sorry, too many clients already
db-1  | 2026-02-05 07:49:23.022 UTC [234] FATAL:  sorry, too many clients already
db-1  | 2026-02-05 07:49:23.025 UTC [240] FATAL:  sorry, too many clients already
db-1  | 2026-02-05 07:49:23.039 UTC [241] FATAL:  sorry, too many clients already
db-1  | 2026-02-05 07:49:23.045 UTC [243] FATAL:  sorry, too many clients already
db-1  | 2026-02-05 07:49:23.051 UTC [242] FATAL:  sorry, too many clients already
db-1  | 2026-02-05 07:49:23.057 UTC [244] FATAL:  sorry, too many clients already
db-1  | 2026-02-05 07:49:23.072 UTC [250] FATAL:  sorry, too many clients already
db-1  | 2026-02-05 07:49:23.073 UTC [247] FATAL:  sorry, too many clients already
db-1  | 2026-02-05 07:49:23.076 UTC [246] FATAL:  sorry, too many clients already
db-1  | 2026-02-05 07:49:23.077 UTC [248] FATAL:  sorry, too many clients already
db-1  | 2026-02-05 07:49:23.077 UTC [249] FATAL:  sorry, too many clients already
db-1  | 2026-02-05 07:49:23.078 UTC [251] FATAL:  sorry, too many clients already
db-1  | 2026-02-05 07:49:23.082 UTC [252] FATAL:  sorry, too many clients already
db-1  | 2026-02-05 07:49:23.084 UTC [245] FATAL:  sorry, too many clients already
db-1  | 2026-02-05 07:49:23.105 UTC [253] FATAL:  sorry, too many clients already
db-1  | 2026-02-05 07:49:23.106 UTC [254] FATAL:  sorry, too many clients already
db-1  | 2026-02-05 07:49:23.107 UTC [255] FATAL:  sorry, too many clients already
db-1  | 2026-02-05 07:49:23.126 UTC [256] FATAL:  sorry, too many clients already
db-1  | 2026-02-05 07:49:23.129 UTC [257] FATAL:  sorry, too many clients already
db-1  | 2026-02-05 07:49:23.131 UTC [258] FATAL:  sorry, too many clients already
db-1  | 2026-02-05 07:49:23.141 UTC [259] FATAL:  sorry, too many clients already
db-1  | 2026-02-05 07:49:23.146 UTC [260] FATAL:  sorry, too many clients already
db-1  | 2026-02-05 07:49:23.151 UTC [261] FATAL:  sorry, too many clients already
db-1  | 2026-02-05 07:49:23.159 UTC [262] FATAL:  sorry, too many clients already
db-1  | 2026-02-05 07:49:23.161 UTC [263] FATAL:  sorry, too many clients already
db-1  | 2026-02-05 07:49:23.169 UTC [264] FATAL:  sorry, too many clients already
db-1  | 2026-02-05 07:49:23.170 UTC [266] FATAL:  sorry, too many clients already
db-1  | 2026-02-05 07:49:23.171 UTC [265] FATAL:  sorry, too many clients already
db-1  | 2026-02-05 07:49:23.183 UTC [267] FATAL:  sorry, too many clients already
db-1  | 2026-02-05 07:49:23.185 UTC [268] FATAL:  sorry, too many clients already
db-1  | 2026-02-05 07:49:23.186 UTC [269] FATAL:  sorry, too many clients already
db-1  | 2026-02-05 07:49:23.199 UTC [270] FATAL:  sorry, too many clients already
db-1  | 2026-02-05 07:49:23.200 UTC [271] FATAL:  sorry, too many clients already
db-1  | 2026-02-05 07:49:23.202 UTC [272] FATAL:  sorry, too many clients already
db-1  | 2026-02-05 07:49:23.207 UTC [273] FATAL:  sorry, too many clients already
db-1  | 2026-02-05 07:49:23.213 UTC [274] FATAL:  sorry, too many clients already
db-1  | 2026-02-05 07:49:23.218 UTC [275] FATAL:  sorry, too many clients already
db-1  | 2026-02-05 07:49:23.221 UTC [276] FATAL:  sorry, too many clients already
db-1  | 2026-02-05 07:49:23.229 UTC [277] FATAL:  sorry, too many clients already
db-1  | 2026-02-05 07:49:23.234 UTC [278] FATAL:  sorry, too many clients already
db-1  | 2026-02-05 07:49:23.235 UTC [279] FATAL:  sorry, too many clients already
db-1  | 2026-02-05 07:49:23.242 UTC [280] FATAL:  sorry, too many clients already
db-1  | 2026-02-05 07:49:23.245 UTC [281] FATAL:  sorry, too many clients already
db-1  | 2026-02-05 07:49:23.253 UTC [283] FATAL:  sorry, too many clients already
db-1  | 2026-02-05 07:49:23.255 UTC [282] FATAL:  sorry, too many clients already
db-1  | 2026-02-05 07:49:23.265 UTC [284] FATAL:  sorry, too many clients already
db-1  | 2026-02-05 07:49:23.266 UTC [285] FATAL:  sorry, too many clients already
db-1  | 2026-02-05 07:49:23.271 UTC [286] FATAL:  sorry, too many clients already
db-1  | 2026-02-05 07:49:23.278 UTC [287] FATAL:  sorry, too many clients already
db-1  | 2026-02-05 07:49:23.283 UTC [288] FATAL:  sorry, too many clients already
db-1  | 2026-02-05 07:49:23.293 UTC [289] FATAL:  sorry, too many clients already
db-1  | 2026-02-05 07:49:23.295 UTC [290] FATAL:  sorry, too many clients already
db-1  | 2026-02-05 07:49:23.296 UTC [291] FATAL:  sorry, too many clients already
db-1  | 2026-02-05 07:49:23.297 UTC [292] FATAL:  sorry, too many clients already
db-1  | 2026-02-05 07:49:23.305 UTC [293] FATAL:  sorry, too many clients already
db-1  | 2026-02-05 07:49:23.311 UTC [294] FATAL:  sorry, too many clients already
db-1  | 2026-02-05 07:49:23.318 UTC [295] FATAL:  sorry, too many clients already
db-1  | 2026-02-05 07:49:23.319 UTC [296] FATAL:  sorry, too many clients already
db-1  | 2026-02-05 07:49:23.322 UTC [297] FATAL:  sorry, too many clients already
db-1  | 2026-02-05 07:49:23.324 UTC [300] FATAL:  sorry, too many clients already
db-1  | 2026-02-05 07:49:23.325 UTC [298] FATAL:  sorry, too many clients already
db-1  | 2026-02-05 07:49:23.328 UTC [299] FATAL:  sorry, too many clients already
db-1  | 2026-02-05 07:49:23.343 UTC [301] FATAL:  sorry, too many clients already
db-1  | 2026-02-05 07:49:23.348 UTC [302] FATAL:  sorry, too many clients already
db-1  | 2026-02-05 07:49:23.358 UTC [303] FATAL:  sorry, too many clients already
db-1  | 2026-02-05 07:49:23.360 UTC [304] FATAL:  sorry, too many clients already
db-1  | 2026-02-05 07:49:23.362 UTC [305] FATAL:  sorry, too many clients already
db-1  | 2026-02-05 07:49:23.363 UTC [306] FATAL:  sorry, too many clients already
db-1  | 2026-02-05 07:49:23.375 UTC [308] FATAL:  sorry, too many clients already
db-1  | 2026-02-05 07:49:23.378 UTC [309] FATAL:  sorry, too many clients already
db-1  | 2026-02-05 07:49:23.379 UTC [307] FATAL:  sorry, too many clients already
db-1  | 2026-02-05 07:49:23.379 UTC [310] FATAL:  sorry, too many clients already
db-1  | 2026-02-05 07:49:23.402 UTC [311] FATAL:  sorry, too many clients already
db-1  | 2026-02-05 07:49:23.403 UTC [315] FATAL:  sorry, too many clients already
db-1  | 2026-02-05 07:49:23.405 UTC [312] FATAL:  sorry, too many clients already
db-1  | 2026-02-05 07:49:23.407 UTC [313] FATAL:  sorry, too many clients already
db-1  | 2026-02-05 07:49:23.407 UTC [316] FATAL:  sorry, too many clients already
db-1  | 2026-02-05 07:49:23.414 UTC [314] FATAL:  sorry, too many clients already
db-1  | 2026-02-05 07:49:23.424 UTC [317] FATAL:  sorry, too many clients already
db-1  | 2026-02-05 07:49:23.425 UTC [318] FATAL:  sorry, too many clients already
db-1  | 2026-02-05 07:49:23.431 UTC [319] FATAL:  sorry, too many clients already
db-1  | 2026-02-05 07:49:23.446 UTC [320] FATAL:  sorry, too many clients already
db-1  | 2026-02-05 07:49:23.448 UTC [321] FATAL:  sorry, too many clients already
db-1  | 2026-02-05 07:49:23.451 UTC [322] FATAL:  sorry, too many clients already
db-1  | 2026-02-05 07:49:23.465 UTC [323] FATAL:  sorry, too many clients already
db-1  | 2026-02-05 07:49:23.465 UTC [324] FATAL:  sorry, too many clients already
db-1  | 2026-02-05 07:49:23.466 UTC [325] FATAL:  sorry, too many clients already
db-1  | 2026-02-05 07:49:23.481 UTC [326] FATAL:  sorry, too many clients already
db-1  | 2026-02-05 07:49:23.484 UTC [327] FATAL:  sorry, too many clients already
db-1  | 2026-02-05 07:49:23.491 UTC [328] FATAL:  sorry, too many clients already
db-1  | 2026-02-05 07:49:23.491 UTC [329] FATAL:  sorry, too many clients already
db-1  | 2026-02-05 07:49:23.500 UTC [330] FATAL:  sorry, too many clients already
db-1  | 2026-02-05 07:49:23.501 UTC [331] FATAL:  sorry, too many clients already
db-1  | 2026-02-05 07:49:23.505 UTC [332] FATAL:  sorry, too many clients already
db-1  | 2026-02-05 07:49:23.518 UTC [333] FATAL:  sorry, too many clients already
db-1  | 2026-02-05 07:49:23.545 UTC [334] FATAL:  sorry, too many clients already
db-1  | 2026-02-05 07:49:23.548 UTC [335] FATAL:  sorry, too many clients already
db-1  | 2026-02-05 07:49:23.549 UTC [336] FATAL:  sorry, too many clients already
db-1  | 2026-02-05 07:49:23.554 UTC [337] FATAL:  sorry, too many clients already
db-1  | 2026-02-05 07:49:23.567 UTC [338] FATAL:  sorry, too many clients already
db-1  | 2026-02-05 07:49:23.568 UTC [339] FATAL:  sorry, too many clients already
db-1  | 2026-02-05 07:49:23.572 UTC [340] FATAL:  sorry, too many clients already
db-1  | 2026-02-05 07:49:23.573 UTC [341] FATAL:  sorry, too many clients already
db-1  | 2026-02-05 07:49:23.588 UTC [342] FATAL:  sorry, too many clients already
db-1  | 2026-02-05 07:49:23.591 UTC [343] FATAL:  sorry, too many clients already
db-1  | 2026-02-05 07:49:23.594 UTC [344] FATAL:  sorry, too many clients already
db-1  | 2026-02-05 07:49:23.601 UTC [345] FATAL:  sorry, too many clients already
db-1  | 2026-02-05 07:49:23.602 UTC [346] FATAL:  sorry, too many clients already
db-1  | 2026-02-05 07:49:23.605 UTC [347] FATAL:  sorry, too many clients already
db-1  | 2026-02-05 07:49:23.606 UTC [348] FATAL:  sorry, too many clients already
db-1  | 2026-02-05 07:49:23.613 UTC [349] FATAL:  sorry, too many clients already
db-1  | 2026-02-05 07:49:23.616 UTC [351] FATAL:  sorry, too many clients already
db-1  | 2026-02-05 07:49:23.617 UTC [350] FATAL:  sorry, too many clients already
db-1  | 2026-02-05 07:49:23.623 UTC [353] FATAL:  sorry, too many clients already
db-1  | 2026-02-05 07:49:23.625 UTC [352] FATAL:  sorry, too many clients already
db-1  | 2026-02-05 07:49:23.629 UTC [354] FATAL:  sorry, too many clients already
db-1  | 2026-02-05 07:49:23.632 UTC [355] FATAL:  sorry, too many clients already
db-1  | 2026-02-05 07:49:23.635 UTC [357] FATAL:  sorry, too many clients already
db-1  | 2026-02-05 07:49:23.636 UTC [356] FATAL:  sorry, too many clients already
db-1  | 2026-02-05 07:49:23.642 UTC [358] FATAL:  sorry, too many clients already
db-1  | 2026-02-05 07:49:23.648 UTC [359] FATAL:  sorry, too many clients already
db-1  | 2026-02-05 07:49:23.655 UTC [360] FATAL:  sorry, too many clients already
db-1  | 2026-02-05 07:49:23.657 UTC [361] FATAL:  sorry, too many clients already
db-1  | 2026-02-05 07:49:23.660 UTC [362] FATAL:  sorry, too many clients already
db-1  | 2026-02-05 07:49:23.662 UTC [364] FATAL:  sorry, too many clients already
db-1  | 2026-02-05 07:49:23.665 UTC [367] FATAL:  sorry, too many clients already
db-1  | 2026-02-05 07:49:23.666 UTC [363] FATAL:  sorry, too many clients already
db-1  | 2026-02-05 07:49:23.672 UTC [366] FATAL:  sorry, too many clients already
db-1  | 2026-02-05 07:49:23.673 UTC [365] FATAL:  sorry, too many clients already
db-1  | 2026-02-05 07:49:23.676 UTC [369] FATAL:  sorry, too many clients already
db-1  | 2026-02-05 07:49:23.682 UTC [370] FATAL:  sorry, too many clients already
db-1  | 2026-02-05 07:49:23.683 UTC [371] FATAL:  sorry, too many clients already
db-1  | 2026-02-05 07:49:23.691 UTC [368] FATAL:  sorry, too many clients already
db-1  | 2026-02-05 07:49:23.700 UTC [372] FATAL:  sorry, too many clients already
db-1  | 2026-02-05 07:49:23.707 UTC [373] FATAL:  sorry, too many clients already
db-1  | 2026-02-05 07:49:23.711 UTC [374] FATAL:  sorry, too many clients already
db-1  | 2026-02-05 07:49:23.716 UTC [375] FATAL:  sorry, too many clients already
db-1  | 2026-02-05 07:49:23.719 UTC [376] FATAL:  sorry, too many clients already
db-1  | 2026-02-05 07:49:23.724 UTC [377] FATAL:  sorry, too many clients already
db-1  | 2026-02-05 07:49:23.726 UTC [378] FATAL:  sorry, too many clients already
db-1  | 2026-02-05 07:49:23.732 UTC [379] FATAL:  sorry, too many clients already
db-1  | 2026-02-05 07:49:23.737 UTC [380] FATAL:  sorry, too many clients already
db-1  | 2026-02-05 07:49:23.742 UTC [381] FATAL:  sorry, too many clients already
db-1  | 2026-02-05 07:49:23.742 UTC [382] FATAL:  sorry, too many clients already
db-1  | 2026-02-05 07:49:23.743 UTC [383] FATAL:  sorry, too many clients already
db-1  | 2026-02-05 07:49:23.754 UTC [384] FATAL:  sorry, too many clients already
db-1  | 2026-02-05 07:49:23.758 UTC [385] FATAL:  sorry, too many clients already
db-1  | 2026-02-05 07:49:23.761 UTC [386] FATAL:  sorry, too many clients already
db-1  | 2026-02-05 07:49:23.763 UTC [388] FATAL:  sorry, too many clients already
db-1  | 2026-02-05 07:49:23.765 UTC [387] FATAL:  sorry, too many clients already
db-1  | 2026-02-05 07:49:23.768 UTC [389] FATAL:  sorry, too many clients already
db-1  | 2026-02-05 07:49:23.774 UTC [390] FATAL:  sorry, too many clients already
db-1  | 2026-02-05 07:49:23.778 UTC [392] FATAL:  sorry, too many clients already
db-1  | 2026-02-05 07:49:23.780 UTC [391] FATAL:  sorry, too many clients already
db-1  | 2026-02-05 07:49:23.788 UTC [393] FATAL:  sorry, too many clients already
db-1  | 2026-02-05 07:49:23.789 UTC [394] FATAL:  sorry, too many clients already
db-1  | 2026-02-05 07:49:23.792 UTC [395] FATAL:  sorry, too many clients already
db-1  | 2026-02-05 07:49:23.798 UTC [396] FATAL:  sorry, too many clients already
db-1  | 2026-02-05 07:49:23.802 UTC [397] FATAL:  sorry, too many clients already
db-1  | 2026-02-05 07:49:23.804 UTC [398] FATAL:  sorry, too many clients already
db-1  | 2026-02-05 07:49:23.811 UTC [399] FATAL:  sorry, too many clients already
db-1  | 2026-02-05 07:49:23.811 UTC [400] FATAL:  sorry, too many clients already
db-1  | 2026-02-05 07:49:23.812 UTC [401] FATAL:  sorry, too many clients already
db-1  | 2026-02-05 07:49:23.821 UTC [402] FATAL:  sorry, too many clients already
db-1  | 2026-02-05 07:49:23.822 UTC [403] FATAL:  sorry, too many clients already
db-1  | 2026-02-05 07:49:23.824 UTC [404] FATAL:  sorry, too many clients already
db-1  | 2026-02-05 07:49:23.832 UTC [406] FATAL:  sorry, too many clients already
db-1  | 2026-02-05 07:49:23.833 UTC [405] FATAL:  sorry, too many clients already
db-1  | 2026-02-05 07:49:23.837 UTC [407] FATAL:  sorry, too many clients already
db-1  | 2026-02-05 07:49:23.844 UTC [408] FATAL:  sorry, too many clients already
db-1  | 2026-02-05 07:49:23.847 UTC [409] FATAL:  sorry, too many clients already
db-1  | 2026-02-05 07:49:23.854 UTC [410] FATAL:  sorry, too many clients already
db-1  | 2026-02-05 07:49:23.859 UTC [412] FATAL:  sorry, too many clients already
db-1  | 2026-02-05 07:49:23.859 UTC [411] FATAL:  sorry, too many clients already
db-1  | 2026-02-05 07:49:23.860 UTC [413] FATAL:  sorry, too many clients already
db-1  | 2026-02-05 07:49:23.867 UTC [414] FATAL:  sorry, too many clients already
db-1  | 2026-02-05 07:49:23.873 UTC [415] FATAL:  sorry, too many clients already
db-1  | 2026-02-05 07:49:23.880 UTC [416] FATAL:  sorry, too many clients already
db-1  | 2026-02-05 07:49:23.881 UTC [417] FATAL:  sorry, too many clients already
db-1  | 2026-02-05 07:49:23.883 UTC [418] FATAL:  sorry, too many clients already
db-1  | 2026-02-05 07:49:23.889 UTC [419] FATAL:  sorry, too many clients already
db-1  | 2026-02-05 07:49:23.894 UTC [420] FATAL:  sorry, too many clients already
db-1  | 2026-02-05 07:49:23.895 UTC [422] FATAL:  sorry, too many clients already
db-1  | 2026-02-05 07:49:23.896 UTC [421] FATAL:  sorry, too many clients already
db-1  | 2026-02-05 07:49:23.910 UTC [425] FATAL:  sorry, too many clients already
db-1  | 2026-02-05 07:49:23.913 UTC [423] FATAL:  sorry, too many clients already
db-1  | 2026-02-05 07:49:23.916 UTC [424] FATAL:  sorry, too many clients already
db-1  | 2026-02-05 07:49:23.922 UTC [426] FATAL:  sorry, too many clients already
db-1  | 2026-02-05 07:49:23.926 UTC [427] FATAL:  sorry, too many clients already
db-1  | 2026-02-05 07:49:23.931 UTC [429] FATAL:  sorry, too many clients already
db-1  | 2026-02-05 07:49:23.934 UTC [430] FATAL:  sorry, too many clients already
db-1  | 2026-02-05 07:49:23.935 UTC [428] FATAL:  sorry, too many clients already
db-1  | 2026-02-05 07:49:23.941 UTC [431] FATAL:  sorry, too many clients already
db-1  | 2026-02-05 07:49:23.945 UTC [432] FATAL:  sorry, too many clients already
db-1  | 2026-02-05 07:49:23.952 UTC [433] FATAL:  sorry, too many clients already
db-1  | 2026-02-05 07:49:23.957 UTC [434] FATAL:  sorry, too many clients already
db-1  | 2026-02-05 07:49:23.957 UTC [435] FATAL:  sorry, too many clients already
db-1  | 2026-02-05 07:49:23.965 UTC [436] FATAL:  sorry, too many clients already
db-1  | 2026-02-05 07:49:23.969 UTC [437] FATAL:  sorry, too many clients already
db-1  | 2026-02-05 07:49:23.970 UTC [438] FATAL:  sorry, too many clients already
db-1  | 2026-02-05 07:49:23.972 UTC [439] FATAL:  sorry, too many clients already
db-1  | 2026-02-05 07:49:23.981 UTC [440] FATAL:  sorry, too many clients already
db-1  | 2026-02-05 07:49:23.982 UTC [441] FATAL:  sorry, too many clients already
db-1  | 2026-02-05 07:49:23.983 UTC [442] FATAL:  sorry, too many clients already
db-1  | 2026-02-05 07:49:23.985 UTC [443] FATAL:  sorry, too many clients already
db-1  | 2026-02-05 07:49:23.995 UTC [444] FATAL:  sorry, too many clients already
db-1  | 2026-02-05 07:49:23.998 UTC [445] FATAL:  sorry, too many clients already
db-1  | 2026-02-05 07:49:24.007 UTC [446] FATAL:  sorry, too many clients already
db-1  | 2026-02-05 07:49:24.008 UTC [448] FATAL:  sorry, too many clients already
db-1  | 2026-02-05 07:49:24.009 UTC [447] FATAL:  sorry, too many clients already
db-1  | 2026-02-05 07:49:24.013 UTC [449] FATAL:  sorry, too many clients already
db-1  | 2026-02-05 07:49:24.021 UTC [450] FATAL:  sorry, too many clients already
db-1  | 2026-02-05 07:49:24.021 UTC [451] FATAL:  sorry, too many clients already
db-1  | 2026-02-05 07:49:24.032 UTC [452] FATAL:  sorry, too many clients already
db-1  | 2026-02-05 07:49:24.033 UTC [453] FATAL:  sorry, too many clients already
db-1  | 2026-02-05 07:49:24.034 UTC [454] FATAL:  sorry, too many clients already
db-1  | 2026-02-05 07:49:24.036 UTC [455] FATAL:  sorry, too many clients already
db-1  | 2026-02-05 07:49:24.049 UTC [456] FATAL:  sorry, too many clients already
db-1  | 2026-02-05 07:49:24.049 UTC [458] FATAL:  sorry, too many clients already
db-1  | 2026-02-05 07:49:24.051 UTC [457] FATAL:  sorry, too many clients already
db-1  | 2026-02-05 07:49:24.060 UTC [459] FATAL:  sorry, too many clients already
db-1  | 2026-02-05 07:49:24.061 UTC [460] FATAL:  sorry, too many clients already
db-1  | 2026-02-05 07:49:24.063 UTC [461] FATAL:  sorry, too many clients already
db-1  | 2026-02-05 07:49:24.064 UTC [462] FATAL:  sorry, too many clients already
db-1  | 2026-02-05 07:49:24.077 UTC [463] FATAL:  sorry, too many clients already
db-1  | 2026-02-05 07:49:24.081 UTC [464] FATAL:  sorry, too many clients already
db-1  | 2026-02-05 07:49:24.081 UTC [465] FATAL:  sorry, too many clients already
db-1  | 2026-02-05 07:49:24.086 UTC [466] FATAL:  sorry, too many clients already
db-1  | 2026-02-05 07:49:24.089 UTC [467] FATAL:  sorry, too many clients already
db-1  | 2026-02-05 07:49:24.090 UTC [468] FATAL:  sorry, too many clients already
db-1  | 2026-02-05 07:49:24.103 UTC [469] FATAL:  sorry, too many clients already
db-1  | 2026-02-05 07:49:24.104 UTC [471] FATAL:  sorry, too many clients already
db-1  | 2026-02-05 07:49:24.105 UTC [470] FATAL:  sorry, too many clients already
db-1  | 2026-02-05 07:49:24.106 UTC [472] FATAL:  sorry, too many clients already
db-1  | 2026-02-05 07:49:24.109 UTC [473] FATAL:  sorry, too many clients already
db-1  | 2026-02-05 07:49:24.119 UTC [474] FATAL:  sorry, too many clients already
db-1  | 2026-02-05 07:49:24.127 UTC [475] FATAL:  sorry, too many clients already
db-1  | 2026-02-05 07:49:24.131 UTC [476] FATAL:  sorry, too many clients already
db-1  | 2026-02-05 07:49:24.133 UTC [477] FATAL:  sorry, too many clients already
db-1  | 2026-02-05 07:49:24.135 UTC [478] FATAL:  sorry, too many clients already
db-1  | 2026-02-05 07:49:24.138 UTC [479] FATAL:  sorry, too many clients already
db-1  | 2026-02-05 07:49:24.147 UTC [480] FATAL:  sorry, too many clients already
db-1  | 2026-02-05 07:49:24.152 UTC [481] FATAL:  sorry, too many clients already
db-1  | 2026-02-05 07:49:24.157 UTC [482] FATAL:  sorry, too many clients already
db-1  | 2026-02-05 07:49:24.159 UTC [483] FATAL:  sorry, too many clients already
db-1  | 2026-02-05 07:49:24.160 UTC [484] FATAL:  sorry, too many clients already
db-1  | 2026-02-05 07:49:24.160 UTC [485] FATAL:  sorry, too many clients already
db-1  | 2026-02-05 07:49:24.170 UTC [486] FATAL:  sorry, too many clients already
db-1  | 2026-02-05 07:49:24.173 UTC [487] FATAL:  sorry, too many clients already
db-1  | 2026-02-05 07:49:24.173 UTC [488] FATAL:  sorry, too many clients already
db-1  | 2026-02-05 07:49:24.173 UTC [489] FATAL:  sorry, too many clients already
db-1  | 2026-02-05 07:49:24.188 UTC [490] FATAL:  sorry, too many clients already
db-1  | 2026-02-05 07:49:24.191 UTC [491] FATAL:  sorry, too many clients already
db-1  | 2026-02-05 07:49:24.192 UTC [492] FATAL:  sorry, too many clients already
db-1  | 2026-02-05 07:49:24.201 UTC [493] FATAL:  sorry, too many clients already
db-1  | 2026-02-05 07:49:24.201 UTC [494] FATAL:  sorry, too many clients already
db-1  | 2026-02-05 07:49:24.202 UTC [495] FATAL:  sorry, too many clients already
db-1  | 2026-02-05 07:49:24.203 UTC [496] FATAL:  sorry, too many clients already
db-1  | 2026-02-05 07:49:24.205 UTC [497] FATAL:  sorry, too many clients already
db-1  | 2026-02-05 07:49:24.217 UTC [498] FATAL:  sorry, too many clients already
db-1  | 2026-02-05 07:49:24.220 UTC [499] FATAL:  sorry, too many clients already
db-1  | 2026-02-05 07:49:24.222 UTC [500] FATAL:  sorry, too many clients already
db-1  | 2026-02-05 07:49:24.226 UTC [501] FATAL:  sorry, too many clients already
db-1  | 2026-02-05 07:49:24.232 UTC [502] FATAL:  sorry, too many clients already
db-1  | 2026-02-05 07:49:24.243 UTC [503] FATAL:  sorry, too many clients already
db-1  | 2026-02-05 07:49:24.244 UTC [505] FATAL:  sorry, too many clients already
db-1  | 2026-02-05 07:49:24.246 UTC [506] FATAL:  sorry, too many clients already
db-1  | 2026-02-05 07:49:24.246 UTC [507] FATAL:  sorry, too many clients already
db-1  | 2026-02-05 07:49:24.246 UTC [504] FATAL:  sorry, too many clients already
db-1  | 2026-02-05 07:49:24.262 UTC [509] FATAL:  sorry, too many clients already
db-1  | 2026-02-05 07:49:24.264 UTC [508] FATAL:  sorry, too many clients already
db-1  | 2026-02-05 07:49:24.264 UTC [510] FATAL:  sorry, too many clients already
db-1  | 2026-02-05 07:49:24.277 UTC [512] FATAL:  sorry, too many clients already
db-1  | 2026-02-05 07:49:24.278 UTC [513] FATAL:  sorry, too many clients already
db-1  | 2026-02-05 07:49:24.280 UTC [511] FATAL:  sorry, too many clients already
db-1  | 2026-02-05 07:49:24.287 UTC [514] FATAL:  sorry, too many clients already
db-1  | 2026-02-05 07:49:24.287 UTC [515] FATAL:  sorry, too many clients already
db-1  | 2026-02-05 07:49:24.296 UTC [516] FATAL:  sorry, too many clients already
db-1  | 2026-02-05 07:49:24.296 UTC [517] FATAL:  sorry, too many clients already
db-1  | 2026-02-05 07:49:24.297 UTC [518] FATAL:  sorry, too many clients already
db-1  | 2026-02-05 07:49:24.298 UTC [519] FATAL:  sorry, too many clients already
db-1  | 2026-02-05 07:49:24.313 UTC [520] FATAL:  sorry, too many clients already
db-1  | 2026-02-05 07:49:24.315 UTC [522] FATAL:  sorry, too many clients already
db-1  | 2026-02-05 07:49:24.320 UTC [521] FATAL:  sorry, too many clients already
db-1  | 2026-02-05 07:49:24.326 UTC [523] FATAL:  sorry, too many clients already
db-1  | 2026-02-05 07:49:24.330 UTC [524] FATAL:  sorry, too many clients already
db-1  | 2026-02-05 07:49:24.332 UTC [525] FATAL:  sorry, too many clients already
db-1  | 2026-02-05 07:49:24.333 UTC [526] FATAL:  sorry, too many clients already
db-1  | 2026-02-05 07:49:24.335 UTC [527] FATAL:  sorry, too many clients already
db-1  | 2026-02-05 07:49:24.343 UTC [528] FATAL:  sorry, too many clients already
db-1  | 2026-02-05 07:49:24.348 UTC [529] FATAL:  sorry, too many clients already
db-1  | 2026-02-05 07:49:24.350 UTC [530] FATAL:  sorry, too many clients already
db-1  | 2026-02-05 07:49:24.351 UTC [531] FATAL:  sorry, too many clients already
db-1  | 2026-02-05 07:49:24.360 UTC [532] FATAL:  sorry, too many clients already
db-1  | 2026-02-05 07:49:24.362 UTC [533] FATAL:  sorry, too many clients already
db-1  | 2026-02-05 07:49:24.368 UTC [534] FATAL:  sorry, too many clients already
db-1  | 2026-02-05 07:49:24.371 UTC [536] FATAL:  sorry, too many clients already
db-1  | 2026-02-05 07:49:24.371 UTC [535] FATAL:  sorry, too many clients already
db-1  | 2026-02-05 07:49:24.378 UTC [537] FATAL:  sorry, too many clients already
db-1  | 2026-02-05 07:49:24.385 UTC [538] FATAL:  sorry, too many clients already
db-1  | 2026-02-05 07:49:24.386 UTC [539] FATAL:  sorry, too many clients already
db-1  | 2026-02-05 07:49:24.395 UTC [540] FATAL:  sorry, too many clients already
db-1  | 2026-02-05 07:49:24.396 UTC [542] FATAL:  sorry, too many clients already
db-1  | 2026-02-05 07:49:24.397 UTC [541] FATAL:  sorry, too many clients already
db-1  | 2026-02-05 07:49:24.400 UTC [543] FATAL:  sorry, too many clients already
db-1  | 2026-02-05 07:49:24.409 UTC [544] FATAL:  sorry, too many clients already
db-1  | 2026-02-05 07:49:24.414 UTC [545] FATAL:  sorry, too many clients already
db-1  | 2026-02-05 07:49:24.416 UTC [546] FATAL:  sorry, too many clients already
db-1  | 2026-02-05 07:49:24.423 UTC [547] FATAL:  sorry, too many clients already
db-1  | 2026-02-05 07:49:24.423 UTC [548] FATAL:  sorry, too many clients already
db-1  | 2026-02-05 07:49:24.433 UTC [549] FATAL:  sorry, too many clients already
db-1  | 2026-02-05 07:49:24.433 UTC [550] FATAL:  sorry, too many clients already
db-1  | 2026-02-05 07:49:24.439 UTC [551] FATAL:  sorry, too many clients already
db-1  | 2026-02-05 07:49:24.443 UTC [552] FATAL:  sorry, too many clients already
db-1  | 2026-02-05 07:49:24.444 UTC [553] FATAL:  sorry, too many clients already
db-1  | 2026-02-05 07:49:24.452 UTC [554] FATAL:  sorry, too many clients already
db-1  | 2026-02-05 07:49:24.455 UTC [556] FATAL:  sorry, too many clients already
db-1  | 2026-02-05 07:49:24.457 UTC [555] FATAL:  sorry, too many clients already
db-1  | 2026-02-05 07:49:24.462 UTC [557] FATAL:  sorry, too many clients already
db-1  | 2026-02-05 07:49:24.471 UTC [558] FATAL:  sorry, too many clients already
db-1  | 2026-02-05 07:49:24.471 UTC [559] FATAL:  sorry, too many clients already
db-1  | 2026-02-05 07:49:24.477 UTC [560] FATAL:  sorry, too many clients already
db-1  | 2026-02-05 07:49:24.479 UTC [561] FATAL:  sorry, too many clients already
db-1  | 2026-02-05 07:49:24.482 UTC [563] FATAL:  sorry, too many clients already
db-1  | 2026-02-05 07:49:24.484 UTC [562] FATAL:  sorry, too many clients already
db-1  | 2026-02-05 07:49:24.491 UTC [564] FATAL:  sorry, too many clients already
db-1  | 2026-02-05 07:49:24.496 UTC [565] FATAL:  sorry, too many clients already
db-1  | 2026-02-05 07:49:24.500 UTC [566] FATAL:  sorry, too many clients already
db-1  | 2026-02-05 07:49:24.503 UTC [567] FATAL:  sorry, too many clients already
db-1  | 2026-02-05 07:49:24.510 UTC [568] FATAL:  sorry, too many clients already
db-1  | 2026-02-05 07:49:24.510 UTC [569] FATAL:  sorry, too many clients already
db-1  | 2026-02-05 07:49:24.518 UTC [570] FATAL:  sorry, too many clients already
db-1  | 2026-02-05 07:49:24.526 UTC [571] FATAL:  sorry, too many clients already
db-1  | 2026-02-05 07:49:24.527 UTC [572] FATAL:  sorry, too many clients already
db-1  | 2026-02-05 07:49:24.527 UTC [573] FATAL:  sorry, too many clients already
db-1  | 2026-02-05 07:49:24.540 UTC [574] FATAL:  sorry, too many clients already
db-1  | 2026-02-05 07:49:24.548 UTC [575] FATAL:  sorry, too many clients already
db-1  | 2026-02-05 07:49:24.555 UTC [576] FATAL:  sorry, too many clients already
db-1  | 2026-02-05 07:49:24.559 UTC [577] FATAL:  sorry, too many clients already
db-1  | 2026-02-05 07:49:24.574 UTC [578] FATAL:  sorry, too many clients already
db-1  | 2026-02-05 07:49:24.576 UTC [579] FATAL:  sorry, too many clients already
db-1  | 2026-02-05 07:49:24.590 UTC [580] FATAL:  sorry, too many clients already
db-1  | 2026-02-05 07:49:24.591 UTC [581] FATAL:  sorry, too many clients already
db-1  | 2026-02-05 07:49:24.606 UTC [582] FATAL:  sorry, too many clients already
db-1  | 2026-02-05 07:49:24.608 UTC [583] FATAL:  sorry, too many clients already
db-1  | 2026-02-05 07:49:24.619 UTC [584] FATAL:  sorry, too many clients already
db-1  | 2026-02-05 07:49:24.620 UTC [585] FATAL:  sorry, too many clients already
db-1  | 2026-02-05 07:49:24.627 UTC [586] FATAL:  sorry, too many clients already
db-1  | 2026-02-05 07:49:24.628 UTC [587] FATAL:  sorry, too many clients already
db-1  | 2026-02-05 07:49:24.628 UTC [588] FATAL:  sorry, too many clients already
db-1  | 2026-02-05 07:49:24.658 UTC [589] FATAL:  sorry, too many clients already
db-1  | 2026-02-05 07:49:24.666 UTC [590] FATAL:  sorry, too many clients already
db-1  | 2026-02-05 07:49:24.666 UTC [591] FATAL:  sorry, too many clients already
db-1  | 2026-02-05 07:49:24.670 UTC [592] FATAL:  sorry, too many clients already
db-1  | 2026-02-05 07:49:24.689 UTC [593] FATAL:  sorry, too many clients already
db-1  | 2026-02-05 07:49:24.700 UTC [595] FATAL:  sorry, too many clients already
db-1  | 2026-02-05 07:49:24.707 UTC [594] FATAL:  sorry, too many clients already
db-1  | 2026-02-05 07:49:24.712 UTC [598] FATAL:  sorry, too many clients already
db-1  | 2026-02-05 07:49:24.717 UTC [600] FATAL:  sorry, too many clients already
db-1  | 2026-02-05 07:49:24.717 UTC [596] FATAL:  sorry, too many clients already
db-1  | 2026-02-05 07:49:24.723 UTC [601] FATAL:  sorry, too many clients already
db-1  | 2026-02-05 07:49:24.724 UTC [599] FATAL:  sorry, too many clients already
db-1  | 2026-02-05 07:49:24.725 UTC [597] FATAL:  sorry, too many clients already
db-1  | 2026-02-05 07:49:24.733 UTC [602] FATAL:  sorry, too many clients already
db-1  | 2026-02-05 07:49:24.738 UTC [603] FATAL:  sorry, too many clients already
db-1  | 2026-02-05 07:49:24.743 UTC [604] FATAL:  sorry, too many clients already
db-1  | 2026-02-05 07:49:24.744 UTC [605] FATAL:  sorry, too many clients already
db-1  | 2026-02-05 07:49:24.754 UTC [606] FATAL:  sorry, too many clients already
db-1  | 2026-02-05 07:49:24.757 UTC [607] FATAL:  sorry, too many clients already
db-1  | 2026-02-05 07:49:24.763 UTC [608] FATAL:  sorry, too many clients already
db-1  | 2026-02-05 07:49:24.769 UTC [609] FATAL:  sorry, too many clients already
db-1  | 2026-02-05 07:49:24.769 UTC [610] FATAL:  sorry, too many clients already
db-1  | 2026-02-05 07:49:24.772 UTC [611] FATAL:  sorry, too many clients already
db-1  | 2026-02-05 07:49:24.784 UTC [612] FATAL:  sorry, too many clients already
db-1  | 2026-02-05 07:49:24.786 UTC [613] FATAL:  sorry, too many clients already
db-1  | 2026-02-05 07:49:24.791 UTC [614] FATAL:  sorry, too many clients already
db-1  | 2026-02-05 07:49:24.796 UTC [616] FATAL:  sorry, too many clients already
db-1  | 2026-02-05 07:49:24.801 UTC [615] FATAL:  sorry, too many clients already
db-1  | 2026-02-05 07:49:24.809 UTC [617] FATAL:  sorry, too many clients already
db-1  | 2026-02-05 07:49:24.811 UTC [618] FATAL:  sorry, too many clients already
db-1  | 2026-02-05 07:49:24.818 UTC [619] FATAL:  sorry, too many clients already
db-1  | 2026-02-05 07:49:24.821 UTC [620] FATAL:  sorry, too many clients already
db-1  | 2026-02-05 07:49:24.822 UTC [621] FATAL:  sorry, too many clients already
db-1  | 2026-02-05 07:49:24.828 UTC [622] FATAL:  sorry, too many clients already
db-1  | 2026-02-05 07:49:24.830 UTC [623] FATAL:  sorry, too many clients already
db-1  | 2026-02-05 07:49:24.831 UTC [624] FATAL:  sorry, too many clients already
db-1  | 2026-02-05 07:49:24.840 UTC [625] FATAL:  sorry, too many clients already
db-1  | 2026-02-05 07:49:24.841 UTC [626] FATAL:  sorry, too many clients already
db-1  | 2026-02-05 07:49:24.844 UTC [627] FATAL:  sorry, too many clients already
db-1  | 2026-02-05 07:49:24.846 UTC [628] FATAL:  sorry, too many clients already
db-1  | 2026-02-05 07:49:24.860 UTC [629] FATAL:  sorry, too many clients already
db-1  | 2026-02-05 07:49:24.861 UTC [630] FATAL:  sorry, too many clients already
db-1  | 2026-02-05 07:49:24.865 UTC [631] FATAL:  sorry, too many clients already
db-1  | 2026-02-05 07:49:24.875 UTC [632] FATAL:  sorry, too many clients already
db-1  | 2026-02-05 07:49:24.877 UTC [633] FATAL:  sorry, too many clients already
db-1  | 2026-02-05 07:49:24.884 UTC [634] FATAL:  sorry, too many clients already
db-1  | 2026-02-05 07:49:24.886 UTC [635] FATAL:  sorry, too many clients already
db-1  | 2026-02-05 07:49:24.887 UTC [636] FATAL:  sorry, too many clients already
db-1  | 2026-02-05 07:49:24.894 UTC [637] FATAL:  sorry, too many clients already
db-1  | 2026-02-05 07:49:24.898 UTC [638] FATAL:  sorry, too many clients already
db-1  | 2026-02-05 07:49:24.900 UTC [639] FATAL:  sorry, too many clients already
db-1  | 2026-02-05 07:49:24.910 UTC [640] FATAL:  sorry, too many clients already
db-1  | 2026-02-05 07:49:24.911 UTC [641] FATAL:  sorry, too many clients already
db-1  | 2026-02-05 07:49:24.911 UTC [642] FATAL:  sorry, too many clients already
db-1  | 2026-02-05 07:49:24.921 UTC [643] FATAL:  sorry, too many clients already
db-1  | 2026-02-05 07:49:24.924 UTC [645] FATAL:  sorry, too many clients already
db-1  | 2026-02-05 07:49:24.926 UTC [644] FATAL:  sorry, too many clients already
db-1  | 2026-02-05 07:49:24.933 UTC [646] FATAL:  sorry, too many clients already
db-1  | 2026-02-05 07:49:24.937 UTC [647] FATAL:  sorry, too many clients already
db-1  | 2026-02-05 07:49:24.945 UTC [649] FATAL:  sorry, too many clients already
db-1  | 2026-02-05 07:49:24.946 UTC [648] FATAL:  sorry, too many clients already
db-1  | 2026-02-05 07:49:24.948 UTC [651] FATAL:  sorry, too many clients already
db-1  | 2026-02-05 07:49:24.949 UTC [650] FATAL:  sorry, too many clients already
db-1  | 2026-02-05 07:49:24.960 UTC [652] FATAL:  sorry, too many clients already
db-1  | 2026-02-05 07:49:24.965 UTC [653] FATAL:  sorry, too many clients already
db-1  | 2026-02-05 07:49:24.967 UTC [654] FATAL:  sorry, too many clients already
db-1  | 2026-02-05 07:49:24.973 UTC [655] FATAL:  sorry, too many clients already
db-1  | 2026-02-05 07:49:24.977 UTC [656] FATAL:  sorry, too many clients already
db-1  | 2026-02-05 07:49:24.984 UTC [657] FATAL:  sorry, too many clients already
db-1  | 2026-02-05 07:49:24.984 UTC [658] FATAL:  sorry, too many clients already
db-1  | 2026-02-05 07:49:24.986 UTC [659] FATAL:  sorry, too many clients already
db-1  | 2026-02-05 07:49:25.000 UTC [660] FATAL:  sorry, too many clients already
db-1  | 2026-02-05 07:49:25.001 UTC [661] FATAL:  sorry, too many clients already
db-1  | 2026-02-05 07:49:25.004 UTC [663] FATAL:  sorry, too many clients already
db-1  | 2026-02-05 07:49:25.005 UTC [665] FATAL:  sorry, too many clients already
db-1  | 2026-02-05 07:49:25.005 UTC [664] FATAL:  sorry, too many clients already
db-1  | 2026-02-05 07:49:25.006 UTC [662] FATAL:  sorry, too many clients already
db-1  | 2026-02-05 07:49:25.013 UTC [666] FATAL:  sorry, too many clients already
db-1  | 2026-02-05 07:49:25.023 UTC [667] FATAL:  sorry, too many clients already
db-1  | 2026-02-05 07:49:25.028 UTC [668] FATAL:  sorry, too many clients already
db-1  | 2026-02-05 07:49:25.032 UTC [669] FATAL:  sorry, too many clients already
db-1  | 2026-02-05 07:49:25.034 UTC [670] FATAL:  sorry, too many clients already
db-1  | 2026-02-05 07:49:25.038 UTC [672] FATAL:  sorry, too many clients already
db-1  | 2026-02-05 07:49:25.039 UTC [671] FATAL:  sorry, too many clients already
db-1  | 2026-02-05 07:49:25.047 UTC [673] FATAL:  sorry, too many clients already
db-1  | 2026-02-05 07:49:25.053 UTC [674] FATAL:  sorry, too many clients already
db-1  | 2026-02-05 07:49:25.064 UTC [675] FATAL:  sorry, too many clients already
db-1  | 2026-02-05 07:49:25.065 UTC [676] FATAL:  sorry, too many clients already
db-1  | 2026-02-05 07:49:25.073 UTC [677] FATAL:  sorry, too many clients already
db-1  | 2026-02-05 07:49:25.082 UTC [678] FATAL:  sorry, too many clients already
db-1  | 2026-02-05 07:49:25.085 UTC [679] FATAL:  sorry, too many clients already
db-1  | 2026-02-05 07:49:25.089 UTC [680] FATAL:  sorry, too many clients already
db-1  | 2026-02-05 07:49:25.093 UTC [682] FATAL:  sorry, too many clients already
db-1  | 2026-02-05 07:49:25.094 UTC [681] FATAL:  sorry, too many clients already
db-1  | 2026-02-05 07:49:25.104 UTC [684] FATAL:  sorry, too many clients already
db-1  | 2026-02-05 07:49:25.106 UTC [683] FATAL:  sorry, too many clients already
db-1  | 2026-02-05 07:49:25.113 UTC [685] FATAL:  sorry, too many clients already
db-1  | 2026-02-05 07:49:25.115 UTC [687] FATAL:  sorry, too many clients already
db-1  | 2026-02-05 07:49:25.116 UTC [686] FATAL:  sorry, too many clients already
db-1  | 2026-02-05 07:49:25.128 UTC [689] FATAL:  sorry, too many clients already
db-1  | 2026-02-05 07:49:25.131 UTC [688] FATAL:  sorry, too many clients already
db-1  | 2026-02-05 07:49:25.132 UTC [690] FATAL:  sorry, too many clients already
db-1  | 2026-02-05 07:49:25.137 UTC [691] FATAL:  sorry, too many clients already
db-1  | 2026-02-05 07:49:25.138 UTC [692] FATAL:  sorry, too many clients already
db-1  | 2026-02-05 07:49:25.138 UTC [693] FATAL:  sorry, too many clients already
db-1  | 2026-02-05 07:49:25.151 UTC [694] FATAL:  sorry, too many clients already
db-1  | 2026-02-05 07:49:25.157 UTC [696] FATAL:  sorry, too many clients already
db-1  | 2026-02-05 07:49:25.157 UTC [695] FATAL:  sorry, too many clients already
db-1  | 2026-02-05 07:49:25.167 UTC [697] FATAL:  sorry, too many clients already
db-1  | 2026-02-05 07:49:25.170 UTC [698] FATAL:  sorry, too many clients already
db-1  | 2026-02-05 07:49:25.171 UTC [699] FATAL:  sorry, too many clients already
db-1  | 2026-02-05 07:49:25.175 UTC [700] FATAL:  sorry, too many clients already
db-1  | 2026-02-05 07:49:25.182 UTC [701] FATAL:  sorry, too many clients already
db-1  | 2026-02-05 07:49:25.188 UTC [702] FATAL:  sorry, too many clients already
db-1  | 2026-02-05 07:49:25.190 UTC [703] FATAL:  sorry, too many clients already
db-1  | 2026-02-05 07:49:25.198 UTC [705] FATAL:  sorry, too many clients already
db-1  | 2026-02-05 07:49:25.200 UTC [704] FATAL:  sorry, too many clients already
db-1  | 2026-02-05 07:49:25.207 UTC [706] FATAL:  sorry, too many clients already
db-1  | 2026-02-05 07:49:25.211 UTC [707] FATAL:  sorry, too many clients already
db-1  | 2026-02-05 07:49:25.216 UTC [708] FATAL:  sorry, too many clients already
db-1  | 2026-02-05 07:49:25.217 UTC [709] FATAL:  sorry, too many clients already
db-1  | 2026-02-05 07:49:25.223 UTC [710] FATAL:  sorry, too many clients already
db-1  | 2026-02-05 07:49:25.229 UTC [711] FATAL:  sorry, too many clients already
db-1  | 2026-02-05 07:49:25.232 UTC [712] FATAL:  sorry, too many clients already
db-1  | 2026-02-05 07:49:25.232 UTC [713] FATAL:  sorry, too many clients already
db-1  | 2026-02-05 07:49:25.238 UTC [714] FATAL:  sorry, too many clients already
db-1  | 2026-02-05 07:49:25.242 UTC [715] FATAL:  sorry, too many clients already
db-1  | 2026-02-05 07:49:25.251 UTC [716] FATAL:  sorry, too many clients already
db-1  | 2026-02-05 07:49:25.254 UTC [717] FATAL:  sorry, too many clients already
db-1  | 2026-02-05 07:49:25.257 UTC [718] FATAL:  sorry, too many clients already
db-1  | 2026-02-05 07:49:25.258 UTC [720] FATAL:  sorry, too many clients already
db-1  | 2026-02-05 07:49:25.261 UTC [721] FATAL:  sorry, too many clients already
db-1  | 2026-02-05 07:49:25.263 UTC [719] FATAL:  sorry, too many clients already
db-1  | 2026-02-05 07:49:25.269 UTC [722] FATAL:  sorry, too many clients already
db-1  | 2026-02-05 07:49:25.277 UTC [723] FATAL:  sorry, too many clients already
db-1  | 2026-02-05 07:49:25.289 UTC [724] FATAL:  sorry, too many clients already
db-1  | 2026-02-05 07:49:25.303 UTC [726] FATAL:  sorry, too many clients already
db-1  | 2026-02-05 07:49:25.304 UTC [725] FATAL:  sorry, too many clients already
db-1  | 2026-02-05 07:49:25.306 UTC [727] FATAL:  sorry, too many clients already
db-1  | 2026-02-05 07:49:25.309 UTC [728] FATAL:  sorry, too many clients already
db-1  | 2026-02-05 07:49:25.311 UTC [729] FATAL:  sorry, too many clients already
db-1  | 2026-02-05 07:49:25.311 UTC [730] FATAL:  sorry, too many clients already
db-1  | 2026-02-05 07:49:25.320 UTC [731] FATAL:  sorry, too many clients already
db-1  | 2026-02-05 07:49:25.324 UTC [732] FATAL:  sorry, too many clients already
db-1  | 2026-02-05 07:49:25.334 UTC [735] FATAL:  sorry, too many clients already
db-1  | 2026-02-05 07:49:25.335 UTC [736] FATAL:  sorry, too many clients already
db-1  | 2026-02-05 07:49:25.327 UTC [733] FATAL:  sorry, too many clients already
db-1  | 2026-02-05 07:49:25.343 UTC [737] FATAL:  sorry, too many clients already
db-1  | 2026-02-05 07:49:25.344 UTC [734] FATAL:  sorry, too many clients already
db-1  | 2026-02-05 07:49:25.352 UTC [738] FATAL:  sorry, too many clients already
db-1  | 2026-02-05 07:49:25.358 UTC [739] FATAL:  sorry, too many clients already
db-1  | 2026-02-05 07:49:25.365 UTC [740] FATAL:  sorry, too many clients already
db-1  | 2026-02-05 07:49:25.369 UTC [743] FATAL:  sorry, too many clients already
db-1  | 2026-02-05 07:49:25.370 UTC [741] FATAL:  sorry, too many clients already
db-1  | 2026-02-05 07:49:25.370 UTC [742] FATAL:  sorry, too many clients already
db-1  | 2026-02-05 07:49:25.382 UTC [744] FATAL:  sorry, too many clients already
db-1  | 2026-02-05 07:49:25.383 UTC [745] FATAL:  sorry, too many clients already
db-1  | 2026-02-05 07:49:25.389 UTC [746] FATAL:  sorry, too many clients already
db-1  | 2026-02-05 07:49:25.395 UTC [747] FATAL:  sorry, too many clients already
db-1  | 2026-02-05 07:49:25.398 UTC [748] FATAL:  sorry, too many clients already
db-1  | 2026-02-05 07:49:25.406 UTC [749] FATAL:  sorry, too many clients already
db-1  | 2026-02-05 07:49:25.411 UTC [751] FATAL:  sorry, too many clients already
db-1  | 2026-02-05 07:49:25.413 UTC [752] FATAL:  sorry, too many clients already
db-1  | 2026-02-05 07:49:25.418 UTC [750] FATAL:  sorry, too many clients already
db-1  | 2026-02-05 07:49:25.427 UTC [754] FATAL:  sorry, too many clients already
db-1  | 2026-02-05 07:49:25.428 UTC [753] FATAL:  sorry, too many clients already
db-1  | 2026-02-05 07:49:25.430 UTC [756] FATAL:  sorry, too many clients already
db-1  | 2026-02-05 07:49:25.432 UTC [755] FATAL:  sorry, too many clients already
db-1  | 2026-02-05 07:49:25.442 UTC [757] FATAL:  sorry, too many clients already
db-1  | 2026-02-05 07:49:25.447 UTC [758] FATAL:  sorry, too many clients already
db-1  | 2026-02-05 07:49:25.448 UTC [759] FATAL:  sorry, too many clients already
db-1  | 2026-02-05 07:49:25.459 UTC [760] FATAL:  sorry, too many clients already
db-1  | 2026-02-05 07:49:25.464 UTC [762] FATAL:  sorry, too many clients already
db-1  | 2026-02-05 07:49:25.465 UTC [761] FATAL:  sorry, too many clients already
db-1  | 2026-02-05 07:49:25.468 UTC [763] FATAL:  sorry, too many clients already
db-1  | 2026-02-05 07:49:25.477 UTC [764] FATAL:  sorry, too many clients already
db-1  | 2026-02-05 07:49:25.485 UTC [766] FATAL:  sorry, too many clients already
db-1  | 2026-02-05 07:49:25.492 UTC [767] FATAL:  sorry, too many clients already
db-1  | 2026-02-05 07:49:25.495 UTC [765] FATAL:  sorry, too many clients already
db-1  | 2026-02-05 07:49:25.498 UTC [768] FATAL:  sorry, too many clients already
db-1  | 2026-02-05 07:49:25.505 UTC [769] FATAL:  sorry, too many clients already
db-1  | 2026-02-05 07:49:25.506 UTC [770] FATAL:  sorry, too many clients already
db-1  | 2026-02-05 07:49:25.518 UTC [771] FATAL:  sorry, too many clients already
db-1  | 2026-02-05 07:49:25.520 UTC [772] FATAL:  sorry, too many clients already
db-1  | 2026-02-05 07:49:25.527 UTC [773] FATAL:  sorry, too many clients already
db-1  | 2026-02-05 07:49:25.529 UTC [774] FATAL:  sorry, too many clients already
db-1  | 2026-02-05 07:49:25.535 UTC [775] FATAL:  sorry, too many clients already
db-1  | 2026-02-05 07:49:25.537 UTC [776] FATAL:  sorry, too many clients already
db-1  | 2026-02-05 07:49:25.546 UTC [777] FATAL:  sorry, too many clients already
db-1  | 2026-02-05 07:49:25.547 UTC [778] FATAL:  sorry, too many clients already
db-1  | 2026-02-05 07:49:25.552 UTC [779] FATAL:  sorry, too many clients already
db-1  | 2026-02-05 07:49:25.557 UTC [780] FATAL:  sorry, too many clients already
db-1  | 2026-02-05 07:49:25.560 UTC [782] FATAL:  sorry, too many clients already
db-1  | 2026-02-05 07:49:25.563 UTC [781] FATAL:  sorry, too many clients already
db-1  | 2026-02-05 07:49:25.566 UTC [783] FATAL:  sorry, too many clients already
db-1  | 2026-02-05 07:49:25.576 UTC [784] FATAL:  sorry, too many clients already
db-1  | 2026-02-05 07:49:25.576 UTC [785] FATAL:  sorry, too many clients already
db-1  | 2026-02-05 07:49:25.579 UTC [786] FATAL:  sorry, too many clients already
db-1  | 2026-02-05 07:49:25.589 UTC [787] FATAL:  sorry, too many clients already
db-1  | 2026-02-05 07:49:25.591 UTC [788] FATAL:  sorry, too many clients already
db-1  | 2026-02-05 07:49:25.590 UTC [789] FATAL:  sorry, too many clients already
db-1  | 2026-02-05 07:49:25.598 UTC [790] FATAL:  sorry, too many clients already
db-1  | 2026-02-05 07:49:25.605 UTC [791] FATAL:  sorry, too many clients already
db-1  | 2026-02-05 07:49:25.607 UTC [792] FATAL:  sorry, too many clients already
db-1  | 2026-02-05 07:49:25.612 UTC [793] FATAL:  sorry, too many clients already
db-1  | 2026-02-05 07:49:25.613 UTC [794] FATAL:  sorry, too many clients already
db-1  | 2026-02-05 07:49:25.625 UTC [796] FATAL:  sorry, too many clients already
db-1  | 2026-02-05 07:49:25.625 UTC [795] FATAL:  sorry, too many clients already
db-1  | 2026-02-05 07:49:25.630 UTC [797] FATAL:  sorry, too many clients already
db-1  | 2026-02-05 07:49:25.634 UTC [798] FATAL:  sorry, too many clients already
db-1  | 2026-02-05 07:49:25.639 UTC [799] FATAL:  sorry, too many clients already
db-1  | 2026-02-05 07:49:25.640 UTC [800] FATAL:  sorry, too many clients already
db-1  | 2026-02-05 07:49:25.649 UTC [801] FATAL:  sorry, too many clients already
db-1  | 2026-02-05 07:49:25.652 UTC [802] FATAL:  sorry, too many clients already
db-1  | 2026-02-05 07:49:25.654 UTC [803] FATAL:  sorry, too many clients already
db-1  | 2026-02-05 07:49:25.662 UTC [804] FATAL:  sorry, too many clients already
db-1  | 2026-02-05 07:49:25.663 UTC [805] FATAL:  sorry, too many clients already
db-1  | 2026-02-05 07:49:25.664 UTC [806] FATAL:  sorry, too many clients already
db-1  | 2026-02-05 07:49:25.673 UTC [807] FATAL:  sorry, too many clients already
db-1  | 2026-02-05 07:49:25.676 UTC [808] FATAL:  sorry, too many clients already
db-1  | 2026-02-05 07:49:25.677 UTC [809] FATAL:  sorry, too many clients already
db-1  | 2026-02-05 07:49:25.688 UTC [810] FATAL:  sorry, too many clients already
db-1  | 2026-02-05 07:49:25.689 UTC [811] FATAL:  sorry, too many clients already
db-1  | 2026-02-05 07:49:25.689 UTC [812] FATAL:  sorry, too many clients already
db-1  | 2026-02-05 07:49:25.689 UTC [813] FATAL:  sorry, too many clients already
db-1  | 2026-02-05 07:49:25.703 UTC [814] FATAL:  sorry, too many clients already
db-1  | 2026-02-05 07:49:25.703 UTC [815] FATAL:  sorry, too many clients already
db-1  | 2026-02-05 07:49:25.712 UTC [816] FATAL:  sorry, too many clients already
db-1  | 2026-02-05 07:49:25.715 UTC [817] FATAL:  sorry, too many clients already
db-1  | 2026-02-05 07:49:25.716 UTC [818] FATAL:  sorry, too many clients already
db-1  | 2026-02-05 07:49:25.727 UTC [819] FATAL:  sorry, too many clients already
db-1  | 2026-02-05 07:49:25.728 UTC [821] FATAL:  sorry, too many clients already
db-1  | 2026-02-05 07:49:25.730 UTC [820] FATAL:  sorry, too many clients already
db-1  | 2026-02-05 07:49:25.735 UTC [822] FATAL:  sorry, too many clients already
db-1  | 2026-02-05 07:49:25.745 UTC [823] FATAL:  sorry, too many clients already
db-1  | 2026-02-05 07:49:25.746 UTC [824] FATAL:  sorry, too many clients already
db-1  | 2026-02-05 07:49:25.752 UTC [825] FATAL:  sorry, too many clients already
db-1  | 2026-02-05 07:49:25.754 UTC [826] FATAL:  sorry, too many clients already
db-1  | 2026-02-05 07:49:25.757 UTC [827] FATAL:  sorry, too many clients already
db-1  | 2026-02-05 07:49:25.765 UTC [828] FATAL:  sorry, too many clients already
db-1  | 2026-02-05 07:49:25.766 UTC [829] FATAL:  sorry, too many clients already
db-1  | 2026-02-05 07:49:25.770 UTC [830] FATAL:  sorry, too many clients already
db-1  | 2026-02-05 07:49:25.781 UTC [831] FATAL:  sorry, too many clients already
db-1  | 2026-02-05 07:49:25.784 UTC [833] FATAL:  sorry, too many clients already
db-1  | 2026-02-05 07:49:25.784 UTC [832] FATAL:  sorry, too many clients already
db-1  | 2026-02-05 07:49:25.793 UTC [834] FATAL:  sorry, too many clients already
db-1  | 2026-02-05 07:49:25.796 UTC [835] FATAL:  sorry, too many clients already
db-1  | 2026-02-05 07:49:25.798 UTC [836] FATAL:  sorry, too many clients already
db-1  | 2026-02-05 07:49:25.807 UTC [837] FATAL:  sorry, too many clients already
db-1  | 2026-02-05 07:49:25.809 UTC [838] FATAL:  sorry, too many clients already
db-1  | 2026-02-05 07:49:25.813 UTC [839] FATAL:  sorry, too many clients already
db-1  | 2026-02-05 07:49:25.821 UTC [840] FATAL:  sorry, too many clients already
db-1  | 2026-02-05 07:49:25.824 UTC [841] FATAL:  sorry, too many clients already
db-1  | 2026-02-05 07:49:25.826 UTC [842] FATAL:  sorry, too many clients already
db-1  | 2026-02-05 07:49:25.828 UTC [843] FATAL:  sorry, too many clients already
db-1  | 2026-02-05 07:49:25.837 UTC [845] FATAL:  sorry, too many clients already
db-1  | 2026-02-05 07:49:25.839 UTC [846] FATAL:  sorry, too many clients already
db-1  | 2026-02-05 07:49:25.840 UTC [844] FATAL:  sorry, too many clients already
db-1  | 2026-02-05 07:49:25.850 UTC [847] FATAL:  sorry, too many clients already
db-1  | 2026-02-05 07:49:25.852 UTC [849] FATAL:  sorry, too many clients already
db-1  | 2026-02-05 07:49:25.852 UTC [848] FATAL:  sorry, too many clients already
db-1  | 2026-02-05 07:49:25.864 UTC [851] FATAL:  sorry, too many clients already
db-1  | 2026-02-05 07:49:25.864 UTC [850] FATAL:  sorry, too many clients already
db-1  | 2026-02-05 07:49:25.871 UTC [852] FATAL:  sorry, too many clients already
db-1  | 2026-02-05 07:49:25.876 UTC [854] FATAL:  sorry, too many clients already
db-1  | 2026-02-05 07:49:25.881 UTC [853] FATAL:  sorry, too many clients already
db-1  | 2026-02-05 07:49:25.887 UTC [855] FATAL:  sorry, too many clients already
db-1  | 2026-02-05 07:49:25.890 UTC [856] FATAL:  sorry, too many clients already
db-1  | 2026-02-05 07:49:25.894 UTC [857] FATAL:  sorry, too many clients already
db-1  | 2026-02-05 07:49:25.898 UTC [858] FATAL:  sorry, too many clients already
db-1  | 2026-02-05 07:49:25.902 UTC [859] FATAL:  sorry, too many clients already
db-1  | 2026-02-05 07:49:25.909 UTC [860] FATAL:  sorry, too many clients already
db-1  | 2026-02-05 07:49:25.910 UTC [861] FATAL:  sorry, too many clients already
db-1  | 2026-02-05 07:49:25.913 UTC [863] FATAL:  sorry, too many clients already
db-1  | 2026-02-05 07:49:25.915 UTC [862] FATAL:  sorry, too many clients already
db-1  | 2026-02-05 07:49:25.922 UTC [864] FATAL:  sorry, too many clients already
db-1  | 2026-02-05 07:49:25.925 UTC [865] FATAL:  sorry, too many clients already
db-1  | 2026-02-05 07:49:25.929 UTC [866] FATAL:  sorry, too many clients already
db-1  | 2026-02-05 07:49:25.938 UTC [867] FATAL:  sorry, too many clients already
db-1  | 2026-02-05 07:49:25.939 UTC [868] FATAL:  sorry, too many clients already
db-1  | 2026-02-05 07:49:25.946 UTC [869] FATAL:  sorry, too many clients already
db-1  | 2026-02-05 07:49:25.946 UTC [870] FATAL:  sorry, too many clients already
db-1  | 2026-02-05 07:49:25.955 UTC [871] FATAL:  sorry, too many clients already
db-1  | 2026-02-05 07:49:25.956 UTC [872] FATAL:  sorry, too many clients already
db-1  | 2026-02-05 07:49:25.961 UTC [873] FATAL:  sorry, too many clients already
db-1  | 2026-02-05 07:49:25.964 UTC [875] FATAL:  sorry, too many clients already
db-1  | 2026-02-05 07:49:25.967 UTC [874] FATAL:  sorry, too many clients already
db-1  | 2026-02-05 07:49:25.974 UTC [876] FATAL:  sorry, too many clients already
db-1  | 2026-02-05 07:49:25.979 UTC [877] FATAL:  sorry, too many clients already
db-1  | 2026-02-05 07:49:25.988 UTC [878] FATAL:  sorry, too many clients already
db-1  | 2026-02-05 07:49:25.991 UTC [879] FATAL:  sorry, too many clients already
db-1  | 2026-02-05 07:49:25.995 UTC [880] FATAL:  sorry, too many clients already
db-1  | 2026-02-05 07:49:25.997 UTC [881] FATAL:  sorry, too many clients already
db-1  | 2026-02-05 07:49:26.001 UTC [882] FATAL:  sorry, too many clients already
db-1  | 2026-02-05 07:49:26.006 UTC [883] FATAL:  sorry, too many clients already
db-1  | 2026-02-05 07:49:26.010 UTC [884] FATAL:  sorry, too many clients already
db-1  | 2026-02-05 07:49:26.013 UTC [885] FATAL:  sorry, too many clients already
db-1  | 2026-02-05 07:49:26.020 UTC [886] FATAL:  sorry, too many clients already
db-1  | 2026-02-05 07:49:26.025 UTC [887] FATAL:  sorry, too many clients already
db-1  | 2026-02-05 07:49:26.033 UTC [888] FATAL:  sorry, too many clients already
db-1  | 2026-02-05 07:49:26.036 UTC [890] FATAL:  sorry, too many clients already
db-1  | 2026-02-05 07:49:26.036 UTC [889] FATAL:  sorry, too many clients already
db-1  | 2026-02-05 07:49:26.040 UTC [891] FATAL:  sorry, too many clients already
db-1  | 2026-02-05 07:49:26.044 UTC [892] FATAL:  sorry, too many clients already
db-1  | 2026-02-05 07:49:26.051 UTC [893] FATAL:  sorry, too many clients already
db-1  | 2026-02-05 07:49:26.054 UTC [894] FATAL:  sorry, too many clients already
db-1  | 2026-02-05 07:49:26.055 UTC [895] FATAL:  sorry, too many clients already
db-1  | 2026-02-05 07:49:26.064 UTC [896] FATAL:  sorry, too many clients already
db-1  | 2026-02-05 07:49:26.066 UTC [897] FATAL:  sorry, too many clients already
db-1  | 2026-02-05 07:49:26.075 UTC [898] FATAL:  sorry, too many clients already
db-1  | 2026-02-05 07:49:26.078 UTC [899] FATAL:  sorry, too many clients already
db-1  | 2026-02-05 07:49:26.083 UTC [901] FATAL:  sorry, too many clients already
db-1  | 2026-02-05 07:49:26.083 UTC [900] FATAL:  sorry, too many clients already
db-1  | 2026-02-05 07:49:26.084 UTC [902] FATAL:  sorry, too many clients already
db-1  | 2026-02-05 07:49:26.089 UTC [903] FATAL:  sorry, too many clients already
db-1  | 2026-02-05 07:49:26.096 UTC [904] FATAL:  sorry, too many clients already
db-1  | 2026-02-05 07:49:26.096 UTC [905] FATAL:  sorry, too many clients already
db-1  | 2026-02-05 07:49:26.106 UTC [906] FATAL:  sorry, too many clients already
db-1  | 2026-02-05 07:49:26.108 UTC [907] FATAL:  sorry, too many clients already
db-1  | 2026-02-05 07:49:26.110 UTC [908] FATAL:  sorry, too many clients already
db-1  | 2026-02-05 07:49:26.111 UTC [909] FATAL:  sorry, too many clients already
db-1  | 2026-02-05 07:49:26.113 UTC [910] FATAL:  sorry, too many clients already
db-1  | 2026-02-05 07:49:26.115 UTC [911] FATAL:  sorry, too many clients already
db-1  | 2026-02-05 07:49:26.135 UTC [913] FATAL:  sorry, too many clients already
db-1  | 2026-02-05 07:49:26.137 UTC [916] FATAL:  sorry, too many clients already
db-1  | 2026-02-05 07:49:26.140 UTC [917] FATAL:  sorry, too many clients already
db-1  | 2026-02-05 07:49:26.141 UTC [912] FATAL:  sorry, too many clients already
db-1  | 2026-02-05 07:49:26.145 UTC [918] FATAL:  sorry, too many clients already
db-1  | 2026-02-05 07:49:26.146 UTC [914] FATAL:  sorry, too many clients already
db-1  | 2026-02-05 07:49:26.150 UTC [915] FATAL:  sorry, too many clients already
db-1  | 2026-02-05 07:49:26.157 UTC [919] FATAL:  sorry, too many clients already
db-1  | 2026-02-05 07:49:26.166 UTC [920] FATAL:  sorry, too many clients already
db-1  | 2026-02-05 07:49:26.176 UTC [921] FATAL:  sorry, too many clients already
db-1  | 2026-02-05 07:49:26.179 UTC [922] FATAL:  sorry, too many clients already
db-1  | 2026-02-05 07:49:26.185 UTC [923] FATAL:  sorry, too many clients already
db-1  | 2026-02-05 07:49:26.189 UTC [924] FATAL:  sorry, too many clients already
db-1  | 2026-02-05 07:49:26.198 UTC [927] FATAL:  sorry, too many clients already
db-1  | 2026-02-05 07:49:26.198 UTC [925] FATAL:  sorry, too many clients already
db-1  | 2026-02-05 07:49:26.201 UTC [926] FATAL:  sorry, too many clients already
db-1  | 2026-02-05 07:49:26.209 UTC [928] FATAL:  sorry, too many clients already
db-1  | 2026-02-05 07:49:26.214 UTC [929] FATAL:  sorry, too many clients already
db-1  | 2026-02-05 07:49:26.219 UTC [930] FATAL:  sorry, too many clients already
db-1  | 2026-02-05 07:49:26.220 UTC [931] FATAL:  sorry, too many clients already
db-1  | 2026-02-05 07:49:26.229 UTC [932] FATAL:  sorry, too many clients already
db-1  | 2026-02-05 07:49:26.236 UTC [933] FATAL:  sorry, too many clients already
db-1  | 2026-02-05 07:49:26.239 UTC [934] FATAL:  sorry, too many clients already
db-1  | 2026-02-05 07:49:26.244 UTC [935] FATAL:  sorry, too many clients already
db-1  | 2026-02-05 07:49:26.249 UTC [936] FATAL:  sorry, too many clients already
db-1  | 2026-02-05 07:49:26.254 UTC [937] FATAL:  sorry, too many clients already
db-1  | 2026-02-05 07:49:26.257 UTC [939] FATAL:  sorry, too many clients already
db-1  | 2026-02-05 07:49:26.264 UTC [938] FATAL:  sorry, too many clients already
db-1  | 2026-02-05 07:49:26.272 UTC [940] FATAL:  sorry, too many clients already
db-1  | 2026-02-05 07:49:26.273 UTC [941] FATAL:  sorry, too many clients already
db-1  | 2026-02-05 07:49:26.279 UTC [942] FATAL:  sorry, too many clients already
db-1  | 2026-02-05 07:49:26.282 UTC [943] FATAL:  sorry, too many clients already
db-1  | 2026-02-05 07:49:26.288 UTC [944] FATAL:  sorry, too many clients already
db-1  | 2026-02-05 07:49:26.288 UTC [945] FATAL:  sorry, too many clients already
db-1  | 2026-02-05 07:49:26.289 UTC [946] FATAL:  sorry, too many clients already
db-1  | 2026-02-05 07:49:26.295 UTC [947] FATAL:  sorry, too many clients already
db-1  | 2026-02-05 07:49:26.304 UTC [949] FATAL:  sorry, too many clients already
db-1  | 2026-02-05 07:49:26.309 UTC [948] FATAL:  sorry, too many clients already
db-1  | 2026-02-05 07:49:26.315 UTC [950] FATAL:  sorry, too many clients already
db-1  | 2026-02-05 07:49:26.320 UTC [951] FATAL:  sorry, too many clients already
db-1  | 2026-02-05 07:49:26.324 UTC [952] FATAL:  sorry, too many clients already
db-1  | 2026-02-05 07:49:26.325 UTC [953] FATAL:  sorry, too many clients already
db-1  | 2026-02-05 07:49:26.327 UTC [954] FATAL:  sorry, too many clients already
db-1  | 2026-02-05 07:49:26.331 UTC [955] FATAL:  sorry, too many clients already
db-1  | 2026-02-05 07:49:26.342 UTC [956] FATAL:  sorry, too many clients already
db-1  | 2026-02-05 07:49:26.344 UTC [957] FATAL:  sorry, too many clients already
db-1  | 2026-02-05 07:49:26.352 UTC [958] FATAL:  sorry, too many clients already
db-1  | 2026-02-05 07:49:26.355 UTC [961] FATAL:  sorry, too many clients already
db-1  | 2026-02-05 07:49:26.355 UTC [960] FATAL:  sorry, too many clients already
db-1  | 2026-02-05 07:49:26.355 UTC [959] FATAL:  sorry, too many clients already
db-1  | 2026-02-05 07:49:26.360 UTC [962] FATAL:  sorry, too many clients already
db-1  | 2026-02-05 07:49:26.363 UTC [963] FATAL:  sorry, too many clients already
db-1  | 2026-02-05 07:49:26.374 UTC [964] FATAL:  sorry, too many clients already
db-1  | 2026-02-05 07:49:26.382 UTC [965] FATAL:  sorry, too many clients already
db-1  | 2026-02-05 07:49:26.384 UTC [966] FATAL:  sorry, too many clients already
db-1  | 2026-02-05 07:49:26.385 UTC [967] FATAL:  sorry, too many clients already
db-1  | 2026-02-05 07:49:26.394 UTC [968] FATAL:  sorry, too many clients already
db-1  | 2026-02-05 07:49:26.398 UTC [969] FATAL:  sorry, too many clients already
db-1  | 2026-02-05 07:49:26.401 UTC [971] FATAL:  sorry, too many clients already
db-1  | 2026-02-05 07:49:26.403 UTC [972] FATAL:  sorry, too many clients already
db-1  | 2026-02-05 07:49:26.410 UTC [973] FATAL:  sorry, too many clients already
db-1  | 2026-02-05 07:49:26.411 UTC [970] FATAL:  sorry, too many clients already
db-1  | 2026-02-05 07:49:26.415 UTC [974] FATAL:  sorry, too many clients already
db-1  | 2026-02-05 07:49:26.426 UTC [977] FATAL:  sorry, too many clients already
db-1  | 2026-02-05 07:49:26.426 UTC [975] FATAL:  sorry, too many clients already
db-1  | 2026-02-05 07:49:26.433 UTC [978] FATAL:  sorry, too many clients already
db-1  | 2026-02-05 07:49:26.434 UTC [979] FATAL:  sorry, too many clients already
db-1  | 2026-02-05 07:49:26.439 UTC [980] FATAL:  sorry, too many clients already
db-1  | 2026-02-05 07:49:26.442 UTC [976] FATAL:  sorry, too many clients already
db-1  | 2026-02-05 07:49:26.453 UTC [981] FATAL:  sorry, too many clients already
db-1  | 2026-02-05 07:49:26.456 UTC [982] FATAL:  sorry, too many clients already
db-1  | 2026-02-05 07:49:26.461 UTC [983] FATAL:  sorry, too many clients already
db-1  | 2026-02-05 07:49:26.465 UTC [984] FATAL:  sorry, too many clients already
db-1  | 2026-02-05 07:49:26.469 UTC [986] FATAL:  sorry, too many clients already
db-1  | 2026-02-05 07:49:26.471 UTC [985] FATAL:  sorry, too many clients already
db-1  | 2026-02-05 07:49:26.477 UTC [987] FATAL:  sorry, too many clients already
db-1  | 2026-02-05 07:49:26.479 UTC [988] FATAL:  sorry, too many clients already
db-1  | 2026-02-05 07:49:26.484 UTC [989] FATAL:  sorry, too many clients already
db-1  | 2026-02-05 07:49:26.490 UTC [990] FATAL:  sorry, too many clients already
db-1  | 2026-02-05 07:49:26.493 UTC [991] FATAL:  sorry, too many clients already
db-1  | 2026-02-05 07:49:26.499 UTC [992] FATAL:  sorry, too many clients already
db-1  | 2026-02-05 07:49:26.505 UTC [993] FATAL:  sorry, too many clients already
db-1  | 2026-02-05 07:49:26.510 UTC [994] FATAL:  sorry, too many clients already
db-1  | 2026-02-05 07:49:26.512 UTC [995] FATAL:  sorry, too many clients already
db-1  | 2026-02-05 07:49:26.514 UTC [996] FATAL:  sorry, too many clients already
db-1  | 2026-02-05 07:49:26.522 UTC [997] FATAL:  sorry, too many clients already
db-1  | 2026-02-05 07:49:26.524 UTC [998] FATAL:  sorry, too many clients already
db-1  | 2026-02-05 07:49:26.533 UTC [1000] FATAL:  sorry, too many clients already
db-1  | 2026-02-05 07:49:26.538 UTC [999] FATAL:  sorry, too many clients already
db-1  | 2026-02-05 07:49:26.540 UTC [1001] FATAL:  sorry, too many clients already
db-1  | 2026-02-05 07:49:26.545 UTC [1002] FATAL:  sorry, too many clients already
db-1  | 2026-02-05 07:49:26.549 UTC [1003] FATAL:  sorry, too many clients already
db-1  | 2026-02-05 07:49:26.557 UTC [1004] FATAL:  sorry, too many clients already
db-1  | 2026-02-05 07:49:26.560 UTC [1006] FATAL:  sorry, too many clients already
db-1  | 2026-02-05 07:49:26.563 UTC [1005] FATAL:  sorry, too many clients already
db-1  | 2026-02-05 07:49:26.566 UTC [1007] FATAL:  sorry, too many clients already
db-1  | 2026-02-05 07:49:26.568 UTC [1008] FATAL:  sorry, too many clients already
db-1  | 2026-02-05 07:49:26.576 UTC [1009] FATAL:  sorry, too many clients already
db-1  | 2026-02-05 07:49:26.581 UTC [1010] FATAL:  sorry, too many clients already
db-1  | 2026-02-05 07:49:26.585 UTC [1011] FATAL:  sorry, too many clients already
db-1  | 2026-02-05 07:49:26.588 UTC [1013] FATAL:  sorry, too many clients already
db-1  | 2026-02-05 07:49:26.587 UTC [1012] FATAL:  sorry, too many clients already
db-1  | 2026-02-05 07:49:26.596 UTC [1014] FATAL:  sorry, too many clients already
db-1  | 2026-02-05 07:49:26.599 UTC [1015] FATAL:  sorry, too many clients already
db-1  | 2026-02-05 07:49:26.607 UTC [1017] FATAL:  sorry, too many clients already
db-1  | 2026-02-05 07:49:26.607 UTC [1016] FATAL:  sorry, too many clients already
db-1  | 2026-02-05 07:49:26.611 UTC [1018] FATAL:  sorry, too many clients already
db-1  | 2026-02-05 07:49:26.617 UTC [1019] FATAL:  sorry, too many clients already
db-1  | 2026-02-05 07:49:26.624 UTC [1020] FATAL:  sorry, too many clients already
db-1  | 2026-02-05 07:49:26.629 UTC [1021] FATAL:  sorry, too many clients already
db-1  | 2026-02-05 07:49:26.633 UTC [1022] FATAL:  sorry, too many clients already
db-1  | 2026-02-05 07:49:26.637 UTC [1023] FATAL:  sorry, too many clients already
db-1  | 2026-02-05 07:49:26.639 UTC [1024] FATAL:  sorry, too many clients already
db-1  | 2026-02-05 07:49:26.646 UTC [1025] FATAL:  sorry, too many clients already
db-1  | 2026-02-05 07:49:26.649 UTC [1026] FATAL:  sorry, too many clients already
db-1  | 2026-02-05 07:49:26.652 UTC [1027] FATAL:  sorry, too many clients already
db-1  | 2026-02-05 07:49:26.658 UTC [1029] FATAL:  sorry, too many clients already
db-1  | 2026-02-05 07:49:26.661 UTC [1028] FATAL:  sorry, too many clients already
db-1  | 2026-02-05 07:49:26.664 UTC [1030] FATAL:  sorry, too many clients already
db-1  | 2026-02-05 07:49:26.669 UTC [1031] FATAL:  sorry, too many clients already
db-1  | 2026-02-05 07:49:26.674 UTC [1032] FATAL:  sorry, too many clients already
db-1  | 2026-02-05 07:49:26.679 UTC [1033] FATAL:  sorry, too many clients already
db-1  | 2026-02-05 07:49:26.682 UTC [1034] FATAL:  sorry, too many clients already
db-1  | 2026-02-05 07:49:26.687 UTC [1035] FATAL:  sorry, too many clients already
db-1  | 2026-02-05 07:49:26.692 UTC [1036] FATAL:  sorry, too many clients already
db-1  | 2026-02-05 07:49:26.692 UTC [1037] FATAL:  sorry, too many clients already
db-1  | 2026-02-05 07:49:26.696 UTC [1038] FATAL:  sorry, too many clients already
db-1  | 2026-02-05 07:49:26.705 UTC [1039] FATAL:  sorry, too many clients already
db-1  | 2026-02-05 07:49:26.708 UTC [1040] FATAL:  sorry, too many clients already
db-1  | 2026-02-05 07:49:26.709 UTC [1041] FATAL:  sorry, too many clients already
db-1  | 2026-02-05 07:49:26.722 UTC [1042] FATAL:  sorry, too many clients already
db-1  | 2026-02-05 07:49:26.723 UTC [1043] FATAL:  sorry, too many clients already
db-1  | 2026-02-05 07:49:26.724 UTC [1044] FATAL:  sorry, too many clients already
db-1  | 2026-02-05 07:49:26.729 UTC [1045] FATAL:  sorry, too many clients already
db-1  | 2026-02-05 07:49:26.732 UTC [1046] FATAL:  sorry, too many clients already
db-1  | 2026-02-05 07:49:26.742 UTC [1048] FATAL:  sorry, too many clients already
db-1  | 2026-02-05 07:49:26.743 UTC [1047] FATAL:  sorry, too many clients already
db-1  | 2026-02-05 07:49:26.747 UTC [1049] FATAL:  sorry, too many clients already
db-1  | 2026-02-05 07:49:26.753 UTC [1050] FATAL:  sorry, too many clients already
db-1  | 2026-02-05 07:49:26.757 UTC [1051] FATAL:  sorry, too many clients already
db-1  | 2026-02-05 07:49:26.765 UTC [1052] FATAL:  sorry, too many clients already
db-1  | 2026-02-05 07:49:26.766 UTC [1053] FATAL:  sorry, too many clients already
db-1  | 2026-02-05 07:49:26.774 UTC [1054] FATAL:  sorry, too many clients already
db-1  | 2026-02-05 07:49:26.775 UTC [1055] FATAL:  sorry, too many clients already
db-1  | 2026-02-05 07:49:26.779 UTC [1056] FATAL:  sorry, too many clients already
db-1  | 2026-02-05 07:49:26.787 UTC [1058] FATAL:  sorry, too many clients already
db-1  | 2026-02-05 07:49:26.788 UTC [1057] FATAL:  sorry, too many clients already
db-1  | 2026-02-05 07:49:26.795 UTC [1059] FATAL:  sorry, too many clients already
db-1  | 2026-02-05 07:49:26.797 UTC [1060] FATAL:  sorry, too many clients already
db-1  | 2026-02-05 07:49:26.805 UTC [1061] FATAL:  sorry, too many clients already
db-1  | 2026-02-05 07:49:26.811 UTC [1062] FATAL:  sorry, too many clients already
db-1  | 2026-02-05 07:49:26.811 UTC [1063] FATAL:  sorry, too many clients already
db-1  | 2026-02-05 07:49:26.820 UTC [1064] FATAL:  sorry, too many clients already
db-1  | 2026-02-05 07:49:26.821 UTC [1065] FATAL:  sorry, too many clients already
db-1  | 2026-02-05 07:49:26.825 UTC [1066] FATAL:  sorry, too many clients already
db-1  | 2026-02-05 07:49:26.831 UTC [1067] FATAL:  sorry, too many clients already
db-1  | 2026-02-05 07:49:26.837 UTC [1068] FATAL:  sorry, too many clients already
db-1  | 2026-02-05 07:49:26.841 UTC [1069] FATAL:  sorry, too many clients already
db-1  | 2026-02-05 07:49:26.847 UTC [1070] FATAL:  sorry, too many clients already
db-1  | 2026-02-05 07:49:26.848 UTC [1072] FATAL:  sorry, too many clients already
db-1  | 2026-02-05 07:49:26.849 UTC [1071] FATAL:  sorry, too many clients already
db-1  | 2026-02-05 07:49:26.857 UTC [1074] FATAL:  sorry, too many clients already
db-1  | 2026-02-05 07:49:26.858 UTC [1073] FATAL:  sorry, too many clients already
db-1  | 2026-02-05 07:49:26.865 UTC [1075] FATAL:  sorry, too many clients already
db-1  | 2026-02-05 07:49:26.865 UTC [1076] FATAL:  sorry, too many clients already
db-1  | 2026-02-05 07:49:26.868 UTC [1077] FATAL:  sorry, too many clients already
db-1  | 2026-02-05 07:49:26.882 UTC [1078] FATAL:  sorry, too many clients already
db-1  | 2026-02-05 07:49:26.883 UTC [1079] FATAL:  sorry, too many clients already
db-1  | 2026-02-05 07:49:26.892 UTC [1080] FATAL:  sorry, too many clients already
db-1  | 2026-02-05 07:49:26.894 UTC [1081] FATAL:  sorry, too many clients already
db-1  | 2026-02-05 07:49:26.896 UTC [1083] FATAL:  sorry, too many clients already
db-1  | 2026-02-05 07:49:26.897 UTC [1082] FATAL:  sorry, too many clients already
db-1  | 2026-02-05 07:49:26.903 UTC [1084] FATAL:  sorry, too many clients already
db-1  | 2026-02-05 07:49:26.907 UTC [1085] FATAL:  sorry, too many clients already
db-1  | 2026-02-05 07:49:26.913 UTC [1088] FATAL:  sorry, too many clients already
db-1  | 2026-02-05 07:49:26.914 UTC [1086] FATAL:  sorry, too many clients already
db-1  | 2026-02-05 07:49:26.918 UTC [1087] FATAL:  sorry, too many clients already
db-1  | 2026-02-05 07:49:26.925 UTC [1089] FATAL:  sorry, too many clients already
db-1  | 2026-02-05 07:49:26.930 UTC [1090] FATAL:  sorry, too many clients already
db-1  | 2026-02-05 07:49:26.934 UTC [1091] FATAL:  sorry, too many clients already
db-1  | 2026-02-05 07:49:26.938 UTC [1092] FATAL:  sorry, too many clients already
db-1  | 2026-02-05 07:49:26.940 UTC [1093] FATAL:  sorry, too many clients already
db-1  | 2026-02-05 07:49:26.948 UTC [1094] FATAL:  sorry, too many clients already
db-1  | 2026-02-05 07:49:26.954 UTC [1095] FATAL:  sorry, too many clients already
db-1  | 2026-02-05 07:49:26.956 UTC [1096] FATAL:  sorry, too many clients already
db-1  | 2026-02-05 07:49:26.961 UTC [1097] FATAL:  sorry, too many clients already
db-1  | 2026-02-05 07:49:26.964 UTC [1098] FATAL:  sorry, too many clients already
db-1  | 2026-02-05 07:49:26.966 UTC [1099] FATAL:  sorry, too many clients already
db-1  | 2026-02-05 07:49:26.972 UTC [1100] FATAL:  sorry, too many clients already
db-1  | 2026-02-05 07:49:26.979 UTC [1101] FATAL:  sorry, too many clients already
db-1  | 2026-02-05 07:49:26.985 UTC [1102] FATAL:  sorry, too many clients already
db-1  | 2026-02-05 07:49:26.986 UTC [1103] FATAL:  sorry, too many clients already
db-1  | 2026-02-05 07:49:26.992 UTC [1104] FATAL:  sorry, too many clients already
db-1  | 2026-02-05 07:49:26.996 UTC [1105] FATAL:  sorry, too many clients already
db-1  | 2026-02-05 07:49:26.999 UTC [1106] FATAL:  sorry, too many clients already
db-1  | 2026-02-05 07:49:27.004 UTC [1107] FATAL:  sorry, too many clients already
db-1  | 2026-02-05 07:49:27.011 UTC [1108] FATAL:  sorry, too many clients already
db-1  | 2026-02-05 07:49:27.012 UTC [1109] FATAL:  sorry, too many clients already
db-1  | 2026-02-05 07:49:27.014 UTC [1110] FATAL:  sorry, too many clients already
db-1  | 2026-02-05 07:49:27.021 UTC [1111] FATAL:  sorry, too many clients already
db-1  | 2026-02-05 07:49:27.024 UTC [1112] FATAL:  sorry, too many clients already
db-1  | 2026-02-05 07:49:27.032 UTC [1113] FATAL:  sorry, too many clients already
db-1  | 2026-02-05 07:49:27.036 UTC [1114] FATAL:  sorry, too many clients already
db-1  | 2026-02-05 07:49:27.037 UTC [1115] FATAL:  sorry, too many clients already
db-1  | 2026-02-05 07:49:27.041 UTC [1116] FATAL:  sorry, too many clients already
db-1  | 2026-02-05 07:49:27.045 UTC [1117] FATAL:  sorry, too many clients already
db-1  | 2026-02-05 07:49:27.045 UTC [1118] FATAL:  sorry, too many clients already
db-1  | 2026-02-05 07:49:27.054 UTC [1119] FATAL:  sorry, too many clients already
db-1  | 2026-02-05 07:49:27.058 UTC [1120] FATAL:  sorry, too many clients already
db-1  | 2026-02-05 07:49:27.063 UTC [1121] FATAL:  sorry, too many clients already
db-1  | 2026-02-05 07:49:27.070 UTC [1122] FATAL:  sorry, too many clients already
db-1  | 2026-02-05 07:49:27.070 UTC [1123] FATAL:  sorry, too many clients already
db-1  | 2026-02-05 07:49:27.071 UTC [1124] FATAL:  sorry, too many clients already
db-1  | 2026-02-05 07:49:27.080 UTC [1125] FATAL:  sorry, too many clients already
db-1  | 2026-02-05 07:49:27.081 UTC [1126] FATAL:  sorry, too many clients already
db-1  | 2026-02-05 07:49:27.084 UTC [1127] FATAL:  sorry, too many clients already
db-1  | 2026-02-05 07:49:27.097 UTC [1128] FATAL:  sorry, too many clients already
db-1  | 2026-02-05 07:49:27.099 UTC [1130] FATAL:  sorry, too many clients already
db-1  | 2026-02-05 07:49:27.101 UTC [1129] FATAL:  sorry, too many clients already
db-1  | 2026-02-05 07:49:27.108 UTC [1131] FATAL:  sorry, too many clients already
db-1  | 2026-02-05 07:49:27.109 UTC [1132] FATAL:  sorry, too many clients already
db-1  | 2026-02-05 07:49:27.112 UTC [1133] FATAL:  sorry, too many clients already
db-1  | 2026-02-05 07:49:27.113 UTC [1134] FATAL:  sorry, too many clients already
db-1  | 2026-02-05 07:49:27.123 UTC [1135] FATAL:  sorry, too many clients already
db-1  | 2026-02-05 07:49:27.127 UTC [1136] FATAL:  sorry, too many clients already
db-1  | 2026-02-05 07:49:27.130 UTC [1137] FATAL:  sorry, too many clients already
db-1  | 2026-02-05 07:49:27.134 UTC [1138] FATAL:  sorry, too many clients already
db-1  | 2026-02-05 07:49:27.139 UTC [1139] FATAL:  sorry, too many clients already
db-1  | 2026-02-05 07:49:27.144 UTC [1140] FATAL:  sorry, too many clients already
db-1  | 2026-02-05 07:49:27.154 UTC [1141] FATAL:  sorry, too many clients already
db-1  | 2026-02-05 07:49:27.158 UTC [1142] FATAL:  sorry, too many clients already
db-1  | 2026-02-05 07:49:27.167 UTC [1143] FATAL:  sorry, too many clients already
db-1  | 2026-02-05 07:49:27.170 UTC [1144] FATAL:  sorry, too many clients already
db-1  | 2026-02-05 07:49:27.172 UTC [1145] FATAL:  sorry, too many clients already
db-1  | 2026-02-05 07:51:40.391 UTC [1] LOG:  received fast shutdown request
db-1  | 2026-02-05 07:51:40.391 UTC [1] LOG:  aborting any active transactions
db-1  | 2026-02-05 07:51:40.397 UTC [1] LOG:  background worker "logical replication launcher" (PID 71) exited with exit code 1
db-1  | 2026-02-05 07:51:40.402 UTC [66] LOG:  shutting down
db-1  | 2026-02-05 07:51:40.402 UTC [66] LOG:  checkpoint starting: shutdown immediate
db-1  | 2026-02-05 07:51:40.403 UTC [66] LOG:  checkpoint complete: wrote 43 buffers (0.3%), wrote 3 SLRU buffers; 0 WAL file(s) added, 0 removed, 0 recycled; write=0.002 s, sync=0.001 s, total=0.002 s; sync files=0, longest=0.000 s, average=0.000 s; distance=311 kB, estimate=311 kB; lsn=0/1BF35E0, redo lsn=0/1BF35E0
db-1  | 2026-02-05 07:51:40.420 UTC [1] LOG:  database system is shut down
ubuntu@ip-10-0-6-115:~/example-nodejs-api$ ls -lah
total 88K
drwxrwxr-x 3 ubuntu ubuntu 4.0K Feb  5 07:51 .
drwxr-x--- 9 ubuntu ubuntu 4.0K Feb 15 19:16 ..
drwxrwxr-x 8 ubuntu ubuntu 4.0K Feb  5 07:28 .git
-rw-rw-r-- 1 ubuntu ubuntu   19 Feb  5 07:28 .gitignore
-rw-rw-r-- 1 ubuntu ubuntu  116 Feb  5 07:28 Dockerfile
-rw-rw-r-- 1 ubuntu ubuntu 3.9K Feb  5 07:28 README.md
-rw-rw-r-- 1 ubuntu ubuntu 2.2K Feb  5 07:28 app.js
-rw-rw-r-- 1 ubuntu ubuntu  759 Feb  5 07:49 docker-compose.yml
-rw-rw-r-- 1 ubuntu ubuntu  567 Feb  5 07:28 init_db.sql
-rw-rw-r-- 1 ubuntu ubuntu  47K Feb  5 07:28 package-lock.json
-rw-rw-r-- 1 ubuntu ubuntu  435 Feb  5 07:28 package.json
ubuntu@ip-10-0-6-115:~/example-nodejs-api$ cat Dockerfile
FROM node:25-alpine3.22
WORKDIR /app
COPY package*.json ./
RUN npm install
COPY . .
EXPOSE 3000
CMD ["npm", "start"]ubuntu@ip-10-0-6-115:~/example-nodejs-api$ cat docker-compose.yml
# Don't use this docker-compose.yml as is in production. Modify it according to your security and deployment needs.
# Only for development and testing purposes.
services:
  api:
    build: .
    ports:
      - 3000:3000
    environment:
      - NODE_ENV=production
      - PORT=3000
      - DB_HOST=localhost
      - DB_PORT=5432
      - DB_USER=abc
      - DB_PASSWORD=secret
      - DB_NAME=mydatabase
    depends_on:
      - db
  db:
    image: postgres:18.1-alpine3.23
    ports:
      - 5432:5432
    command: ["postgres", "-c", "fsync=off", "-c", "max_connections=5"]
    environment:
      - POSTGRES_USER=abc
      - POSTGRES_PASSWORD=secret
      - POSTGRES_DB=mydatabase
    volumes:
      - ./init_db.sql:/docker-entrypoint-initdb.d/init_db.sql:ro
ubuntu@ip-10-0-6-115:~/example-nodejs-api$ docker compose ps -a
NAME                       IMAGE                      COMMAND                  SERVICE   CREATED       STATUS                   PORTS
example-nodejs-api-api-1   example-nodejs-api-api     "docker-entrypoint.s…"   api       10 days ago   Exited (1) 10 days ago
example-nodejs-api-db-1    postgres:18.1-alpine3.23   "docker-entrypoint.s…"   db        10 days ago   Exited (0) 10 days ago
ubuntu@ip-10-0-6-115:~/example-nodejs-api$ docker logs api
Error response from daemon: No such container: api
ubuntu@ip-10-0-6-115:~/example-nodejs-api$ docker compose logs api
api-1  |
api-1  | > example-nodejs-api@1.0.0 start
api-1  | > node app.js
api-1  |
api-1  | Server running on port 3000
api-1  | Error fetching data from /api/cities: AggregateError [ECONNREFUSED]:
api-1  |     at /app/node_modules/pg-pool/index.js:45:11
api-1  |     at process.processTicksAndRejections (node:internal/process/task_queues:104:5)
api-1  |     at async /app/app.js:59:20 {
api-1  |   code: 'ECONNREFUSED',
api-1  |   [errors]: [
api-1  |     Error: connect ECONNREFUSED ::1:5432
api-1  |         at createConnectionError (node:net:1746:14)
api-1  |         at afterConnectMultiple (node:net:1776:16) {
api-1  |       errno: -111,
api-1  |       code: 'ECONNREFUSED',
api-1  |       syscall: 'connect',
api-1  |       address: '::1',
api-1  |       port: 5432
api-1  |     },
api-1  |     Error: connect ECONNREFUSED 127.0.0.1:5432
api-1  |         at createConnectionError (node:net:1746:14)
api-1  |         at afterConnectMultiple (node:net:1776:16) {
api-1  |       errno: -111,
api-1  |       code: 'ECONNREFUSED',
api-1  |       syscall: 'connect',
api-1  |       address: '127.0.0.1',
api-1  |       port: 5432
api-1  |     }
api-1  |   ]
api-1  | }
api-1  | {"timestamp":"2026-02-05T07:49:53.876Z","method":"GET","url":"/api/cities","clientIp":"::ffff:172.19.0.1","host":"localhost:3000","status":500,"durationMs":26.647,"userAgent":"curl/8.5.0"}
api-1  | npm error path /app
api-1  | npm error command failed
api-1  | npm error signal SIGTERM
api-1  | npm error command sh -c node app.js
api-1  | npm error A complete log of this run can be found in: /root/.npm/_logs/2026-02-05T07_49_50_910Z-debug-0.log
ubuntu@ip-10-0-6-115:~/example-nodejs-api$ nano docker-compose.yml
ubuntu@ip-10-0-6-115:~/example-nodejs-api$ docker compose down
[+] down 3/3
 ✔ Container example-nodejs-api-api-1 Removed                                                                                                                                                                0.0s
 ✔ Container example-nodejs-api-db-1  Removed                                                                                                                                                                0.0s
 ✔ Network example-nodejs-api_default Removed                                                                                                                                                                0.1s
ubuntu@ip-10-0-6-115:~/example-nodejs-api$ docker compose up --build
[+] Building 8.4s (12/12) FINISHED
 => [internal] load local bake definitions                                                                                                                                                                  0.0s
 => => reading from stdin 524B                                                                                                                                                                              0.0s
 => [internal] load build definition from Dockerfile                                                                                                                                                        0.0s
 => => transferring dockerfile: 153B                                                                                                                                                                        0.0s
 => [internal] load metadata for docker.io/library/node:25-alpine3.22                                                                                                                                       0.4s
 => [internal] load .dockerignore                                                                                                                                                                           0.0s
 => => transferring context: 2B                                                                                                                                                                             0.0s
 => [1/5] FROM docker.io/library/node:25-alpine3.22@sha256:be0c5c5272d451d5faddfa4654495c530c51ab437b0d901a9c533d9635ad832a                                                                                 3.3s
 => => resolve docker.io/library/node:25-alpine3.22@sha256:be0c5c5272d451d5faddfa4654495c530c51ab437b0d901a9c533d9635ad832a                                                                                 0.0s
 => => sha256:be0c5c5272d451d5faddfa4654495c530c51ab437b0d901a9c533d9635ad832a 3.88kB / 3.88kB                                                                                                              0.0s
 => => sha256:4a6d39f63af13c41f7a71017b70a933361a8604db29d5c0350813d6a03bcd142 1.72kB / 1.72kB                                                                                                              0.0s
 => => sha256:a88277404f3bcb004d1051a9889460ce5e30608ac039a53bc002abd6e54f2288 6.52kB / 6.52kB                                                                                                              0.0s
 => => sha256:07ee41be38db2ba00af792191fa561312ba423d5f6afa258f6518779297e2447 54.28MB / 54.28MB                                                                                                            0.7s
 => => sha256:3964dfc8420ae8d3182217559801577eb671956eca49f99850893115e6a2c14d 1.26MB / 1.26MB                                                                                                              0.2s
 => => sha256:d05498f771ce4d0ce996e37a33a02b33f353e997e3fa9219f7cceecbb5632f28 447B / 447B                                                                                                                  0.1s
 => => extracting sha256:07ee41be38db2ba00af792191fa561312ba423d5f6afa258f6518779297e2447                                                                                                                   2.2s
 => => extracting sha256:3964dfc8420ae8d3182217559801577eb671956eca49f99850893115e6a2c14d                                                                                                                   0.1s
 => => extracting sha256:d05498f771ce4d0ce996e37a33a02b33f353e997e3fa9219f7cceecbb5632f28                                                                                                                   0.0s
 => [internal] load build context                                                                                                                                                                           0.0s
 => => transferring context: 3.00kB                                                                                                                                                                         0.0s
 => [2/5] WORKDIR /app                                                                                                                                                                                      0.3s
 => [3/5] COPY package*.json ./                                                                                                                                                                             0.1s
 => [4/5] RUN npm install                                                                                                                                                                                   3.4s
 => [5/5] COPY . .                                                                                                                                                                                          0.1s
 => exporting to image                                                                                                                                                                                      0.5s
 => => exporting layers                                                                                                                                                                                     0.5s
 => => writing image sha256:a2196a8b887b344d7f35aa9228fb2a92a205e867b90c7f704d5ef39aa2a54ca5                                                                                                                0.0s
 => => naming to docker.io/library/example-nodejs-api-api                                                                                                                                                   0.0s
 => resolving provenance for metadata file                                                                                                                                                                  0.0s
[+] up 4/4
 ✔ Image example-nodejs-api-api       Built                                                                                                                                                                  8.5s
 ✔ Network example-nodejs-api_default Created                                                                                                                                                                0.1s
 ✔ Container example-nodejs-api-db-1  Created                                                                                                                                                                0.1s
 ✔ Container example-nodejs-api-api-1 Created                                                                                                                                                                0.1s
Attaching to api-1, db-1
db-1  | The files belonging to this database system will be owned by user "postgres".
db-1  | This user must also own the server process.
db-1  |
db-1  | The database cluster will be initialized with locale "en_US.utf8".
db-1  | The default database encoding has accordingly been set to "UTF8".
db-1  | The default text search configuration will be set to "english".
db-1  |
db-1  | Data page checksums are enabled.
db-1  |
db-1  | fixing permissions on existing directory /var/lib/postgresql/18/docker ... ok
db-1  | creating subdirectories ... ok
db-1  | selecting dynamic shared memory implementation ... posix
Error response from daemon: failed to set up container networking: driver failed programming external connectivity on endpoint example-nodejs-api-api-1 (38cceec771eaa13fe70f957122be471927515ecfcfaa0de7537ee10f3315837a): failed to bind host port 0.0.0.0:3000/tcp: address already in use
ubuntu@ip-10-0-6-115:~/example-nodejs-api$ netstat -ntlp
Command 'netstat' not found, but can be installed with:
sudo apt install net-tools
ubuntu@ip-10-0-6-115:~/example-nodejs-api$ sudo apt install net-tools
Reading package lists... Done
Building dependency tree... Done
Reading state information... Done
The following NEW packages will be installed:
  net-tools
0 upgraded, 1 newly installed, 0 to remove and 78 not upgraded.
Need to get 204 kB of archives.
After this operation, 811 kB of additional disk space will be used.
Get:1 http://us-east-1.ec2.archive.ubuntu.com/ubuntu noble-updates/main amd64 net-tools amd64 2.10-0.1ubuntu4.4 [204 kB]
Fetched 204 kB in 0s (8222 kB/s)
Selecting previously unselected package net-tools.
(Reading database ... 72049 files and directories currently installed.)
Preparing to unpack .../net-tools_2.10-0.1ubuntu4.4_amd64.deb ...
Unpacking net-tools (2.10-0.1ubuntu4.4) ...
Setting up net-tools (2.10-0.1ubuntu4.4) ...
Processing triggers for man-db (2.12.0-4build2) ...
Scanning processes...
Scanning linux images...

Running kernel seems to be up-to-date.

No services need to be restarted.

No containers need to be restarted.

No user sessions are running outdated binaries.

No VM guests are running outdated hypervisor (qemu) binaries on this host.
ubuntu@ip-10-0-6-115:~/example-nodejs-api$ netstat -ntlp
(No info could be read for "-p": geteuid()=1000 but you should be root.)
Active Internet connections (only servers)
Proto Recv-Q Send-Q Local Address           Foreign Address         State       PID/Program name
tcp        0      0 127.0.0.53:53           0.0.0.0:*               LISTEN      -
tcp        0      0 0.0.0.0:22              0.0.0.0:*               LISTEN      -
tcp        0      0 0.0.0.0:5432            0.0.0.0:*               LISTEN      -
tcp        0      0 127.0.0.54:53           0.0.0.0:*               LISTEN      -
tcp        0      0 0.0.0.0:3000            0.0.0.0:*               LISTEN      -
tcp6       0      0 :::22                   :::*                    LISTEN      -
tcp6       0      0 :::5432                 :::*                    LISTEN      -
ubuntu@ip-10-0-6-115:~/example-nodejs-api$ docker ls -a
unknown shorthand flag: 'a' in -a

Usage:  docker [OPTIONS] COMMAND [ARG...]

Run 'docker --help' for more information
ubuntu@ip-10-0-6-115:~/example-nodejs-api$ docker compose container ls -a
Usage:  docker compose [OPTIONS] COMMAND

Define and run multi-container applications with Docker

Options:
      --all-resources              Include all resources, even those not used by services
      --ansi string                Control when to print ANSI control characters ("never"|"always"|"auto") (default "auto")
      --compatibility              Run compose in backward compatibility mode
      --dry-run                    Execute command in dry run mode
      --env-file stringArray       Specify an alternate environment file
  -f, --file stringArray           Compose configuration files
      --parallel int               Control max parallelism, -1 for unlimited (default -1)
      --profile stringArray        Specify a profile to enable
      --progress string            Set type of progress output (auto, tty, plain, json, quiet)
      --project-directory string   Specify an alternate working directory
                                   (default: the path of the, first specified, Compose file)
  -p, --project-name string        Project name

Management Commands:
  bridge      Convert compose files into another model

Commands:
  attach      Attach local standard input, output, and error streams to a service's running container
  build       Build or rebuild services
  commit      Create a new image from a service container's changes
  config      Parse, resolve and render compose file in canonical format
  cp          Copy files/folders between a service container and the local filesystem
  create      Creates containers for a service
  down        Stop and remove containers, networks
  events      Receive real time events from containers
  exec        Execute a command in a running container
  export      Export a service container's filesystem as a tar archive
  images      List images used by the created containers
  kill        Force stop service containers
  logs        View output from containers
  ls          List running compose projects
  pause       Pause services
  port        Print the public port for a port binding
  ps          List containers
  publish     Publish compose application
  pull        Pull service images
  push        Push service images
  restart     Restart service containers
  rm          Removes stopped service containers
  run         Run a one-off command on a service
  scale       Scale services
  start       Start services
  stats       Display a live stream of container(s) resource usage statistics
  stop        Stop services
  top         Display the running processes
  unpause     Unpause services
  up          Create and start containers
  version     Show the Docker Compose version information
  volumes     List volumes
  wait        Block until containers of all (or specified) services stop.
  watch       Watch build context for service and rebuild/refresh containers when files are updated

Run 'docker compose COMMAND --help' for more information on a command.
unknown docker command: "compose container"
ubuntu@ip-10-0-6-115:~/example-nodejs-api$ docker compose ls -a
NAME                 STATUS                   CONFIG FILES
example-nodejs-api   created(1), running(1)   /home/ubuntu/example-nodejs-api/docker-compose.yml
ubuntu@ip-10-0-6-115:~/example-nodejs-api$ docker compose container ls -a
Usage:  docker compose [OPTIONS] COMMAND

Define and run multi-container applications with Docker

Options:
      --all-resources              Include all resources, even those not used by services
      --ansi string                Control when to print ANSI control characters ("never"|"always"|"auto") (default "auto")
      --compatibility              Run compose in backward compatibility mode
      --dry-run                    Execute command in dry run mode
      --env-file stringArray       Specify an alternate environment file
  -f, --file stringArray           Compose configuration files
      --parallel int               Control max parallelism, -1 for unlimited (default -1)
      --profile stringArray        Specify a profile to enable
      --progress string            Set type of progress output (auto, tty, plain, json, quiet)
      --project-directory string   Specify an alternate working directory
                                   (default: the path of the, first specified, Compose file)
  -p, --project-name string        Project name

Management Commands:
  bridge      Convert compose files into another model

Commands:
  attach      Attach local standard input, output, and error streams to a service's running container
  build       Build or rebuild services
  commit      Create a new image from a service container's changes
  config      Parse, resolve and render compose file in canonical format
  cp          Copy files/folders between a service container and the local filesystem
  create      Creates containers for a service
  down        Stop and remove containers, networks
  events      Receive real time events from containers
  exec        Execute a command in a running container
  export      Export a service container's filesystem as a tar archive
  images      List images used by the created containers
  kill        Force stop service containers
  logs        View output from containers
  ls          List running compose projects
  pause       Pause services
  port        Print the public port for a port binding
  ps          List containers
  publish     Publish compose application
  pull        Pull service images
  push        Push service images
  restart     Restart service containers
  rm          Removes stopped service containers
  run         Run a one-off command on a service
  scale       Scale services
  start       Start services
  stats       Display a live stream of container(s) resource usage statistics
  stop        Stop services
  top         Display the running processes
  unpause     Unpause services
  up          Create and start containers
  version     Show the Docker Compose version information
  volumes     List volumes
  wait        Block until containers of all (or specified) services stop.
  watch       Watch build context for service and rebuild/refresh containers when files are updated

Run 'docker compose COMMAND --help' for more information on a command.
unknown docker command: "compose container"
ubuntu@ip-10-0-6-115:~/example-nodejs-api$ docker compose container ls
Usage:  docker compose [OPTIONS] COMMAND

Define and run multi-container applications with Docker

Options:
      --all-resources              Include all resources, even those not used by services
      --ansi string                Control when to print ANSI control characters ("never"|"always"|"auto") (default "auto")
      --compatibility              Run compose in backward compatibility mode
      --dry-run                    Execute command in dry run mode
      --env-file stringArray       Specify an alternate environment file
  -f, --file stringArray           Compose configuration files
      --parallel int               Control max parallelism, -1 for unlimited (default -1)
      --profile stringArray        Specify a profile to enable
      --progress string            Set type of progress output (auto, tty, plain, json, quiet)
      --project-directory string   Specify an alternate working directory
                                   (default: the path of the, first specified, Compose file)
  -p, --project-name string        Project name

Management Commands:
  bridge      Convert compose files into another model

Commands:
  attach      Attach local standard input, output, and error streams to a service's running container
  build       Build or rebuild services
  commit      Create a new image from a service container's changes
  config      Parse, resolve and render compose file in canonical format
  cp          Copy files/folders between a service container and the local filesystem
  create      Creates containers for a service
  down        Stop and remove containers, networks
  events      Receive real time events from containers
  exec        Execute a command in a running container
  export      Export a service container's filesystem as a tar archive
  images      List images used by the created containers
  kill        Force stop service containers
  logs        View output from containers
  ls          List running compose projects
  pause       Pause services
  port        Print the public port for a port binding
  ps          List containers
  publish     Publish compose application
  pull        Pull service images
  push        Push service images
  restart     Restart service containers
  rm          Removes stopped service containers
  run         Run a one-off command on a service
  scale       Scale services
  start       Start services
  stats       Display a live stream of container(s) resource usage statistics
  stop        Stop services
  top         Display the running processes
  unpause     Unpause services
  up          Create and start containers
  version     Show the Docker Compose version information
  volumes     List volumes
  wait        Block until containers of all (or specified) services stop.
  watch       Watch build context for service and rebuild/refresh containers when files are updated

Run 'docker compose COMMAND --help' for more information on a command.
unknown docker command: "compose container"
ubuntu@ip-10-0-6-115:~/example-nodejs-api$ docker compose ps
NAME                      IMAGE                      COMMAND                  SERVICE   CREATED         STATUS         PORTS
example-nodejs-api-db-1   postgres:18.1-alpine3.23   "docker-entrypoint.s…"   db        2 minutes ago   Up 2 minutes   0.0.0.0:5432->5432/tcp, [::]:5432->5432/tcp
ubuntu@ip-10-0-6-115:~/example-nodejs-api$ docker compose ps -a
NAME                       IMAGE                      COMMAND                  SERVICE   CREATED         STATUS         PORTS
example-nodejs-api-api-1   example-nodejs-api-api     "docker-entrypoint.s…"   api       2 minutes ago   Created
example-nodejs-api-db-1    postgres:18.1-alpine3.23   "docker-entrypoint.s…"   db        2 minutes ago   Up 2 minutes   0.0.0.0:5432->5432/tcp, [::]:5432->5432/tcp
ubuntu@ip-10-0-6-115:~/example-nodejs-api$ netstat -ntlp
(No info could be read for "-p": geteuid()=1000 but you should be root.)
Active Internet connections (only servers)
Proto Recv-Q Send-Q Local Address           Foreign Address         State       PID/Program name
tcp        0      0 127.0.0.53:53           0.0.0.0:*               LISTEN      -
tcp        0      0 0.0.0.0:22              0.0.0.0:*               LISTEN      -
tcp        0      0 0.0.0.0:5432            0.0.0.0:*               LISTEN      -
tcp        0      0 127.0.0.54:53           0.0.0.0:*               LISTEN      -
tcp        0      0 0.0.0.0:3000            0.0.0.0:*               LISTEN      -
tcp6       0      0 :::22                   :::*                    LISTEN      -
tcp6       0      0 :::5432                 :::*                    LISTEN      -
ubuntu@ip-10-0-6-115:~/example-nodejs-api$ docker logs api
Error response from daemon: No such container: api
ubuntu@ip-10-0-6-115:~/example-nodejs-api$ docker compose logs api
ubuntu@ip-10-0-6-115:~/example-nodejs-api$ docker compose log api
Usage:  docker compose [OPTIONS] COMMAND

Define and run multi-container applications with Docker

Options:
      --all-resources              Include all resources, even those not used by services
      --ansi string                Control when to print ANSI control characters ("never"|"always"|"auto") (default "auto")
      --compatibility              Run compose in backward compatibility mode
      --dry-run                    Execute command in dry run mode
      --env-file stringArray       Specify an alternate environment file
  -f, --file stringArray           Compose configuration files
      --parallel int               Control max parallelism, -1 for unlimited (default -1)
      --profile stringArray        Specify a profile to enable
      --progress string            Set type of progress output (auto, tty, plain, json, quiet)
      --project-directory string   Specify an alternate working directory
                                   (default: the path of the, first specified, Compose file)
  -p, --project-name string        Project name

Management Commands:
  bridge      Convert compose files into another model

Commands:
  attach      Attach local standard input, output, and error streams to a service's running container
  build       Build or rebuild services
  commit      Create a new image from a service container's changes
  config      Parse, resolve and render compose file in canonical format
  cp          Copy files/folders between a service container and the local filesystem
  create      Creates containers for a service
  down        Stop and remove containers, networks
  events      Receive real time events from containers
  exec        Execute a command in a running container
  export      Export a service container's filesystem as a tar archive
  images      List images used by the created containers
  kill        Force stop service containers
  logs        View output from containers
  ls          List running compose projects
  pause       Pause services
  port        Print the public port for a port binding
  ps          List containers
  publish     Publish compose application
  pull        Pull service images
  push        Push service images
  restart     Restart service containers
  rm          Removes stopped service containers
  run         Run a one-off command on a service
  scale       Scale services
  start       Start services
  stats       Display a live stream of container(s) resource usage statistics
  stop        Stop services
  top         Display the running processes
  unpause     Unpause services
  up          Create and start containers
  version     Show the Docker Compose version information
  volumes     List volumes
  wait        Block until containers of all (or specified) services stop.
  watch       Watch build context for service and rebuild/refresh containers when files are updated

Run 'docker compose COMMAND --help' for more information on a command.
unknown docker command: "compose log"
ubuntu@ip-10-0-6-115:~/example-nodejs-api$ docker compose logs api
ubuntu@ip-10-0-6-115:~/example-nodejs-api$ sudo netstat -ntlp | grep :3000
tcp        0      0 0.0.0.0:3000            0.0.0.0:*               LISTEN      597/nginx: master p
ubuntu@ip-10-0-6-115:~/example-nodejs-api$ sudo lsof -i :3000
COMMAND PID     USER   FD   TYPE DEVICE SIZE/OFF NODE NAME
nginx   597     root    5u  IPv4   6090      0t0  TCP *:3000 (LISTEN)
nginx   599 www-data    5u  IPv4   6090      0t0  TCP *:3000 (LISTEN)
nginx   605 www-data    5u  IPv4   6090      0t0  TCP *:3000 (LISTEN)
ubuntu@ip-10-0-6-115:~/example-nodejs-api$ sudo systemctl stop nginx
ubuntu@ip-10-0-6-115:~/example-nodejs-api$ sudo systemctl status nginx
○ nginx.service - A high performance web server and a reverse proxy server
     Loaded: loaded (/usr/lib/systemd/system/nginx.service; enabled; preset: enabled)
     Active: inactive (dead) since Sun 2026-02-15 19:39:31 UTC; 7s ago
   Duration: 2h 24min 11.684s
       Docs: man:nginx(8)
    Process: 4329 ExecStop=/sbin/start-stop-daemon --quiet --stop --retry QUIT/5 --pidfile /run/nginx.pid (code=exited, status=0/SUCCESS)
   Main PID: 597 (code=exited, status=0/SUCCESS)
        CPU: 45ms

Feb 15 17:15:19 ip-10-0-6-115 systemd[1]: Starting nginx.service - A high performance web server and a reverse proxy server...
Feb 15 17:15:19 ip-10-0-6-115 systemd[1]: Started nginx.service - A high performance web server and a reverse proxy server.
Feb 15 19:39:31 ip-10-0-6-115 systemd[1]: Stopping nginx.service - A high performance web server and a reverse proxy server...
Feb 15 19:39:31 ip-10-0-6-115 systemd[1]: nginx.service: Deactivated successfully.
Feb 15 19:39:31 ip-10-0-6-115 systemd[1]: Stopped nginx.service - A high performance web server and a reverse proxy server.
ubuntu@ip-10-0-6-115:~/example-nodejs-api$ grep -R "3000" /etc/nginx
/etc/nginx/sites-available/default:	listen 3000 default_server;
/etc/nginx/sites-enabled/default:	listen 3000 default_server;
ubuntu@ip-10-0-6-115:~/example-nodejs-api$ sudo nano /etc/nginx/sites-available/default
ubuntu@ip-10-0-6-115:~/example-nodejs-api$ grep -R "3000" /etc/nginx
ubuntu@ip-10-0-6-115:~/example-nodejs-api$ sudo systemctl start nginx
ubuntu@ip-10-0-6-115:~/example-nodejs-api$ sudo systemctl status nginx
● nginx.service - A high performance web server and a reverse proxy server
     Loaded: loaded (/usr/lib/systemd/system/nginx.service; enabled; preset: enabled)
     Active: active (running) since Sun 2026-02-15 19:41:42 UTC; 12s ago
       Docs: man:nginx(8)
    Process: 4364 ExecStartPre=/usr/sbin/nginx -t -q -g daemon on; master_process on; (code=exited, status=0/SUCCESS)
    Process: 4365 ExecStart=/usr/sbin/nginx -g daemon on; master_process on; (code=exited, status=0/SUCCESS)
   Main PID: 4367 (nginx)
      Tasks: 3 (limit: 2067)
     Memory: 2.3M (peak: 2.5M)
        CPU: 20ms
     CGroup: /system.slice/nginx.service
             ├─4367 "nginx: master process /usr/sbin/nginx -g daemon on; master_process on;"
             ├─4368 "nginx: worker process"
             └─4369 "nginx: worker process"

Feb 15 19:41:42 ip-10-0-6-115 systemd[1]: Starting nginx.service - A high performance web server and a reverse proxy server...
Feb 15 19:41:42 ip-10-0-6-115 systemd[1]: Started nginx.service - A high performance web server and a reverse proxy server.
ubuntu@ip-10-0-6-115:~/example-nodejs-api$ docker compose up --build
[+] Building 0.4s (12/12) FINISHED
 => [internal] load local bake definitions                                                                                                                                                                  0.0s
 => => reading from stdin 524B                                                                                                                                                                              0.0s
 => [internal] load build definition from Dockerfile                                                                                                                                                        0.0s
 => => transferring dockerfile: 153B                                                                                                                                                                        0.0s
 => [internal] load metadata for docker.io/library/node:25-alpine3.22                                                                                                                                       0.2s
 => [internal] load .dockerignore                                                                                                                                                                           0.0s
 => => transferring context: 2B                                                                                                                                                                             0.0s
 => [1/5] FROM docker.io/library/node:25-alpine3.22@sha256:be0c5c5272d451d5faddfa4654495c530c51ab437b0d901a9c533d9635ad832a                                                                                 0.0s
 => [internal] load build context                                                                                                                                                                           0.0s
 => => transferring context: 2.24kB                                                                                                                                                                         0.0s
 => CACHED [2/5] WORKDIR /app                                                                                                                                                                               0.0s
 => CACHED [3/5] COPY package*.json ./                                                                                                                                                                      0.0s
 => CACHED [4/5] RUN npm install                                                                                                                                                                            0.0s
 => CACHED [5/5] COPY . .                                                                                                                                                                                   0.0s
 => exporting to image                                                                                                                                                                                      0.0s
 => => exporting layers                                                                                                                                                                                     0.0s
 => => writing image sha256:a2196a8b887b344d7f35aa9228fb2a92a205e867b90c7f704d5ef39aa2a54ca5                                                                                                                0.0s
 => => naming to docker.io/library/example-nodejs-api-api                                                                                                                                                   0.0s
 => resolving provenance for metadata file                                                                                                                                                                  0.0s
[+] up 2/2
 ✔ Image example-nodejs-api-api      Built                                                                                                                                                                   0.6s
 ✔ Container example-nodejs-api-db-1 Running                                                                                                                                                                 0.0s
Attaching to api-1, db-1
api-1  |
api-1  | > example-nodejs-api@1.0.0 start
api-1  | > node app.js
api-1  |
api-1  | Server running on port 3000
ubuntu@ip-10-0-6-115:~/example-nodejs-api$ ls -lah
total 88K
drwxrwxr-x 3 ubuntu ubuntu 4.0K Feb 15 19:31 .
drwxr-x--- 9 ubuntu ubuntu 4.0K Feb 15 19:16 ..
drwxrwxr-x 8 ubuntu ubuntu 4.0K Feb  5 07:28 .git
-rw-rw-r-- 1 ubuntu ubuntu   19 Feb  5 07:28 .gitignore
-rw-rw-r-- 1 ubuntu ubuntu  116 Feb  5 07:28 Dockerfile
-rw-rw-r-- 1 ubuntu ubuntu 3.9K Feb  5 07:28 README.md
-rw-rw-r-- 1 ubuntu ubuntu 2.2K Feb  5 07:28 app.js
-rw-rw-r-- 1 ubuntu ubuntu  753 Feb 15 19:31 docker-compose.yml
-rw-rw-r-- 1 ubuntu ubuntu  567 Feb  5 07:28 init_db.sql
-rw-rw-r-- 1 ubuntu ubuntu  47K Feb  5 07:28 package-lock.json
-rw-rw-r-- 1 ubuntu ubuntu  435 Feb  5 07:28 package.json
ubuntu@ip-10-0-6-115:~/example-nodejs-api$ docker compose ps
NAME                       IMAGE                      COMMAND                  SERVICE   CREATED         STATUS          PORTS
example-nodejs-api-api-1   example-nodejs-api-api     "docker-entrypoint.s…"   api       8 minutes ago   Up 16 seconds
example-nodejs-api-db-1    postgres:18.1-alpine3.23   "docker-entrypoint.s…"   db        8 minutes ago   Up 8 minutes    0.0.0.0:5432->5432/tcp, [::]:5432->5432/tcp
ubuntu@ip-10-0-6-115:~/example-nodejs-api$ npx autocannon -c 10 -d 5 --renderStatusCodes http://localhost:3000/api/cities
Running 5s test @ http://localhost:3000/api/cities
10 connections


┌─────────┬──────┬──────┬───────┬──────┬──────┬───────┬──────┐
│ Stat    │ 2.5% │ 50%  │ 97.5% │ 99%  │ Avg  │ Stdev │ Max  │
├─────────┼──────┼──────┼───────┼──────┼──────┼───────┼──────┤
│ Latency │ 0 ms │ 0 ms │ 0 ms  │ 0 ms │ 0 ms │ 0 ms  │ 0 ms │
└─────────┴──────┴──────┴───────┴──────┴──────┴───────┴──────┘
┌───────────┬─────┬──────┬─────┬───────┬─────┬───────┬─────┐
│ Stat      │ 1%  │ 2.5% │ 50% │ 97.5% │ Avg │ Stdev │ Min │
├───────────┼─────┼──────┼─────┼───────┼─────┼───────┼─────┤
│ Req/Sec   │ 0   │ 0    │ 0   │ 0     │ 0   │ 0     │ 0   │
├───────────┼─────┼──────┼─────┼───────┼─────┼───────┼─────┤
│ Bytes/Sec │ 0 B │ 0 B  │ 0 B │ 0 B   │ 0 B │ 0 B   │ 0 B │
└───────────┴─────┴──────┴─────┴───────┴─────┴───────┴─────┘
┌──────┬───────┐
│ Code │ Count │
└──────┴───────┘

Req/Bytes counts sampled once per second.
# of samples: 5

23k requests in 5.03s, 0 B read
23k errors (0 timeouts)
npm notice
npm notice New minor version of npm available! 11.6.2 -> 11.10.0
npm notice Changelog: https://github.com/npm/cli/releases/tag/v11.10.0
npm notice To update run: npm install -g npm@11.10.0
npm notice
ubuntu@ip-10-0-6-115:~/example-nodejs-api$ curl http://localhost:3000/api/cities
curl: (7) Failed to connect to localhost port 3000 after 0 ms: Couldn't connect to server
ubuntu@ip-10-0-6-115:~/example-nodejs-api$ docker compose ps
NAME                       IMAGE                      COMMAND                  SERVICE   CREATED          STATUS          PORTS
example-nodejs-api-api-1   example-nodejs-api-api     "docker-entrypoint.s…"   api       10 minutes ago   Up 2 minutes
example-nodejs-api-db-1    postgres:18.1-alpine3.23   "docker-entrypoint.s…"   db        10 minutes ago   Up 10 minutes   0.0.0.0:5432->5432/tcp, [::]:5432->5432/tcp
ubuntu@ip-10-0-6-115:~/example-nodejs-api$ docker compose log api
Usage:  docker compose [OPTIONS] COMMAND

Define and run multi-container applications with Docker

Options:
      --all-resources              Include all resources, even those not used by services
      --ansi string                Control when to print ANSI control characters ("never"|"always"|"auto") (default "auto")
      --compatibility              Run compose in backward compatibility mode
      --dry-run                    Execute command in dry run mode
      --env-file stringArray       Specify an alternate environment file
  -f, --file stringArray           Compose configuration files
      --parallel int               Control max parallelism, -1 for unlimited (default -1)
      --profile stringArray        Specify a profile to enable
      --progress string            Set type of progress output (auto, tty, plain, json, quiet)
      --project-directory string   Specify an alternate working directory
                                   (default: the path of the, first specified, Compose file)
  -p, --project-name string        Project name

Management Commands:
  bridge      Convert compose files into another model

Commands:
  attach      Attach local standard input, output, and error streams to a service's running container
  build       Build or rebuild services
  commit      Create a new image from a service container's changes
  config      Parse, resolve and render compose file in canonical format
  cp          Copy files/folders between a service container and the local filesystem
  create      Creates containers for a service
  down        Stop and remove containers, networks
  events      Receive real time events from containers
  exec        Execute a command in a running container
  export      Export a service container's filesystem as a tar archive
  images      List images used by the created containers
  kill        Force stop service containers
  logs        View output from containers
  ls          List running compose projects
  pause       Pause services
  port        Print the public port for a port binding
  ps          List containers
  publish     Publish compose application
  pull        Pull service images
  push        Push service images
  restart     Restart service containers
  rm          Removes stopped service containers
  run         Run a one-off command on a service
  scale       Scale services
  start       Start services
  stats       Display a live stream of container(s) resource usage statistics
  stop        Stop services
  top         Display the running processes
  unpause     Unpause services
  up          Create and start containers
  version     Show the Docker Compose version information
  volumes     List volumes
  wait        Block until containers of all (or specified) services stop.
  watch       Watch build context for service and rebuild/refresh containers when files are updated

Run 'docker compose COMMAND --help' for more information on a command.
unknown docker command: "compose log"
ubuntu@ip-10-0-6-115:~/example-nodejs-api$ docker compose logs api
api-1  |
api-1  | > example-nodejs-api@1.0.0 start
api-1  | > node app.js
api-1  |
api-1  | Server running on port 3000
ubuntu@ip-10-0-6-115:~/example-nodejs-api$ cat docker-compose.yml
# Don't use this docker-compose.yml as is in production. Modify it according to your security and deployment needs.
# Only for development and testing purposes.
services:
  api:
    build: .
    ports:
      - 3000:3000
    environment:
      - NODE_ENV=production
      - PORT=3000
      - DB_HOST=db
      - DB_PORT=5432
      - DB_USER=abc
      - DB_PASSWORD=secret
      - DB_NAME=mydatabase
    depends_on:
      - db
  db:
    image: postgres:18.1-alpine3.23
    ports:
      - 5432:5432
#    command: ["postgres", "-c", "fsync=off", "-c", "max_connections=5"]
    environment:
      - POSTGRES_USER=abc
      - POSTGRES_PASSWORD=secret
      - POSTGRES_DB=mydatabase
    volumes:
      - ./init_db.sql:/docker-entrypoint-initdb.d/init_db.sql:ro
ubuntu@ip-10-0-6-115:~/example-nodejs-api$ nano docker-compose.yml
ubuntu@ip-10-0-6-115:~/example-nodejs-api$ docker compose down
[+] down 3/3
 ✔ Container example-nodejs-api-api-1 Removed                                                                                                                                                                0.6s
 ✔ Container example-nodejs-api-db-1  Removed                                                                                                                                                                0.2s
 ✔ Network example-nodejs-api_default Removed                                                                                                                                                                0.1s
ubuntu@ip-10-0-6-115:~/example-nodejs-api$ docker compose up -d --build
[+] Building 0.6s (12/12) FINISHED
 => [internal] load local bake definitions                                                                                                                                                                  0.0s
 => => reading from stdin 524B                                                                                                                                                                              0.0s
 => [internal] load build definition from Dockerfile                                                                                                                                                        0.0s
 => => transferring dockerfile: 153B                                                                                                                                                                        0.0s
 => [internal] load metadata for docker.io/library/node:25-alpine3.22                                                                                                                                       0.2s
 => [internal] load .dockerignore                                                                                                                                                                           0.0s
 => => transferring context: 2B                                                                                                                                                                             0.0s
 => [1/5] FROM docker.io/library/node:25-alpine3.22@sha256:be0c5c5272d451d5faddfa4654495c530c51ab437b0d901a9c533d9635ad832a                                                                                 0.0s
 => [internal] load build context                                                                                                                                                                           0.0s
 => => transferring context: 3.01kB                                                                                                                                                                         0.0s
 => CACHED [2/5] WORKDIR /app                                                                                                                                                                               0.0s
 => CACHED [3/5] COPY package*.json ./                                                                                                                                                                      0.0s
 => CACHED [4/5] RUN npm install                                                                                                                                                                            0.0s
 => [5/5] COPY . .                                                                                                                                                                                          0.1s
 => exporting to image                                                                                                                                                                                      0.1s
 => => exporting layers                                                                                                                                                                                     0.0s
 => => writing image sha256:1aeca7a161c4c7cdf3d19daf94181381569082eb7167deb533ec904fed608caa                                                                                                                0.0s
 => => naming to docker.io/library/example-nodejs-api-api                                                                                                                                                   0.0s
 => resolving provenance for metadata file                                                                                                                                                                  0.0s
[+] up 4/4
 ✔ Image example-nodejs-api-api       Built                                                                                                                                                                  0.7s
 ✔ Network example-nodejs-api_default Created                                                                                                                                                                0.1s
 ✔ Container example-nodejs-api-db-1  Created                                                                                                                                                                0.1s
 ✔ Container example-nodejs-api-api-1 Created                                                                                                                                                                0.1s
ubuntu@ip-10-0-6-115:~/example-nodejs-api$ docker compose ps
NAME                       IMAGE                      COMMAND                  SERVICE   CREATED         STATUS         PORTS
example-nodejs-api-api-1   example-nodejs-api-api     "docker-entrypoint.s…"   api       5 seconds ago   Up 5 seconds   0.0.0.0:3000->3000/tcp, [::]:3000->3000/tcp
example-nodejs-api-db-1    postgres:18.1-alpine3.23   "docker-entrypoint.s…"   db        5 seconds ago   Up 5 seconds   0.0.0.0:5432->5432/tcp, [::]:5432->5432/tcp
ubuntu@ip-10-0-6-115:~/example-nodejs-api$ curl http://localhost:3000/api/cities
[{"id":1,"state":"California","country":"USA","city_name":"Los Angeles"},{"id":2,"state":"New York","country":"USA","city_name":"New York City"},{"id":3,"state":"Ontario","country":"Canada","city_name":"Toronto"},{"id":4,"state":"Quebec","country":"Canada","city_name":"Montreal"},{"id":5,"state":"England","country":"UK","city_name":"London"},{"id":6,"state":"Scotland","country":"UK","city_name":"Edinburgh"},{"id":7,"state":"New South Wales","country":"Australia","city_name":"Sydney"},{"id":8,"state":"Victoria","country":"Australia","city_name":"Melbourne"},{"id":9,"state":"Bavaria","country":"Germany","city_name":"Munich"},{"id":10,"state":"Berlin","country":"Genpx autocannon -c 10 -d 5 --renderStatusCodes http://localhost:3000/api/cities
Running 5s test @ http://localhost:3000/api/cities
10 connections


┌─────────┬───────┬────────┬────────┬────────┬───────────┬────────┬────────┐
│ Stat    │ 2.5%  │ 50%    │ 97.5%  │ 99%    │ Avg       │ Stdev  │ Max    │
├─────────┼───────┼────────┼────────┼────────┼───────────┼────────┼────────┤
│ Latency │ 83 ms │ 102 ms │ 117 ms │ 129 ms │ 101.41 ms │ 8.6 ms │ 143 ms │
└─────────┴───────┴────────┴────────┴────────┴───────────┴────────┴────────┘
┌───────────┬───────┬───────┬─────────┬─────────┬─────────┬─────────┬───────┐
│ Stat      │ 1%    │ 2.5%  │ 50%     │ 97.5%   │ Avg     │ Stdev   │ Min   │
├───────────┼───────┼───────┼─────────┼─────────┼─────────┼─────────┼───────┤
│ Req/Sec   │ 93    │ 93    │ 96      │ 100     │ 96.8    │ 2.79    │ 93    │
├───────────┼───────┼───────┼─────────┼─────────┼─────────┼─────────┼───────┤
│ Bytes/Sec │ 32 kB │ 32 kB │ 34.4 kB │ 61.7 kB │ 39.1 kB │ 11.3 kB │ 32 kB │
└───────────┴───────┴───────┴─────────┴─────────┴─────────┴─────────┴───────┘
┌──────┬───────┐
│ Code │ Count │
├──────┼───────┤
│ 200  │ 49    │
├──────┼───────┤
│ 500  │ 435   │
└──────┴───────┘

Req/Bytes counts sampled once per second.
# of samples: 5

49 2xx responses, 435 non 2xx responses
494 requests in 5.04s, 196 kB read
ubuntu@ip-10-0-6-115:~/example-nodejs-api$ npx autocannon -c 10 -d 5 --renderStatusCodes http://localhost:3000/api/cities
Running 5s test @ http://localhost:3000/api/cities
10 connections


┌─────────┬────────┬────────┬────────┬────────┬───────────┬─────────┬────────┐
│ Stat    │ 2.5%   │ 50%    │ 97.5%  │ 99%    │ Avg       │ Stdev   │ Max    │
├─────────┼────────┼────────┼────────┼────────┼───────────┼─────────┼────────┤
│ Latency │ 100 ms │ 102 ms │ 112 ms │ 136 ms │ 103.32 ms │ 5.06 ms │ 136 ms │
└─────────┴────────┴────────┴────────┴────────┴───────────┴─────────┴────────┘
┌───────────┬───────┬───────┬─────────┬─────────┬───────┬─────────┬───────┐
│ Stat      │ 1%    │ 2.5%  │ 50%     │ 97.5%   │ Avg   │ Stdev   │ Min   │
├───────────┼───────┼───────┼─────────┼─────────┼───────┼─────────┼───────┤
│ Req/Sec   │ 90    │ 90    │ 100     │ 100     │ 96    │ 4.9     │ 90    │
├───────────┼───────┼───────┼─────────┼─────────┼───────┼─────────┼───────┤
│ Bytes/Sec │ 31 kB │ 31 kB │ 34.4 kB │ 34.4 kB │ 33 kB │ 1.69 kB │ 31 kB │
└───────────┴───────┴───────┴─────────┴─────────┴───────┴─────────┴───────┘
┌──────┬───────┐
│ Code │ Count │
├──────┼───────┤
│ 500  │ 480   │
└──────┴───────┘

Req/Bytes counts sampled once per second.
# of samples: 5

0 2xx responses, 480 non 2xx responses
490 requests in 5.03s, 165 kB read
ubuntu@ip-10-0-6-115:~/example-nodejs-api$ docker compose logs api --tail=100
api-1  |     at async /app/app.js:59:20
api-1  | {"timestamp":"2026-02-15T19:48:16.653Z","method":"GET","url":"/api/cities","clientIp":"::ffff:172.18.0.1","host":"localhost:3000","status":500,"durationMs":102.467}
api-1  | Error fetching data from /api/cities: Error: timeout exceeded when trying to connect
api-1  |     at /app/node_modules/pg-pool/index.js:45:11
api-1  |     at async /app/app.js:59:20
api-1  | {"timestamp":"2026-02-15T19:48:16.655Z","method":"GET","url":"/api/cities","clientIp":"::ffff:172.18.0.1","host":"localhost:3000","status":500,"durationMs":103.543}
api-1  | Error fetching data from /api/cities: Error: timeout exceeded when trying to connect
api-1  |     at /app/node_modules/pg-pool/index.js:45:11
api-1  |     at async /app/app.js:59:20
api-1  | {"timestamp":"2026-02-15T19:48:16.730Z","method":"GET","url":"/api/cities","clientIp":"::ffff:172.18.0.1","host":"localhost:3000","status":500,"durationMs":101.842}
api-1  | Error fetching data from /api/cities: Error: timeout exceeded when trying to connect
api-1  |     at /app/node_modules/pg-pool/index.js:45:11
api-1  |     at async /app/app.js:59:20
api-1  | {"timestamp":"2026-02-15T19:48:16.738Z","method":"GET","url":"/api/cities","clientIp":"::ffff:172.18.0.1","host":"localhost:3000","status":500,"durationMs":100.608}
api-1  | Error fetching data from /api/cities: Error: timeout exceeded when trying to connect
api-1  |     at /app/node_modules/pg-pool/index.js:45:11
api-1  |     at runNextTicks (node:internal/process/task_queues:65:5)
api-1  |     at listOnTimeout (node:internal/timers:567:9)
api-1  |     at process.processTimers (node:internal/timers:541:7)
api-1  |     at async /app/app.js:59:20
api-1  | {"timestamp":"2026-02-15T19:48:16.742Z","method":"GET","url":"/api/cities","clientIp":"::ffff:172.18.0.1","host":"localhost:3000","status":500,"durationMs":101.674}
api-1  | Error fetching data from /api/cities: Error: timeout exceeded when trying to connect
api-1  |     at /app/node_modules/pg-pool/index.js:45:11
api-1  |     at async /app/app.js:59:20
api-1  | {"timestamp":"2026-02-15T19:48:16.742Z","method":"GET","url":"/api/cities","clientIp":"::ffff:172.18.0.1","host":"localhost:3000","status":500,"durationMs":100.895}
api-1  | Error fetching data from /api/cities: Error: timeout exceeded when trying to connect
api-1  |     at /app/node_modules/pg-pool/index.js:45:11
api-1  |     at runNextTicks (node:internal/process/task_queues:65:5)
api-1  |     at listOnTimeout (node:internal/timers:567:9)
api-1  |     at process.processTimers (node:internal/timers:541:7)
api-1  |     at async /app/app.js:59:20
api-1  | {"timestamp":"2026-02-15T19:48:16.744Z","method":"GET","url":"/api/cities","clientIp":"::ffff:172.18.0.1","host":"localhost:3000","status":500,"durationMs":101.701}
api-1  | Error fetching data from /api/cities: Error: timeout exceeded when trying to connect
api-1  |     at /app/node_modules/pg-pool/index.js:45:11
api-1  |     at runNextTicks (node:internal/process/task_queues:65:5)
api-1  |     at listOnTimeout (node:internal/timers:567:9)
api-1  |     at process.processTimers (node:internal/timers:541:7)
api-1  |     at async /app/app.js:59:20
api-1  | {"timestamp":"2026-02-15T19:48:16.744Z","method":"GET","url":"/api/cities","clientIp":"::ffff:172.18.0.1","host":"localhost:3000","status":500,"durationMs":101.933}
api-1  | Error fetching data from /api/cities: Error: timeout exceeded when trying to connect
api-1  |     at /app/node_modules/pg-pool/index.js:45:11
api-1  |     at async /app/app.js:59:20
api-1  | {"timestamp":"2026-02-15T19:48:16.745Z","method":"GET","url":"/api/cities","clientIp":"::ffff:172.18.0.1","host":"localhost:3000","status":500,"durationMs":102.667}
api-1  | Error fetching data from /api/cities: Error: timeout exceeded when trying to connect
api-1  |     at /app/node_modules/pg-pool/index.js:45:11
api-1  |     at async /app/app.js:59:20
api-1  | {"timestamp":"2026-02-15T19:48:16.755Z","method":"GET","url":"/api/cities","clientIp":"::ffff:172.18.0.1","host":"localhost:3000","status":500,"durationMs":101.678}
api-1  | Error fetching data from /api/cities: Error: timeout exceeded when trying to connect
api-1  |     at /app/node_modules/pg-pool/index.js:45:11
api-1  |     at runNextTicks (node:internal/process/task_queues:65:5)
api-1  |     at listOnTimeout (node:internal/timers:567:9)
api-1  |     at process.processTimers (node:internal/timers:541:7)
api-1  |     at async /app/app.js:59:20
api-1  | Error fetching data from /api/cities: Error: timeout exceeded when trying to connect
api-1  |     at /app/node_modules/pg-pool/index.js:45:11
api-1  |     at async /app/app.js:59:20
api-1  | {"timestamp":"2026-02-15T19:48:16.757Z","method":"GET","url":"/api/cities","clientIp":"::ffff:172.18.0.1","host":"localhost:3000","status":500,"durationMs":100.694}
api-1  | {"timestamp":"2026-02-15T19:48:16.757Z","method":"GET","url":"/api/cities","clientIp":"::ffff:172.18.0.1","host":"localhost:3000","status":500,"durationMs":100.95}
api-1  | Error fetching data from /api/cities: Error: timeout exceeded when trying to connect
api-1  |     at /app/node_modules/pg-pool/index.js:45:11
api-1  |     at async /app/app.js:59:20
api-1  | Error fetching data from /api/cities: Error: timeout exceeded when trying to connect
api-1  |     at /app/node_modules/pg-pool/index.js:45:11
api-1  |     at async /app/app.js:59:20
api-1  | Error fetching data from /api/cities: Error: timeout exceeded when trying to connect
api-1  |     at /app/node_modules/pg-pool/index.js:45:11
api-1  |     at async /app/app.js:59:20
api-1  | Error fetching data from /api/cities: Error: timeout exceeded when trying to connect
api-1  |     at /app/node_modules/pg-pool/index.js:45:11
api-1  |     at runNextTicks (node:internal/process/task_queues:65:5)
api-1  |     at listOnTimeout (node:internal/timers:567:9)
api-1  |     at process.processTimers (node:internal/timers:541:7)
api-1  |     at async /app/app.js:59:20
api-1  | Error fetching data from /api/cities: Error: timeout exceeded when trying to connect
api-1  |     at /app/node_modules/pg-pool/index.js:45:11
api-1  |     at runNextTicks (node:internal/process/task_queues:65:5)
api-1  |     at listOnTimeout (node:internal/timers:567:9)
api-1  |     at process.processTimers (node:internal/timers:541:7)
api-1  |     at async /app/app.js:59:20
api-1  | Error fetching data from /api/cities: Error: timeout exceeded when trying to connect
api-1  |     at /app/node_modules/pg-pool/index.js:45:11
api-1  |     at runNextTicks (node:internal/process/task_queues:65:5)
api-1  |     at listOnTimeout (node:internal/timers:567:9)
api-1  |     at process.processTimers (node:internal/timers:541:7)
api-1  |     at async /app/app.js:59:20
api-1  | Error fetching data from /api/cities: Error: timeout exceeded when trying to connect
api-1  |     at /app/node_modules/pg-pool/index.js:45:11
api-1  |     at async /app/app.js:59:20
api-1  | Error fetching data from /api/cities: Error: timeout exceeded when trying to connect
api-1  |     at /app/node_modules/pg-pool/index.js:45:11
api-1  |     at async /app/app.js:59:20
api-1  | Error fetching data from /api/cities: Error: timeout exceeded when trying to connect
api-1  |     at /app/node_modules/pg-pool/index.js:45:11
api-1  |     at runNextTicks (node:internal/process/task_queues:65:5)
api-1  |     at listOnTimeout (node:internal/timers:567:9)
api-1  |     at process.processTimers (node:internal/timers:541:7)
api-1  |     at async /app/app.js:59:20
api-1  | Error fetching data from /api/cities: Error: timeout exceeded when trying to connect
api-1  |     at /app/node_modules/pg-pool/index.js:45:11
api-1  |     at async /app/app.js:59:20
ubuntu@ip-10-0-6-115:~/example-nodejs-api$ docker compose logs db
db-1  | The files belonging to this database system will be owned by user "postgres".
db-1  | This user must also own the server process.
db-1  |
db-1  | The database cluster will be initialized with locale "en_US.utf8".
db-1  | The default database encoding has accordingly been set to "UTF8".
db-1  | The default text search configuration will be set to "english".
db-1  |
db-1  | Data page checksums are enabled.
db-1  |
db-1  | fixing permissions on existing directory /var/lib/postgresql/18/docker ... ok
db-1  | creating subdirectories ... ok
db-1  | selecting dynamic shared memory implementation ... posix
db-1  | selecting default "max_connections" ... 100
db-1  | selecting default "shared_buffers" ... 128MB
db-1  | selecting default time zone ... UTC
db-1  | creating configuration files ... ok
db-1  | running bootstrap script ... ok
db-1  | sh: locale: not found
db-1  | 2026-02-15 19:47:09.587 UTC [37] WARNING:  no usable system locales were found
db-1  | performing post-bootstrap initialization ... ok
db-1  | syncing data to disk ... ok
db-1  |
db-1  |
db-1  | Success. You can now start the database server using:
db-1  |
db-1  |     pg_ctl -D /var/lib/postgresql/18/docker -l logfile start
db-1  | initdb: warning: enabling "trust" authentication for local connections
db-1  |
db-1  | initdb: hint: You can change this by editing pg_hba.conf or using the option -A, or --auth-local and --auth-host, the next time you run initdb.
db-1  | waiting for server to start....2026-02-15 19:47:10.658 UTC [43] LOG:  starting PostgreSQL 18.1 on x86_64-pc-linux-musl, compiled by gcc (Alpine 15.2.0) 15.2.0, 64-bit
db-1  | 2026-02-15 19:47:10.661 UTC [43] LOG:  listening on Unix socket "/var/run/postgresql/.s.PGSQL.5432"
db-1  | 2026-02-15 19:47:10.672 UTC [49] LOG:  database system was shut down at 2026-02-15 19:47:10 UTC
db-1  | 2026-02-15 19:47:10.680 UTC [43] LOG:  database system is ready to accept connections
db-1  |  done
db-1  | server started
db-1  | CREATE DATABASE
db-1  |
db-1  |
db-1  | /usr/local/bin/docker-entrypoint.sh: running /docker-entrypoint-initdb.d/init_db.sql
db-1  | CREATE TABLE
db-1  | INSERT 0 10
db-1  |
db-1  |
db-1  | 2026-02-15 19:47:10.924 UTC [43] LOG:  received fast shutdown request
db-1  | waiting for server to shut down....2026-02-15 19:47:10.926 UTC [43] LOG:  aborting any active transactions
db-1  | 2026-02-15 19:47:10.939 UTC [43] LOG:  background worker "logical replication launcher" (PID 52) exited with exit code 1
db-1  | 2026-02-15 19:47:10.940 UTC [47] LOG:  shutting down
db-1  | 2026-02-15 19:47:10.942 UTC [47] LOG:  checkpoint starting: shutdown immediate
db-1  | 2026-02-15 19:47:10.994 UTC [47] LOG:  checkpoint complete: wrote 953 buffers (5.8%), wrote 3 SLRU buffers; 0 WAL file(s) added, 0 removed, 0 recycled; write=0.037 s, sync=0.007 s, total=0.054 s; sync files=308, longest=0.002 s, average=0.001 s; distance=4377 kB, estimate=4377 kB; lsn=0/1BA5768, redo lsn=0/1BA5768
db-1  | 2026-02-15 19:47:11.019 UTC [43] LOG:  database system is shut down
db-1  |  done
db-1  | server stopped
db-1  |
db-1  | PostgreSQL init process complete; ready for start up.
db-1  |
db-1  | 2026-02-15 19:47:11.063 UTC [1] LOG:  starting PostgreSQL 18.1 on x86_64-pc-linux-musl, compiled by gcc (Alpine 15.2.0) 15.2.0, 64-bit
db-1  | 2026-02-15 19:47:11.064 UTC [1] LOG:  listening on IPv4 address "0.0.0.0", port 5432
db-1  | 2026-02-15 19:47:11.064 UTC [1] LOG:  listening on IPv6 address "::", port 5432
db-1  | 2026-02-15 19:47:11.067 UTC [1] LOG:  listening on Unix socket "/var/run/postgresql/.s.PGSQL.5432"
db-1  | 2026-02-15 19:47:11.077 UTC [67] LOG:  database system was shut down at 2026-02-15 19:47:10 UTC
db-1  | 2026-02-15 19:47:11.084 UTC [1] LOG:  database system is ready to accept connections
ubuntu@ip-10-0-6-115:~/example-nodejs-api$ docker compose exec db psql -U abc -c "SHOW max_connections;"
psql: error: connection to server on socket "/var/run/postgresql/.s.PGSQL.5432" failed: FATAL:  database "abc" does not exist
ubuntu@ip-10-0-6-115:~/example-nodejs-api$ docker compose exec db psql -d mydatabase -U abc -c "SHOW max_connections;"
 max_connections
-----------------
 100
(1 row)

ubuntu@ip-10-0-6-115:~/example-nodejs-api$ ls -lah
total 88K
drwxrwxr-x 3 ubuntu ubuntu 4.0K Feb 15 19:46 .
drwxr-x--- 9 ubuntu ubuntu 4.0K Feb 15 19:16 ..
drwxrwxr-x 8 ubuntu ubuntu 4.0K Feb  5 07:28 .git
-rw-rw-r-- 1 ubuntu ubuntu   19 Feb  5 07:28 .gitignore
-rw-rw-r-- 1 ubuntu ubuntu  116 Feb  5 07:28 Dockerfile
-rw-rw-r-- 1 ubuntu ubuntu 3.9K Feb  5 07:28 README.md
-rw-rw-r-- 1 ubuntu ubuntu 2.2K Feb  5 07:28 app.js
-rw-rw-r-- 1 ubuntu ubuntu  757 Feb 15 19:46 docker-compose.yml
-rw-rw-r-- 1 ubuntu ubuntu  567 Feb  5 07:28 init_db.sql
-rw-rw-r-- 1 ubuntu ubuntu  47K Feb  5 07:28 package-lock.json
-rw-rw-r-- 1 ubuntu ubuntu  435 Feb  5 07:28 package.json
ubuntu@ip-10-0-6-115:~/example-nodejs-api$ cat app.js
require('dotenv').config();
const express = require('express');
const { Pool } = require('pg');

const app = express();
const port = process.env.PORT || 3000;

// PostgreSQL Connection Pool
const pool = new Pool({
  user: process.env.DB_USER,
  host: process.env.DB_HOST,
  database: process.env.DB_NAME,
  password: process.env.DB_PASSWORD,
  port: process.env.DB_PORT,
  max: 50,
  idleTimeoutMillis: 100,
  connectionTimeoutMillis: 100
});

app.use((req, res, next) => {
  const start = process.hrtime();

  res.on('finish', () => {
    const [seconds, nanoseconds] = process.hrtime(start);
    const durationInMilliseconds = seconds * 1000 + nanoseconds / 1e6;

    const logEntry = {
      timestamp: new Date().toISOString(),
      method: req.method,
      url: req.originalUrl,
      clientIp: req.headers['x-forwarded-for'] || req.socket.remoteAddress,
      host: req.headers.host,
      status: res.statusCode,
      durationMs: parseFloat(durationInMilliseconds.toFixed(3)),
      userAgent: req.get('user-agent') // Optional: useful for debugging
    };

    console.log(JSON.stringify(logEntry));
  });

  next();
});

// Root path - checks database connection
app.get('/', async (req, res) => {
  try {

    await pool.query('SELECT NOW()');
    res.status(200).json({ message: 'Database connection successful', status: 'OK' });
  } catch (err) {
    console.error('Database connection error:', err);
    res.status(500).json({ message: 'Database connection failed', status: 'Error', error: err.message });
  }
});

// API endpoint /api/cities
app.get('/api/cities', async (req, res) => {
  try {
    const client = await pool.connect(); // never released
    const result = await client.query("SELECT * FROM cities");
    res.status(200).json(result.rows);
  } catch (err) {
    console.error('Error fetching data from /api/cities:', err);
    res.status(500).json({ message: 'Error fetching cities data', error: err.message });
  }
});

// Start the server
app.listen(port, () => {
  console.log(`Server running on port ${port}`);
});

// Handle graceful shutdown
process.on('SIGINT', async () => {
  console.log('Closing PostgreSQL pool and exiting...');
  await pool.end();
  process.exit(0);
});
ubuntu@ip-10-0-6-115:~/example-nodejs-api$ nano app.js
ubuntu@ip-10-0-6-115:~/example-nodejs-api$ nano app.js
ubuntu@ip-10-0-6-115:~/example-nodejs-api$ docker compose down
docker compose up --build -d
[+] down 3/3
 ✔ Container example-nodejs-api-api-1 Removed                                                                                                                                                                0.7s
 ✔ Container example-nodejs-api-db-1  Removed                                                                                                                                                                0.2s
 ✔ Network example-nodejs-api_default Removed                                                                                                                                                                0.1s
[+] Building 0.6s (12/12) FINISHED
 => [internal] load local bake definitions                                                                                                                                                                  0.0s
 => => reading from stdin 524B                                                                                                                                                                              0.0s
 => [internal] load build definition from Dockerfile                                                                                                                                                        0.0s
 => => transferring dockerfile: 153B                                                                                                                                                                        0.0s
 => [internal] load metadata for docker.io/library/node:25-alpine3.22                                                                                                                                       0.2s
 => [internal] load .dockerignore                                                                                                                                                                           0.0s
 => => transferring context: 2B                                                                                                                                                                             0.0s
 => [1/5] FROM docker.io/library/node:25-alpine3.22@sha256:be0c5c5272d451d5faddfa4654495c530c51ab437b0d901a9c533d9635ad832a                                                                                 0.0s
 => [internal] load build context                                                                                                                                                                           0.0s
 => => transferring context: 4.58kB                                                                                                                                                                         0.0s
 => CACHED [2/5] WORKDIR /app                                                                                                                                                                               0.0s
 => CACHED [3/5] COPY package*.json ./                                                                                                                                                                      0.0s
 => CACHED [4/5] RUN npm install                                                                                                                                                                            0.0s
 => [5/5] COPY . .                                                                                                                                                                                          0.1s
 => exporting to image                                                                                                                                                                                      0.1s
 => => exporting layers                                                                                                                                                                                     0.0s
 => => writing image sha256:1c626ca94d2db362ed3f13900a0cd84f10ea78bea079b67443ad5a2da7b79dce                                                                                                                0.0s
 => => naming to docker.io/library/example-nodejs-api-api                                                                                                                                                   0.0s
 => resolving provenance for metadata file                                                                                                                                                                  0.0s
[+] up 4/4
 ✔ Image example-nodejs-api-api       Built                                                                                                                                                                  0.7s
 ✔ Network example-nodejs-api_default Created                                                                                                                                                                0.1s
 ✔ Container example-nodejs-api-db-1  Created                                                                                                                                                                0.1s
 ✔ Container example-nodejs-api-api-1 Created                                                                                                                                                                0.0s
ubuntu@ip-10-0-6-115:~/example-nodejs-api$ npx autocannon -c 10 -d 5 --renderStatusCodes http://localhost:3000/api/cities
Running 5s test @ http://localhost:3000/api/cities
10 connections


┌─────────┬────────┬────────┬────────┬────────┬──────────┬──────────┬────────┐
│ Stat    │ 2.5%   │ 50%    │ 97.5%  │ 99%    │ Avg      │ Stdev    │ Max    │
├─────────┼────────┼────────┼────────┼────────┼──────────┼──────────┼────────┤
│ Latency │ 233 ms │ 253 ms │ 266 ms │ 266 ms │ 251.8 ms │ 10.22 ms │ 266 ms │
└─────────┴────────┴────────┴────────┴────────┴──────────┴──────────┴────────┘
┌───────────┬─────┬──────┬─────┬─────────┬─────────┬─────────┬─────────┐
│ Stat      │ 1%  │ 2.5% │ 50% │ 97.5%   │ Avg     │ Stdev   │ Min     │
├───────────┼─────┼──────┼─────┼─────────┼─────────┼─────────┼─────────┤
│ Req/Sec   │ 0   │ 0    │ 0   │ 10      │ 2       │ 4       │ 10      │
├───────────┼─────┼──────┼─────┼─────────┼─────────┼─────────┼─────────┤
│ Bytes/Sec │ 0 B │ 0 B  │ 0 B │ 9.37 kB │ 1.87 kB │ 3.75 kB │ 9.36 kB │
└───────────┴─────┴──────┴─────┴─────────┴─────────┴─────────┴─────────┘
┌──────┬───────┐
│ Code │ Count │
├──────┼───────┤
│ 200  │ 10    │
└──────┴───────┘

Req/Bytes counts sampled once per second.
# of samples: 5

20 requests in 5.04s, 9.36 kB read
ubuntu@ip-10-0-6-115:~/example-nodejs-api$
